Archive member included to satisfy reference by file (symbol)

c:/program files (x86)/atmel/studio/7.0/toolchain/avr8/avr8-gnu-toolchain/bin/../lib/gcc/avr/5.4.0/avr51\libgcc.a(_exit.o)
                              C:/Program Files (x86)/Atmel/Studio/7.0/Packs/Atmel/ATmega_DFP/1.7.374/gcc/dev/at90usb1287/avr51/crtat90usb1287.o (exit)
c:/program files (x86)/atmel/studio/7.0/toolchain/avr8/avr8-gnu-toolchain/bin/../lib/gcc/avr/5.4.0/avr51\libgcc.a(_copy_data.o)
                              Lib/Ethernet.o (__do_copy_data)
c:/program files (x86)/atmel/studio/7.0/toolchain/avr8/avr8-gnu-toolchain/bin/../lib/gcc/avr/5.4.0/avr51\libgcc.a(_clear_bss.o)
                              Lib/TCP.o (__do_clear_bss)
c:/program files (x86)/atmel/studio/7.0/toolchain/avr8/avr8-gnu-toolchain/bin/../lib/gcc/avr/5.4.0/../../../../avr/lib/avr51\libc.a(memcpy_P.o)
                              src/LUFA/LUFA/Drivers/USB/Class/Device/RNDISClassDevice.o (memcpy_P)
c:/program files (x86)/atmel/studio/7.0/toolchain/avr8/avr8-gnu-toolchain/bin/../lib/gcc/avr/5.4.0/../../../../avr/lib/avr51\libc.a(strcpy_P.o)
                              Lib/Webserver.o (strcpy_P)
c:/program files (x86)/atmel/studio/7.0/toolchain/avr8/avr8-gnu-toolchain/bin/../lib/gcc/avr/5.4.0/../../../../avr/lib/avr51\libc.a(strlen_P.o)
                              Lib/Webserver.o (__strlen_P)
c:/program files (x86)/atmel/studio/7.0/toolchain/avr8/avr8-gnu-toolchain/bin/../lib/gcc/avr/5.4.0/../../../../avr/lib/avr51\libc.a(strncpy_P.o)
                              Lib/Webserver.o (strncpy_P)
c:/program files (x86)/atmel/studio/7.0/toolchain/avr8/avr8-gnu-toolchain/bin/../lib/gcc/avr/5.4.0/../../../../avr/lib/avr51\libc.a(memcmp.o)
                              Lib/ARP.o (memcmp)
c:/program files (x86)/atmel/studio/7.0/toolchain/avr8/avr8-gnu-toolchain/bin/../lib/gcc/avr/5.4.0/../../../../avr/lib/avr51\libc.a(memcpy.o)
                              Lib/TCP.o (memcpy)
c:/program files (x86)/atmel/studio/7.0/toolchain/avr8/avr8-gnu-toolchain/bin/../lib/gcc/avr/5.4.0/../../../../avr/lib/avr51\libc.a(memmove.o)
                              Lib/DHCP.o (memmove)
c:/program files (x86)/atmel/studio/7.0/toolchain/avr8/avr8-gnu-toolchain/bin/../lib/gcc/avr/5.4.0/../../../../avr/lib/avr51\libc.a(memset.o)
                              src/LUFA/LUFA/Drivers/USB/Class/Device/HIDClassDevice.o (memset)
c:/program files (x86)/atmel/studio/7.0/toolchain/avr8/avr8-gnu-toolchain/bin/../lib/gcc/avr/5.4.0/../../../../avr/lib/avr51\libc.a(strncmp.o)
                              Lib/Webserver.o (strncmp)
c:/program files (x86)/atmel/studio/7.0/toolchain/avr8/avr8-gnu-toolchain/bin/../lib/gcc/avr/5.4.0/../../../../avr/lib/avr51\libc.a(iob.o)
                              src/LUFA/LUFA/Drivers/Peripheral/AVR8/Serial_AVR8.o (__iob)
C:/Program Files (x86)/Atmel/Studio/7.0/Packs/Atmel/ATmega_DFP/1.7.374/gcc/dev/at90usb1287/avr51\libat90usb1287.a(eerd_byte.o)
                              src/LUFA/LUFA/Drivers/USB/Core/AVR8/EndpointStream_AVR8.o (eeprom_read_byte)
C:/Program Files (x86)/Atmel/Studio/7.0/Packs/Atmel/ATmega_DFP/1.7.374/gcc/dev/at90usb1287/avr51\libat90usb1287.a(eeupd_byte.o)
                              src/LUFA/LUFA/Drivers/USB/Core/AVR8/EndpointStream_AVR8.o (eeprom_update_byte)

Allocating common symbols
Common symbol       size              file

ConnectionStateTable
                    0x642             Lib/TCP.o
USB_IsInitialized   0x1               src/LUFA/LUFA/Drivers/USB/Core/USBTask.o
PortStateTable      0x5               Lib/TCP.o
USB_DeviceState     0x1               src/LUFA/LUFA/Drivers/USB/Core/USBTask.o
USB_Device_ConfigurationNumber
                    0x1               src/LUFA/LUFA/Drivers/USB/Core/DeviceStandardReq.o
USB_Device_CurrentlySelfPowered
                    0x1               src/LUFA/LUFA/Drivers/USB/Core/DeviceStandardReq.o
USARTSerialStream   0xe               src/LUFA/LUFA/Drivers/Peripheral/AVR8/Serial_AVR8.o
USB_ControlRequest  0x8               src/LUFA/LUFA/Drivers/USB/Core/USBTask.o
USB_Device_RemoteWakeupEnabled
                    0x1               src/LUFA/LUFA/Drivers/USB/Core/DeviceStandardReq.o
__iob               0x6               c:/program files (x86)/atmel/studio/7.0/toolchain/avr8/avr8-gnu-toolchain/bin/../lib/gcc/avr/5.4.0/../../../../avr/lib/avr51\libc.a(iob.o)

Discarded input sections

 .data          0x00000000        0x0 C:/Program Files (x86)/Atmel/Studio/7.0/Packs/Atmel/ATmega_DFP/1.7.374/gcc/dev/at90usb1287/avr51/crtat90usb1287.o
 .bss           0x00000000        0x0 C:/Program Files (x86)/Atmel/Studio/7.0/Packs/Atmel/ATmega_DFP/1.7.374/gcc/dev/at90usb1287/avr51/crtat90usb1287.o
 .group         0x00000000        0x8 Descriptors.o
 .group         0x00000000        0x8 Descriptors.o
 .group         0x00000000        0x8 Descriptors.o
 .group         0x00000000        0x8 Descriptors.o
 .group         0x00000000        0x8 Descriptors.o
 .group         0x00000000        0x8 Descriptors.o
[...]
Memory Configuration

Name             Origin             Length             Attributes
text             0x00000000         0x00020000         xr
data             0x00800100         0x00002000         rw !x
eeprom           0x00810000         0x00001000         rw !x
fuse             0x00820000         0x00000003         rw !x
lock             0x00830000         0x00000400         rw !x
signature        0x00840000         0x00000400         rw !x
user_signatures  0x00850000         0x00000400         rw !x
*default*        0x00000000         0xffffffff

Linker script and memory map

Address of section .data set to 0x800100
LOAD C:/Program Files (x86)/Atmel/Studio/7.0/Packs/Atmel/ATmega_DFP/1.7.374/gcc/dev/at90usb1287/avr51/crtat90usb1287.o
LOAD Descriptors.o
LOAD Lib/ARP.o
LOAD Lib/DHCP.o
LOAD Lib/Ethernet.o
LOAD Lib/ICMP.o
LOAD Lib/IP.o
LOAD Lib/ProtocolDecoders.o
LOAD Lib/TCP.o
LOAD Lib/UDP.o
LOAD Lib/Webserver.o
LOAD RNDISEthernet.o
LOAD src/LUFA/LUFA/Drivers/Peripheral/AVR8/Serial_AVR8.o
LOAD src/LUFA/LUFA/Drivers/USB/Class/Common/HIDParser.o
LOAD src/LUFA/LUFA/Drivers/USB/Class/Device/AudioClassDevice.o
LOAD src/LUFA/LUFA/Drivers/USB/Class/Device/CDCClassDevice.o
LOAD src/LUFA/LUFA/Drivers/USB/Class/Device/HIDClassDevice.o
LOAD src/LUFA/LUFA/Drivers/USB/Class/Device/MassStorageClassDevice.o
LOAD src/LUFA/LUFA/Drivers/USB/Class/Device/MIDIClassDevice.o
LOAD src/LUFA/LUFA/Drivers/USB/Class/Device/PrinterClassDevice.o
LOAD src/LUFA/LUFA/Drivers/USB/Class/Device/RNDISClassDevice.o
LOAD src/LUFA/LUFA/Drivers/USB/Class/Host/AndroidAccessoryClassHost.o
LOAD src/LUFA/LUFA/Drivers/USB/Class/Host/AudioClassHost.o
LOAD src/LUFA/LUFA/Drivers/USB/Class/Host/CDCClassHost.o
LOAD src/LUFA/LUFA/Drivers/USB/Class/Host/HIDClassHost.o
LOAD src/LUFA/LUFA/Drivers/USB/Class/Host/MassStorageClassHost.o
LOAD src/LUFA/LUFA/Drivers/USB/Class/Host/MIDIClassHost.o
LOAD src/LUFA/LUFA/Drivers/USB/Class/Host/PrinterClassHost.o
LOAD src/LUFA/LUFA/Drivers/USB/Class/Host/RNDISClassHost.o
LOAD src/LUFA/LUFA/Drivers/USB/Class/Host/StillImageClassHost.o
LOAD src/LUFA/LUFA/Drivers/USB/Core/AVR8/Device_AVR8.o
LOAD src/LUFA/LUFA/Drivers/USB/Core/AVR8/EndpointStream_AVR8.o
LOAD src/LUFA/LUFA/Drivers/USB/Core/AVR8/Endpoint_AVR8.o
LOAD src/LUFA/LUFA/Drivers/USB/Core/AVR8/Host_AVR8.o
LOAD src/LUFA/LUFA/Drivers/USB/Core/AVR8/PipeStream_AVR8.o
LOAD src/LUFA/LUFA/Drivers/USB/Core/AVR8/Pipe_AVR8.o
LOAD src/LUFA/LUFA/Drivers/USB/Core/AVR8/Template/Template_Endpoint_Control_R.o
LOAD src/LUFA/LUFA/Drivers/USB/Core/AVR8/Template/Template_Endpoint_Control_W.o
LOAD src/LUFA/LUFA/Drivers/USB/Core/AVR8/Template/Template_Endpoint_RW.o
LOAD src/LUFA/LUFA/Drivers/USB/Core/AVR8/Template/Template_Pipe_RW.o
LOAD src/LUFA/LUFA/Drivers/USB/Core/AVR8/USBController_AVR8.o
LOAD src/LUFA/LUFA/Drivers/USB/Core/AVR8/USBInterrupt_AVR8.o
LOAD src/LUFA/LUFA/Drivers/USB/Core/ConfigDescriptors.o
LOAD src/LUFA/LUFA/Drivers/USB/Core/DeviceStandardReq.o
LOAD src/LUFA/LUFA/Drivers/USB/Core/Events.o
LOAD src/LUFA/LUFA/Drivers/USB/Core/HostStandardReq.o
LOAD src/LUFA/LUFA/Drivers/USB/Core/USBTask.o
START GROUP
LOAD c:/program files (x86)/atmel/studio/7.0/toolchain/avr8/avr8-gnu-toolchain/bin/../lib/gcc/avr/5.4.0/../../../../avr/lib/avr51\libm.a
END GROUP
START GROUP
LOAD c:/program files (x86)/atmel/studio/7.0/toolchain/avr8/avr8-gnu-toolchain/bin/../lib/gcc/avr/5.4.0/avr51\libgcc.a
LOAD c:/program files (x86)/atmel/studio/7.0/toolchain/avr8/avr8-gnu-toolchain/bin/../lib/gcc/avr/5.4.0/../../../../avr/lib/avr51\libm.a
LOAD c:/program files (x86)/atmel/studio/7.0/toolchain/avr8/avr8-gnu-toolchain/bin/../lib/gcc/avr/5.4.0/../../../../avr/lib/avr51\libc.a
LOAD C:/Program Files (x86)/Atmel/Studio/7.0/Packs/Atmel/ATmega_DFP/1.7.374/gcc/dev/at90usb1287/avr51\libat90usb1287.a
END GROUP
                0x00000000                __TEXT_REGION_ORIGIN__ = DEFINED (__TEXT_REGION_ORIGIN__)?__TEXT_REGION_ORIGIN__:0x0
                [0x00800100]                __DATA_REGION_ORIGIN__ = DEFINED (__DATA_REGION_ORIGIN__)?__DATA_REGION_ORIGIN__:0x800100
                [0x00020000]                __TEXT_REGION_LENGTH__ = DEFINED (__TEXT_REGION_LENGTH__)?__TEXT_REGION_LENGTH__:0x20000
                [0x00002000]                __DATA_REGION_LENGTH__ = DEFINED (__DATA_REGION_LENGTH__)?__DATA_REGION_LENGTH__:0xff00
                [0x00001000]                __EEPROM_REGION_LENGTH__ = DEFINED (__EEPROM_REGION_LENGTH__)?__EEPROM_REGION_LENGTH__:0x10000
                [0x00000003]                __FUSE_REGION_LENGTH__ = DEFINED (__FUSE_REGION_LENGTH__)?__FUSE_REGION_LENGTH__:0x400
                0x00000400                __LOCK_REGION_LENGTH__ = DEFINED (__LOCK_REGION_LENGTH__)?__LOCK_REGION_LENGTH__:0x400
                0x00000400                __SIGNATURE_REGION_LENGTH__ = DEFINED (__SIGNATURE_REGION_LENGTH__)?__SIGNATURE_REGION_LENGTH__:0x400
                0x00000400                __USER_SIGNATURE_REGION_LENGTH__ = DEFINED (__USER_SIGNATURE_REGION_LENGTH__)?__USER_SIGNATURE_REGION_LENGTH__:0x400

.hash
 *(.hash)

.dynsym
 *(.dynsym)

.dynstr
 *(.dynstr)

.gnu.version
 *(.gnu.version)

.gnu.version_d
 *(.gnu.version_d)

.gnu.version_r
 *(.gnu.version_r)

.rel.init
 *(.rel.init)

.rela.init
 *(.rela.init)

.rel.text
 *(.rel.text)
 *(.rel.text.*)
 *(.rel.gnu.linkonce.t*)

.rela.text
 *(.rela.text)
 *(.rela.text.*)
 *(.rela.gnu.linkonce.t*)

.rel.fini
 *(.rel.fini)

.rela.fini
 *(.rela.fini)

.rel.rodata
 *(.rel.rodata)
 *(.rel.rodata.*)
 *(.rel.gnu.linkonce.r*)

.rela.rodata
 *(.rela.rodata)
 *(.rela.rodata.*)
 *(.rela.gnu.linkonce.r*)

.rel.data
 *(.rel.data)
 *(.rel.data.*)
 *(.rel.gnu.linkonce.d*)

.rela.data
 *(.rela.data)
 *(.rela.data.*)
 *(.rela.gnu.linkonce.d*)

.rel.ctors
 *(.rel.ctors)

.rela.ctors
 *(.rela.ctors)

.rel.dtors
 *(.rel.dtors)

.rela.dtors
 *(.rela.dtors)

.rel.got
 *(.rel.got)

.rela.got
 *(.rela.got)

.rel.bss
 *(.rel.bss)

.rela.bss
 *(.rela.bss)

.rel.plt
 *(.rel.plt)

.rela.plt
 *(.rela.plt)

.text           0x00000000     0x2f72
 *(.vectors)
 .vectors       0x00000000       0x98 C:/Program Files (x86)/Atmel/Studio/7.0/Packs/Atmel/ATmega_DFP/1.7.374/gcc/dev/at90usb1287/avr51/crtat90usb1287.o
                0x00000000                __vector_default
                0x00000000                __vectors
 *(.vectors)
 *(.progmem.gcc*)
                0x00000098                . = ALIGN (0x2)
                0x00000098                __trampolines_start = .
 *(.trampolines)
 .trampolines   0x00000098        0x0 linker stubs
 *(.trampolines*)
                0x00000098                __trampolines_end = .
 *libprintf_flt.a:*(.progmem.data)
 *libc.a:*(.progmem.data)
 *(.progmem*)
 .progmem.data.ProductString
                0x00000098       0x2a Descriptors.o
                0x00000098                ProductString
 .progmem.data.ManufacturerString
                0x000000c2       0x1a Descriptors.o
                0x000000c2                ManufacturerString
 .progmem.data.LanguageString
                0x000000dc        0x4 Descriptors.o
                0x000000dc                LanguageString
 .progmem.data.ConfigurationDescriptor
                0x000000e0       0x3e Descriptors.o
                0x000000e0                ConfigurationDescriptor
 .progmem.data.DeviceDescriptor
                0x0000011e       0x12 Descriptors.o
                0x0000011e                DeviceDescriptor
 .progmem.data.HTTPPage
                0x00000130      0x1f0 Lib/Webserver.o
                0x00000130                HTTPPage
 .progmem.data.HTTP404Header
                0x00000320       0x42 Lib/Webserver.o
                0x00000320                HTTP404Header
 .progmem.data.HTTP200Header
                0x00000362       0x54 Lib/Webserver.o
                0x00000362                HTTP200Header
 .progmem.data.AdapterSupportedOIDList
                0x000003b6       0x6c src/LUFA/LUFA/Drivers/USB/Class/Device/RNDISClassDevice.o
                0x00000422                . = ALIGN (0x2)
 *(.jumptables)
 *(.jumptables*)
 *(.lowtext)
 *(.lowtext*)
                0x00000422                __ctors_start = .
 *(.ctors)
                0x00000422                __ctors_end = .
                0x00000422                __dtors_start = .
 *(.dtors)
                0x00000422                __dtors_end = .
 SORT(*)(.ctors)
 SORT(*)(.dtors)
 *(.init0)
 .init0         0x00000422        0x0 C:/Program Files (x86)/Atmel/Studio/7.0/Packs/Atmel/ATmega_DFP/1.7.374/gcc/dev/at90usb1287/avr51/crtat90usb1287.o
                0x00000422                __init
 *(.init0)
 *(.init1)
 *(.init1)
 *(.init2)
 .init2         0x00000422        0xc C:/Program Files (x86)/Atmel/Studio/7.0/Packs/Atmel/ATmega_DFP/1.7.374/gcc/dev/at90usb1287/avr51/crtat90usb1287.o
 *(.init2)
 *(.init3)
 *(.init3)
 *(.init4)
 .init4         0x0000042e       0x1a c:/program files (x86)/atmel/studio/7.0/toolchain/avr8/avr8-gnu-toolchain/bin/../lib/gcc/avr/5.4.0/avr51\libgcc.a(_copy_data.o)
                0x0000042e                __do_copy_data
 .init4         0x00000448       0x10 c:/program files (x86)/atmel/studio/7.0/toolchain/avr8/avr8-gnu-toolchain/bin/../lib/gcc/avr/5.4.0/avr51\libgcc.a(_clear_bss.o)
                0x00000448                __do_clear_bss
 *(.init4)
 *(.init5)
 *(.init5)
 *(.init6)
 *(.init6)
 *(.init7)
 *(.init7)
 *(.init8)
 *(.init8)
 *(.init9)
 .init9         0x00000458        0x8 C:/Program Files (x86)/Atmel/Studio/7.0/Packs/Atmel/ATmega_DFP/1.7.374/gcc/dev/at90usb1287/avr51/crtat90usb1287.o
 *(.init9)
 *(.text)
 .text          0x00000460        0x2 C:/Program Files (x86)/Atmel/Studio/7.0/Packs/Atmel/ATmega_DFP/1.7.374/gcc/dev/at90usb1287/avr51/crtat90usb1287.o
                0x00000460                __vector_22
                0x00000460                __vector_28
                0x00000460                __vector_1
                0x00000460                __vector_32
                0x00000460                __vector_34
                0x00000460                __vector_24
                0x00000460                __vector_12
                0x00000460                __bad_interrupt
                0x00000460                __vector_6
                0x00000460                __vector_31
                0x00000460                __vector_35
                0x00000460                __vector_3
                0x00000460                __vector_23
                0x00000460                __vector_30
                0x00000460                __vector_25
                0x00000460                __vector_11
                0x00000460                __vector_13
                0x00000460                __vector_17
                0x00000460                __vector_19
                0x00000460                __vector_7
                0x00000460                __vector_27
                0x00000460                __vector_5
                0x00000460                __vector_33
                0x00000460                __vector_37
                0x00000460                __vector_4
                0x00000460                __vector_9
                0x00000460                __vector_2
                0x00000460                __vector_21
                0x00000460                __vector_15
                0x00000460                __vector_36
                0x00000460                __vector_29
                0x00000460                __vector_8
                0x00000460                __vector_26
                0x00000460                __vector_14
                0x00000460                __vector_16
                0x00000460                __vector_18
                0x00000460                __vector_20
                0x00000462                . = ALIGN (0x2)
 *(.text.*)
 .text.CALLBACK_USB_GetDescriptor
                0x00000462       0x78 Descriptors.o
                0x00000462                CALLBACK_USB_GetDescriptor
 .text.ARP_ProcessARPPacket
                0x000004da       0xe8 Lib/ARP.o
                0x000004da                ARP_ProcessARPPacket
 .text.DHCP_ProcessDHCPPacket
                0x000005c2      0x1aa Lib/DHCP.o
                0x000005c2                DHCP_ProcessDHCPPacket
 .text.Ethernet_ProcessPacket
                0x0000076c       0xe6 Lib/Ethernet.o
                0x0000076c                Ethernet_ProcessPacket
 .text.Ethernet_Checksum16
                0x00000852       0x6a Lib/Ethernet.o
                0x00000852                Ethernet_Checksum16
 .text.ICMP_ProcessICMPPacket
                0x000008bc       0x80 Lib/ICMP.o
                0x000008bc                ICMP_ProcessICMPPacket
 .text.IP_ProcessIPPacket
                0x0000093c      0x12a Lib/IP.o
                0x0000093c                IP_ProcessIPPacket
 .text.DecodeEthernetFrameHeader
                0x00000a66        0x2 Lib/ProtocolDecoders.o
                0x00000a66                DecodeEthernetFrameHeader
 .text.DecodeARPHeader
                0x00000a68        0x2 Lib/ProtocolDecoders.o
                0x00000a68                DecodeARPHeader
 .text.DecodeIPHeader
                0x00000a6a        0x2 Lib/ProtocolDecoders.o
                0x00000a6a                DecodeIPHeader
 .text.DecodeICMPHeader
                0x00000a6c        0x2 Lib/ProtocolDecoders.o
                0x00000a6c                DecodeICMPHeader
 .text.DecodeTCPHeader
                0x00000a6e        0x2 Lib/ProtocolDecoders.o
                0x00000a6e                DecodeTCPHeader
 .text.DecodeUDPHeader
                0x00000a70        0x2 Lib/ProtocolDecoders.o
                0x00000a70                DecodeUDPHeader
 .text.DecodeDHCPHeader
                0x00000a72        0x2 Lib/ProtocolDecoders.o
                0x00000a72                DecodeDHCPHeader
 .text.TCP_Checksum16
                0x00000a74       0xc8 Lib/TCP.o
 .text.TCP_TCPTask
                0x00000b3c      0x284 Lib/TCP.o
                0x00000b3c                TCP_TCPTask
 .text.TCP_Init
                0x00000dc0       0x46 Lib/TCP.o
                0x00000dc0                TCP_Init
 .text.TCP_SetPortState
                0x00000e06       0xa8 Lib/TCP.o
                0x00000e06                TCP_SetPortState
 .text.TCP_GetPortState
                0x00000eae       0x48 Lib/TCP.o
                0x00000eae                TCP_GetPortState
 .text.TCP_SetConnectionState
                0x00000ef6      0x128 Lib/TCP.o
                0x00000ef6                TCP_SetConnectionState
 .text.TCP_GetConnectionState
                0x0000101e       0xbc Lib/TCP.o
                0x0000101e                TCP_GetConnectionState
 .text.TCP_GetConnectionInfo
                0x000010da       0xbc Lib/TCP.o
                0x000010da                TCP_GetConnectionInfo
 .text.TCP_ProcessTCPPacket
                0x00001196      0x4d4 Lib/TCP.o
                0x00001196                TCP_ProcessTCPPacket
 .text.UDP_ProcessUDPPacket
                0x0000166a       0x7a Lib/UDP.o
                0x0000166a                UDP_ProcessUDPPacket
 .text.IsHTTPCommand
                0x000016e4       0x20 Lib/Webserver.o
 .text.Webserver_ApplicationCallback
                0x00001704      0x208 Lib/Webserver.o
                0x00001704                Webserver_ApplicationCallback
 .text.Webserver_Init
                0x0000190c        0xe Lib/Webserver.o
                0x0000190c                Webserver_Init
 .text.SetupHardware
                0x0000191a       0x60 RNDISEthernet.o
                0x0000191a                SetupHardware
 .text.main     0x0000197a       0x62 RNDISEthernet.o
                0x0000197a                main
 .text.EVENT_USB_Device_Connect
                0x000019dc        0x2 RNDISEthernet.o
                0x000019dc                EVENT_USB_Device_Connect
 .text.EVENT_USB_Device_Disconnect
                0x000019de        0x2 RNDISEthernet.o
                0x000019de                EVENT_USB_Device_Disconnect
 .text.EVENT_USB_Device_ConfigurationChanged
                0x000019e0        0x8 RNDISEthernet.o
                0x000019e0                EVENT_USB_Device_ConfigurationChanged
 .text.EVENT_USB_Device_ControlRequest
                0x000019e8        0x8 RNDISEthernet.o
                0x000019e8                EVENT_USB_Device_ControlRequest
 .text.Serial_putchar
                0x000019f0       0x12 src/LUFA/LUFA/Drivers/Peripheral/AVR8/Serial_AVR8.o
                0x000019f0                Serial_putchar
 .text.Serial_getchar
                0x00001a02       0x24 src/LUFA/LUFA/Drivers/Peripheral/AVR8/Serial_AVR8.o
                0x00001a02                Serial_getchar
 .text.Serial_CreateStream
                0x00001a26       0x38 src/LUFA/LUFA/Drivers/Peripheral/AVR8/Serial_AVR8.o
                0x00001a26                Serial_CreateStream
 .text.RNDIS_Device_ProcessNDISSet
                0x00001a5e       0x48 src/LUFA/LUFA/Drivers/USB/Class/Device/RNDISClassDevice.o
 .text.RNDIS_Device_ProcessNDISQuery
                0x00001aa6      0x2dc src/LUFA/LUFA/Drivers/USB/Class/Device/RNDISClassDevice.o
 .text.RNDIS_Device_ProcessRNDISControlMessage
                0x00001d82      0x2f2 src/LUFA/LUFA/Drivers/USB/Class/Device/RNDISClassDevice.o
 .text.RNDIS_Device_ProcessControlRequest
                0x00002074       0xd8 src/LUFA/LUFA/Drivers/USB/Class/Device/RNDISClassDevice.o
                0x00002074                RNDIS_Device_ProcessControlRequest
 .text.RNDIS_Device_ConfigureEndpoints
                0x0000214c       0x60 src/LUFA/LUFA/Drivers/USB/Class/Device/RNDISClassDevice.o
                0x0000214c                RNDIS_Device_ConfigureEndpoints
 .text.RNDIS_Device_USBTask
                0x000021ac       0x7e src/LUFA/LUFA/Drivers/USB/Class/Device/RNDISClassDevice.o
                0x000021ac                RNDIS_Device_USBTask
 .text.RNDIS_Device_IsPacketReceived
                0x0000222a       0x2c src/LUFA/LUFA/Drivers/USB/Class/Device/RNDISClassDevice.o
                0x0000222a                RNDIS_Device_IsPacketReceived
 .text.RNDIS_Device_ReadPacket
                0x00002256       0xb6 src/LUFA/LUFA/Drivers/USB/Class/Device/RNDISClassDevice.o
                0x00002256                RNDIS_Device_ReadPacket
 .text.RNDIS_Device_SendPacket
                0x0000230c       0xd2 src/LUFA/LUFA/Drivers/USB/Class/Device/RNDISClassDevice.o
                0x0000230c                RNDIS_Device_SendPacket
 .text.Endpoint_Write_Stream_LE
                0x000023de       0x94 src/LUFA/LUFA/Drivers/USB/Core/AVR8/EndpointStream_AVR8.o
                0x000023de                Endpoint_Write_Stream_LE
 .text.Endpoint_Read_Stream_LE
                0x00002472       0x94 src/LUFA/LUFA/Drivers/USB/Core/AVR8/EndpointStream_AVR8.o
                0x00002472                Endpoint_Read_Stream_LE
 .text.Endpoint_Write_Control_Stream_LE
                0x00002506       0xd0 src/LUFA/LUFA/Drivers/USB/Core/AVR8/EndpointStream_AVR8.o
                0x00002506                Endpoint_Write_Control_Stream_LE
 .text.Endpoint_Read_Control_Stream_LE
                0x000025d6       0x8e src/LUFA/LUFA/Drivers/USB/Core/AVR8/EndpointStream_AVR8.o
                0x000025d6                Endpoint_Read_Control_Stream_LE
 .text.Endpoint_Write_Control_PStream_LE
                0x00002664       0xd2 src/LUFA/LUFA/Drivers/USB/Core/AVR8/EndpointStream_AVR8.o
                0x00002664                Endpoint_Write_Control_PStream_LE
 .text.Endpoint_ConfigureEndpoint_Prv
                0x00002736       0x68 src/LUFA/LUFA/Drivers/USB/Core/AVR8/Endpoint_AVR8.o
                0x00002736                Endpoint_ConfigureEndpoint_Prv
 .text.Endpoint_ConfigureEndpointTable
                0x0000279e       0x8c src/LUFA/LUFA/Drivers/USB/Core/AVR8/Endpoint_AVR8.o
                0x0000279e                Endpoint_ConfigureEndpointTable
 .text.Endpoint_ClearStatusStage
                0x0000282a       0x42 src/LUFA/LUFA/Drivers/USB/Core/AVR8/Endpoint_AVR8.o
                0x0000282a                Endpoint_ClearStatusStage
 .text.Endpoint_WaitUntilReady
                0x0000286c       0x74 src/LUFA/LUFA/Drivers/USB/Core/AVR8/Endpoint_AVR8.o
                0x0000286c                Endpoint_WaitUntilReady
 .text.USB_Init_Device
                0x000028e0       0x56 src/LUFA/LUFA/Drivers/USB/Core/AVR8/USBController_AVR8.o
 .text.USB_ResetInterface
                0x00002936       0x38 src/LUFA/LUFA/Drivers/USB/Core/AVR8/USBController_AVR8.o
                0x00002936                USB_ResetInterface
 .text.USB_Init
                0x0000296e       0x1e src/LUFA/LUFA/Drivers/USB/Core/AVR8/USBController_AVR8.o
                0x0000296e                USB_Init
 .text.USB_INT_DisableAllInterrupts
                0x0000298c       0x10 src/LUFA/LUFA/Drivers/USB/Core/AVR8/USBInterrupt_AVR8.o
                0x0000298c                USB_INT_DisableAllInterrupts
 .text.USB_INT_ClearAllInterrupts
                0x0000299c        0xa src/LUFA/LUFA/Drivers/USB/Core/AVR8/USBInterrupt_AVR8.o
                0x0000299c                USB_INT_ClearAllInterrupts
 .text.__vector_10
                0x000029a6      0x18c src/LUFA/LUFA/Drivers/USB/Core/AVR8/USBInterrupt_AVR8.o
                0x000029a6                __vector_10
 .text.USB_Device_GetStatus
                0x00002b32       0x60 src/LUFA/LUFA/Drivers/USB/Core/DeviceStandardReq.o
 .text.USB_Device_ClearSetFeature
                0x00002b92       0x98 src/LUFA/LUFA/Drivers/USB/Core/DeviceStandardReq.o
 .text.USB_Device_SetAddress
                0x00002c2a       0x44 src/LUFA/LUFA/Drivers/USB/Core/DeviceStandardReq.o
 .text.USB_Device_GetConfiguration
                0x00002c6e       0x1c src/LUFA/LUFA/Drivers/USB/Core/DeviceStandardReq.o
 .text.USB_Device_GetInternalSerialDescriptor
                0x00002c8a       0xa4 src/LUFA/LUFA/Drivers/USB/Core/DeviceStandardReq.o
 .text.USB_Device_GetDescriptor
                0x00002d2e       0x62 src/LUFA/LUFA/Drivers/USB/Core/DeviceStandardReq.o
 .text.USB_Device_SetConfiguration
                0x00002d90       0x4a src/LUFA/LUFA/Drivers/USB/Core/DeviceStandardReq.o
 .text.USB_Device_ProcessControlRequest
                0x00002dda       0xa0 src/LUFA/LUFA/Drivers/USB/Core/DeviceStandardReq.o
                0x00002dda                USB_Device_ProcessControlRequest
 .text.USB_Event_Stub
                0x00002e7a        0x2 src/LUFA/LUFA/Drivers/USB/Core/Events.o
                0x00002e7a                USB_Event_Stub
                0x00002e7a                EVENT_USB_Device_Suspend
                0x00002e7a                EVENT_USB_Device_StartOfFrame
                0x00002e7a                EVENT_USB_Device_Reset
                0x00002e7a                EVENT_USB_Device_WakeUp
 .text.USB_DeviceTask
                0x00002e7c       0x34 src/LUFA/LUFA/Drivers/USB/Core/USBTask.o
 .text.USB_USBTask
                0x00002eb0        0x4 src/LUFA/LUFA/Drivers/USB/Core/USBTask.o
                0x00002eb0                USB_USBTask
 .text.avr-libc
                0x00002eb4       0x12 c:/program files (x86)/atmel/studio/7.0/toolchain/avr8/avr8-gnu-toolchain/bin/../lib/gcc/avr/5.4.0/../../../../avr/lib/avr51\libc.a(memcpy_P.o)
                0x00002eb4                memcpy_P
 .text.avr-libc
                0x00002ec6        0xe c:/program files (x86)/atmel/studio/7.0/toolchain/avr8/avr8-gnu-toolchain/bin/../lib/gcc/avr/5.4.0/../../../../avr/lib/avr51\libc.a(strcpy_P.o)
                0x00002ec6                strcpy_P
 .text.avr-libc
                0x00002ed4       0x12 c:/program files (x86)/atmel/studio/7.0/toolchain/avr8/avr8-gnu-toolchain/bin/../lib/gcc/avr/5.4.0/../../../../avr/lib/avr51\libc.a(strlen_P.o)
                0x00002ed4                __strlen_P
 .text.avr-libc
                0x00002ee6       0x1e c:/program files (x86)/atmel/studio/7.0/toolchain/avr8/avr8-gnu-toolchain/bin/../lib/gcc/avr/5.4.0/../../../../avr/lib/avr51\libc.a(strncpy_P.o)
                0x00002ee6                strncpy_P
 .text.avr-libc
                0x00002f04       0x1a c:/program files (x86)/atmel/studio/7.0/toolchain/avr8/avr8-gnu-toolchain/bin/../lib/gcc/avr/5.4.0/../../../../avr/lib/avr51\libc.a(memcmp.o)
                0x00002f04                memcmp
 .text.avr-libc
                0x00002f1e       0x12 c:/program files (x86)/atmel/studio/7.0/toolchain/avr8/avr8-gnu-toolchain/bin/../lib/gcc/avr/5.4.0/../../../../avr/lib/avr51\libc.a(memcpy.o)
                0x00002f1e                memcpy
 .text.avr-libc
                0x00002f30       0x22 c:/program files (x86)/atmel/studio/7.0/toolchain/avr8/avr8-gnu-toolchain/bin/../lib/gcc/avr/5.4.0/../../../../avr/lib/avr51\libc.a(memmove.o)
                0x00002f30                memmove
 .text.avr-libc
                0x00002f52       0x1c c:/program files (x86)/atmel/studio/7.0/toolchain/avr8/avr8-gnu-toolchain/bin/../lib/gcc/avr/5.4.0/../../../../avr/lib/avr51\libc.a(strncmp.o)
                0x00002f52                strncmp
                0x00002f6e                . = ALIGN (0x2)
 *(.fini9)
 .fini9         0x00002f6e        0x0 c:/program files (x86)/atmel/studio/7.0/toolchain/avr8/avr8-gnu-toolchain/bin/../lib/gcc/avr/5.4.0/avr51\libgcc.a(_exit.o)
                0x00002f6e                _exit
                0x00002f6e                exit
 *(.fini9)
 *(.fini8)
 *(.fini8)
 *(.fini7)
 *(.fini7)
 *(.fini6)
 *(.fini6)
 *(.fini5)
 *(.fini5)
 *(.fini4)
 *(.fini4)
 *(.fini3)
 *(.fini3)
 *(.fini2)
 *(.fini2)
 *(.fini1)
 *(.fini1)
 *(.fini0)
 .fini0         0x00002f6e        0x4 c:/program files (x86)/atmel/studio/7.0/toolchain/avr8/avr8-gnu-toolchain/bin/../lib/gcc/avr/5.4.0/avr51\libgcc.a(_exit.o)
 *(.fini0)
                0x00002f72                _etext = .

.data           0x00800100       0x7e load address 0x00002f72
                0x00800100                PROVIDE (__data_start, .)
 *(.data)
 *(.data*)
 .data.Ethernet_RNDIS_Interface
                0x00800100       0x22 RNDISEthernet.o
                0x00800100                Ethernet_RNDIS_Interface
 *(.gnu.linkonce.d*)
 *(.rodata)
 .rodata        0x00800122        0x6 Lib/TCP.o
 .rodata        0x00800128        0x8 src/LUFA/LUFA/Drivers/USB/Class/Device/RNDISClassDevice.o
 *(.rodata*)
 .rodata.ClientIPAddress
                0x00800130        0x4 Lib/Ethernet.o
                0x00800130                ClientIPAddress
 .rodata.BroadcastIPAddress
                0x00800134        0x4 Lib/Ethernet.o
                0x00800134                BroadcastIPAddress
 .rodata.BroadcastMACAddress
                0x00800138        0x6 Lib/Ethernet.o
                0x00800138                BroadcastMACAddress
 .rodata.ServerIPAddress
                0x0080013e        0x4 Lib/Ethernet.o
                0x0080013e                ServerIPAddress
 .rodata.ServerMACAddress
                0x00800142        0x6 Lib/Ethernet.o
                0x00800142                ServerMACAddress
 .rodata.str1.1
                0x00800148       0x1e Lib/Webserver.o
 .rodata.str1.1
                0x00800166       0x18 RNDISEthernet.o
 *(.gnu.linkonce.r*)
                0x0080017e                . = ALIGN (0x2)
                0x0080017e                _edata = .
                0x0080017e                PROVIDE (__data_end, .)

.bss            0x0080017e     0x12e5
                0x0080017e                PROVIDE (__bss_start, .)
 *(.bss)
 *(.bss*)
 .bss.PageBlock.4472
                0x0080017e        0x1 Lib/Webserver.o
 .bss.FrameOUT  0x0080017f      0x5de RNDISEthernet.o
 .bss.FrameIN   0x0080075d      0x5de RNDISEthernet.o
 .bss.RNDIS_Message_Buffer
                0x00800d3b       0xc0 RNDISEthernet.o
 *(COMMON)
 COMMON         0x00800dfb      0x647 Lib/TCP.o
                0x00800dfb                ConnectionStateTable
                0x0080143d                PortStateTable
 COMMON         0x00801442        0xe src/LUFA/LUFA/Drivers/Peripheral/AVR8/Serial_AVR8.o
                0x00801442                USARTSerialStream
 COMMON         0x00801450        0x3 src/LUFA/LUFA/Drivers/USB/Core/DeviceStandardReq.o
                0x00801450                USB_Device_ConfigurationNumber
                0x00801451                USB_Device_CurrentlySelfPowered
                0x00801452                USB_Device_RemoteWakeupEnabled
 COMMON         0x00801453        0xa src/LUFA/LUFA/Drivers/USB/Core/USBTask.o
                0x00801453                USB_IsInitialized
                0x00801454                USB_DeviceState
                0x00801455                USB_ControlRequest
 COMMON         0x0080145d        0x6 c:/program files (x86)/atmel/studio/7.0/toolchain/avr8/avr8-gnu-toolchain/bin/../lib/gcc/avr/5.4.0/../../../../avr/lib/avr51\libc.a(iob.o)
                0x0080145d                __iob
                0x00801463                PROVIDE (__bss_end, .)
                0x00002f72                __data_load_start = LOADADDR (.data)
                0x00002ff0                __data_load_end = (__data_load_start + SIZEOF (.data))

.noinit         0x00801463        0x0
                [!provide]                PROVIDE (__noinit_start, .)
 *(.noinit*)
                [!provide]                PROVIDE (__noinit_end, .)
                0x00801463                _end = .
                [!provide]                PROVIDE (__heap_start, .)

.eeprom         0x00810000        0x0
 *(.eeprom*)
                0x00810000                __eeprom_end = .

.fuse
 *(.fuse)
 *(.lfuse)
 *(.hfuse)
 *(.efuse)

.lock
 *(.lock*)

.signature
 *(.signature*)

.user_signatures
 *(.user_signatures*)

.stab
 *(.stab)

.stabstr
 *(.stabstr)

.stab.excl
 *(.stab.excl)

.stab.exclstr
 *(.stab.exclstr)

.stab.index
 *(.stab.index)

.stab.indexstr
 *(.stab.indexstr)

.comment        0x00000000       0x30
 *(.comment)
 .comment       0x00000000       0x30 Descriptors.o
                                 0x31 (size before relaxing)
 .comment       0x00000030       0x31 Lib/ARP.o
 .comment       0x00000030       0x31 Lib/DHCP.o
 .comment       0x00000030       0x31 Lib/Ethernet.o
 .comment       0x00000030       0x31 Lib/ICMP.o
 .comment       0x00000030       0x31 Lib/IP.o
 .comment       0x00000030       0x31 Lib/ProtocolDecoders.o
 .comment       0x00000030       0x31 Lib/TCP.o
 .comment       0x00000030       0x31 Lib/UDP.o
 .comment       0x00000030       0x31 Lib/Webserver.o
 .comment       0x00000030       0x31 RNDISEthernet.o
 .comment       0x00000030       0x31 src/LUFA/LUFA/Drivers/Peripheral/AVR8/Serial_AVR8.o
 .comment       0x00000030       0x31 src/LUFA/LUFA/Drivers/USB/Class/Device/RNDISClassDevice.o
 .comment       0x00000030       0x31 src/LUFA/LUFA/Drivers/USB/Core/AVR8/EndpointStream_AVR8.o
 .comment       0x00000030       0x31 src/LUFA/LUFA/Drivers/USB/Core/AVR8/Endpoint_AVR8.o
 .comment       0x00000030       0x31 src/LUFA/LUFA/Drivers/USB/Core/AVR8/USBController_AVR8.o
 .comment       0x00000030       0x31 src/LUFA/LUFA/Drivers/USB/Core/AVR8/USBInterrupt_AVR8.o
 .comment       0x00000030       0x31 src/LUFA/LUFA/Drivers/USB/Core/DeviceStandardReq.o
 .comment       0x00000030       0x31 src/LUFA/LUFA/Drivers/USB/Core/Events.o
 .comment       0x00000030       0x31 src/LUFA/LUFA/Drivers/USB/Core/USBTask.o
 .comment       0x00000030       0x31 c:/program files (x86)/atmel/studio/7.0/toolchain/avr8/avr8-gnu-toolchain/bin/../lib/gcc/avr/5.4.0/../../../../avr/lib/avr51\libc.a(iob.o)

.note.gnu.avr.deviceinfo
                0x00000000       0x40
 .note.gnu.avr.deviceinfo
                0x00000000       0x40 C:/Program Files (x86)/Atmel/Studio/7.0/Packs/Atmel/ATmega_DFP/1.7.374/gcc/dev/at90usb1287/avr51/crtat90usb1287.o

.note.gnu.build-id
 *(.note.gnu.build-id)

.debug
 *(.debug)

.line
 *(.line)

.debug_srcinfo
 *(.debug_srcinfo)

.debug_sfnames
 *(.debug_sfnames)

.debug_aranges  0x00000000      0x4d8
 *(.debug_aranges)
 .debug_aranges
                0x00000000       0x20 Descriptors.o
 .debug_aranges
                0x00000020       0x20 Lib/ARP.o
 .debug_aranges
                0x00000040       0x20 Lib/DHCP.o
 .debug_aranges
                0x00000060       0x28 Lib/Ethernet.o
 .debug_aranges
                0x00000088       0x20 Lib/ICMP.o
 .debug_aranges
                0x000000a8       0x20 Lib/IP.o
 .debug_aranges
                0x000000c8       0x50 Lib/ProtocolDecoders.o
 .debug_aranges
                0x00000118       0x60 Lib/TCP.o
 .debug_aranges
                0x00000178       0x20 Lib/UDP.o
 .debug_aranges
                0x00000198       0x30 Lib/Webserver.o
 .debug_aranges
                0x000001c8       0x48 RNDISEthernet.o
 .debug_aranges
                0x00000210       0x58 src/LUFA/LUFA/Drivers/Peripheral/AVR8/Serial_AVR8.o
 .debug_aranges
                0x00000268       0x60 src/LUFA/LUFA/Drivers/USB/Class/Device/RNDISClassDevice.o
 .debug_aranges
                0x000002c8       0xc8 src/LUFA/LUFA/Drivers/USB/Core/AVR8/EndpointStream_AVR8.o
 .debug_aranges
                0x00000390       0x40 src/LUFA/LUFA/Drivers/USB/Core/AVR8/Endpoint_AVR8.o
 .debug_aranges
                0x000003d0       0x38 src/LUFA/LUFA/Drivers/USB/Core/AVR8/USBController_AVR8.o
 .debug_aranges
                0x00000408       0x30 src/LUFA/LUFA/Drivers/USB/Core/AVR8/USBInterrupt_AVR8.o
 .debug_aranges
                0x00000438       0x58 src/LUFA/LUFA/Drivers/USB/Core/DeviceStandardReq.o
 .debug_aranges
                0x00000490       0x20 src/LUFA/LUFA/Drivers/USB/Core/Events.o
 .debug_aranges
                0x000004b0       0x28 src/LUFA/LUFA/Drivers/USB/Core/USBTask.o

.debug_pubnames
 *(.debug_pubnames)

.debug_info     0x00000000     0x9641
 *(.debug_info .gnu.linkonce.wi.*)
 .debug_info    0x00000000      0xb70 C:/Program Files (x86)/Atmel/Studio/7.0/Packs/Atmel/ATmega_DFP/1.7.374/gcc/dev/at90usb1287/avr51/crtat90usb1287.o
 .debug_info    0x00000b70      0x7aa Descriptors.o
 .debug_info    0x0000131a      0x370 Lib/ARP.o
 .debug_info    0x0000168a      0x44f Lib/DHCP.o
 .debug_info    0x00001ad9      0x4c2 Lib/Ethernet.o
 .debug_info    0x00001f9b      0x27a Lib/ICMP.o
 .debug_info    0x00002215      0x475 Lib/IP.o
 .debug_info    0x0000268a      0x1d5 Lib/ProtocolDecoders.o
 .debug_info    0x0000285f     0x1195 Lib/TCP.o
 .debug_info    0x000039f4      0x278 Lib/UDP.o
 .debug_info    0x00003c6c      0x6b3 Lib/Webserver.o
 .debug_info    0x0000431f      0x6cf RNDISEthernet.o
 .debug_info    0x000049ee      0x4b7 src/LUFA/LUFA/Drivers/Peripheral/AVR8/Serial_AVR8.o
 .debug_info    0x00004ea5     0x10a8 src/LUFA/LUFA/Drivers/USB/Class/Device/RNDISClassDevice.o
 .debug_info    0x00005f4d     0x1826 src/LUFA/LUFA/Drivers/USB/Core/AVR8/EndpointStream_AVR8.o
 .debug_info    0x00007773      0x624 src/LUFA/LUFA/Drivers/USB/Core/AVR8/Endpoint_AVR8.o
 .debug_info    0x00007d97      0x4f0 src/LUFA/LUFA/Drivers/USB/Core/AVR8/USBController_AVR8.o
 .debug_info    0x00008287      0x68b src/LUFA/LUFA/Drivers/USB/Core/AVR8/USBInterrupt_AVR8.o
 .debug_info    0x00008912      0xa47 src/LUFA/LUFA/Drivers/USB/Core/DeviceStandardReq.o
 .debug_info    0x00009359       0x7c src/LUFA/LUFA/Drivers/USB/Core/Events.o
 .debug_info    0x000093d5      0x26c src/LUFA/LUFA/Drivers/USB/Core/USBTask.o

.debug_abbrev   0x00000000     0x2dc4
 *(.debug_abbrev)
 .debug_abbrev  0x00000000      0xad2 C:/Program Files (x86)/Atmel/Studio/7.0/Packs/Atmel/ATmega_DFP/1.7.374/gcc/dev/at90usb1287/avr51/crtat90usb1287.o
 .debug_abbrev  0x00000ad2      0x153 Descriptors.o
 .debug_abbrev  0x00000c25      0x189 Lib/ARP.o
 .debug_abbrev  0x00000dae      0x174 Lib/DHCP.o
 .debug_abbrev  0x00000f22      0x1d1 Lib/Ethernet.o
 .debug_abbrev  0x000010f3      0x130 Lib/ICMP.o
 .debug_abbrev  0x00001223      0x18a Lib/IP.o
 .debug_abbrev  0x000013ad       0x84 Lib/ProtocolDecoders.o
 .debug_abbrev  0x00001431      0x2d1 Lib/TCP.o
 .debug_abbrev  0x00001702      0x17a Lib/UDP.o
 .debug_abbrev  0x0000187c      0x21c Lib/Webserver.o
 .debug_abbrev  0x00001a98      0x23e RNDISEthernet.o
 .debug_abbrev  0x00001cd6      0x1ea src/LUFA/LUFA/Drivers/Peripheral/AVR8/Serial_AVR8.o
 .debug_abbrev  0x00001ec0      0x31e src/LUFA/LUFA/Drivers/USB/Class/Device/RNDISClassDevice.o
 .debug_abbrev  0x000021de      0x20b src/LUFA/LUFA/Drivers/USB/Core/AVR8/EndpointStream_AVR8.o
 .debug_abbrev  0x000023e9      0x209 src/LUFA/LUFA/Drivers/USB/Core/AVR8/Endpoint_AVR8.o
 .debug_abbrev  0x000025f2      0x19e src/LUFA/LUFA/Drivers/USB/Core/AVR8/USBController_AVR8.o
 .debug_abbrev  0x00002790      0x1b7 src/LUFA/LUFA/Drivers/USB/Core/AVR8/USBInterrupt_AVR8.o
 .debug_abbrev  0x00002947      0x2e0 src/LUFA/LUFA/Drivers/USB/Core/DeviceStandardReq.o
 .debug_abbrev  0x00002c27       0x47 src/LUFA/LUFA/Drivers/USB/Core/Events.o
 .debug_abbrev  0x00002c6e      0x156 src/LUFA/LUFA/Drivers/USB/Core/USBTask.o

.debug_line     0x00000000    0x11832
 *(.debug_line .debug_line.* .debug_line_end)
 .debug_line    0x00000000      0x17c C:/Program Files (x86)/Atmel/Studio/7.0/Packs/Atmel/ATmega_DFP/1.7.374/gcc/dev/at90usb1287/avr51/crtat90usb1287.o
 .debug_line    0x0000017c      0xcdd Descriptors.o
 .debug_line    0x00000e59      0xe84 Lib/ARP.o
 .debug_line    0x00001cdd      0xf55 Lib/DHCP.o
 .debug_line    0x00002c32      0xeea Lib/Ethernet.o
 .debug_line    0x00003b1c      0xe2f Lib/ICMP.o
 .debug_line    0x0000494b      0xe95 Lib/IP.o
 .debug_line    0x000057e0      0xe53 Lib/ProtocolDecoders.o
 .debug_line    0x00006633     0x151b Lib/TCP.o
 .debug_line    0x00007b4e      0xe40 Lib/UDP.o
 .debug_line    0x0000898e      0xf30 Lib/Webserver.o
 .debug_line    0x000098be     0x1024 RNDISEthernet.o
 .debug_line    0x0000a8e2      0x78e src/LUFA/LUFA/Drivers/Peripheral/AVR8/Serial_AVR8.o
 .debug_line    0x0000b070     0x13f9 src/LUFA/LUFA/Drivers/USB/Class/Device/RNDISClassDevice.o
 .debug_line    0x0000c469     0x1ba8 src/LUFA/LUFA/Drivers/USB/Core/AVR8/EndpointStream_AVR8.o
 .debug_line    0x0000e011      0xbff src/LUFA/LUFA/Drivers/USB/Core/AVR8/Endpoint_AVR8.o
 .debug_line    0x0000ec10      0x8fb src/LUFA/LUFA/Drivers/USB/Core/AVR8/USBController_AVR8.o
 .debug_line    0x0000f50b      0xafe src/LUFA/LUFA/Drivers/USB/Core/AVR8/USBInterrupt_AVR8.o
 .debug_line    0x00010009      0xb9b src/LUFA/LUFA/Drivers/USB/Core/DeviceStandardReq.o
 .debug_line    0x00010ba4      0x47c src/LUFA/LUFA/Drivers/USB/Core/Events.o
 .debug_line    0x00011020      0x812 src/LUFA/LUFA/Drivers/USB/Core/USBTask.o

.debug_frame    0x00000000      0xda0
 *(.debug_frame)
 .debug_frame   0x00000000       0x24 Descriptors.o
 .debug_frame   0x00000024       0x38 Lib/ARP.o
 .debug_frame   0x0000005c       0x60 Lib/DHCP.o
 .debug_frame   0x000000bc       0x54 Lib/Ethernet.o
 .debug_frame   0x00000110       0x44 Lib/ICMP.o
 .debug_frame   0x00000154       0x58 Lib/IP.o
 .debug_frame   0x000001ac       0x84 Lib/ProtocolDecoders.o
 .debug_frame   0x00000230      0x1d0 Lib/TCP.o
 .debug_frame   0x00000400       0x44 Lib/UDP.o
 .debug_frame   0x00000444       0x78 Lib/Webserver.o
 .debug_frame   0x000004bc       0x74 RNDISEthernet.o
 .debug_frame   0x00000530       0x94 src/LUFA/LUFA/Drivers/Peripheral/AVR8/Serial_AVR8.o
 .debug_frame   0x000005c4      0x18c src/LUFA/LUFA/Drivers/USB/Class/Device/RNDISClassDevice.o
 .debug_frame   0x00000750      0x3ac src/LUFA/LUFA/Drivers/USB/Core/AVR8/EndpointStream_AVR8.o
 .debug_frame   0x00000afc       0x78 src/LUFA/LUFA/Drivers/USB/Core/AVR8/Endpoint_AVR8.o
 .debug_frame   0x00000b74       0x6c src/LUFA/LUFA/Drivers/USB/Core/AVR8/USBController_AVR8.o
 .debug_frame   0x00000be0       0x8c src/LUFA/LUFA/Drivers/USB/Core/AVR8/USBInterrupt_AVR8.o
 .debug_frame   0x00000c6c       0xd4 src/LUFA/LUFA/Drivers/USB/Core/DeviceStandardReq.o
 .debug_frame   0x00000d40       0x24 src/LUFA/LUFA/Drivers/USB/Core/Events.o
 .debug_frame   0x00000d64       0x3c src/LUFA/LUFA/Drivers/USB/Core/USBTask.o

.debug_str      0x00000000    0x196d4
 *(.debug_str)
 .debug_str     0x00000000      0x3f7 C:/Program Files (x86)/Atmel/Studio/7.0/Packs/Atmel/ATmega_DFP/1.7.374/gcc/dev/at90usb1287/avr51/crtat90usb1287.o
 .debug_str     0x000003f7    0x14b1c Descriptors.o
                              0x14eb5 (size before relaxing)
 .debug_str     0x00014f13     0x1433 Lib/ARP.o
                              0x15890 (size before relaxing)
 .debug_str     0x00016346      0x21d Lib/DHCP.o
                              0x15a03 (size before relaxing)
 .debug_str     0x00016563      0x137 Lib/Ethernet.o
                              0x1595f (size before relaxing)
 .debug_str     0x0001669a       0x7a Lib/ICMP.o
                              0x1587a (size before relaxing)
 .debug_str     0x00016714       0x63 Lib/IP.o
                              0x1597e (size before relaxing)
 .debug_str     0x00016777       0x3a Lib/ProtocolDecoders.o
                              0x157e0 (size before relaxing)
 .debug_str     0x000167b1      0x4c7 Lib/TCP.o
                              0x15ee7 (size before relaxing)
 .debug_str     0x00016c78       0x6a Lib/UDP.o
                              0x15890 (size before relaxing)
 .debug_str     0x00016ce2      0x1e4 Lib/Webserver.o
                              0x15ba5 (size before relaxing)
 .debug_str     0x00016ec6      0x9a0 RNDISEthernet.o
                              0x164e0 (size before relaxing)
 .debug_str     0x00017866      0x180 src/LUFA/LUFA/Drivers/Peripheral/AVR8/Serial_AVR8.o
                               0xe51e (size before relaxing)
 .debug_str     0x000179e6      0x937 src/LUFA/LUFA/Drivers/USB/Class/Device/RNDISClassDevice.o
                              0x14f03 (size before relaxing)
 .debug_str     0x0001831d      0x902 src/LUFA/LUFA/Drivers/USB/Core/AVR8/EndpointStream_AVR8.o
                               0xef57 (size before relaxing)
 .debug_str     0x00018c1f      0x1e0 src/LUFA/LUFA/Drivers/USB/Core/AVR8/Endpoint_AVR8.o
                               0xe5fa (size before relaxing)
 .debug_str     0x00018dff      0x2a4 src/LUFA/LUFA/Drivers/USB/Core/AVR8/USBController_AVR8.o
                               0xe55a (size before relaxing)
 .debug_str     0x000190a3      0x138 src/LUFA/LUFA/Drivers/USB/Core/AVR8/USBInterrupt_AVR8.o
                               0xe50e (size before relaxing)
 .debug_str     0x000191db      0x428 src/LUFA/LUFA/Drivers/USB/Core/DeviceStandardReq.o
                               0xe9cb (size before relaxing)
 .debug_str     0x00019603       0x53 src/LUFA/LUFA/Drivers/USB/Core/Events.o
                               0xd78c (size before relaxing)
 .debug_str     0x00019656       0x7e src/LUFA/LUFA/Drivers/USB/Core/USBTask.o
                               0xe379 (size before relaxing)

.debug_loc      0x00000000     0x57ed
 *(.debug_loc)
 .debug_loc     0x00000000      0x247 Descriptors.o
 .debug_loc     0x00000247      0x131 Lib/ARP.o
 .debug_loc     0x00000378      0x269 Lib/DHCP.o
 .debug_loc     0x000005e1      0x2c4 Lib/Ethernet.o
 .debug_loc     0x000008a5      0x1c2 Lib/ICMP.o
 .debug_loc     0x00000a67      0x298 Lib/IP.o
 .debug_loc     0x00000cff      0xea9 Lib/TCP.o
 .debug_loc     0x00001ba8      0x1e6 Lib/UDP.o
 .debug_loc     0x00001d8e      0x285 Lib/Webserver.o
 .debug_loc     0x00002013       0x52 RNDISEthernet.o
 .debug_loc     0x00002065      0x1ea src/LUFA/LUFA/Drivers/Peripheral/AVR8/Serial_AVR8.o
 .debug_loc     0x0000224f      0xca3 src/LUFA/LUFA/Drivers/USB/Class/Device/RNDISClassDevice.o
 .debug_loc     0x00002ef2     0x1dd3 src/LUFA/LUFA/Drivers/USB/Core/AVR8/EndpointStream_AVR8.o
 .debug_loc     0x00004cc5      0x3c9 src/LUFA/LUFA/Drivers/USB/Core/AVR8/Endpoint_AVR8.o
 .debug_loc     0x0000508e       0xea src/LUFA/LUFA/Drivers/USB/Core/AVR8/USBController_AVR8.o
 .debug_loc     0x00005178      0x2ab src/LUFA/LUFA/Drivers/USB/Core/AVR8/USBInterrupt_AVR8.o
 .debug_loc     0x00005423      0x381 src/LUFA/LUFA/Drivers/USB/Core/DeviceStandardReq.o
 .debug_loc     0x000057a4       0x49 src/LUFA/LUFA/Drivers/USB/Core/USBTask.o

.debug_macinfo
 *(.debug_macinfo)

.debug_weaknames
 *(.debug_weaknames)

.debug_funcnames
 *(.debug_funcnames)

.debug_typenames
 *(.debug_typenames)

.debug_varnames
 *(.debug_varnames)

.debug_pubtypes
 *(.debug_pubtypes)

.debug_ranges   0x00000000      0x6b0
 *(.debug_ranges)
 .debug_ranges  0x00000000       0x10 Descriptors.o
 .debug_ranges  0x00000010       0x10 Lib/ARP.o
 .debug_ranges  0x00000020       0x10 Lib/DHCP.o
 .debug_ranges  0x00000030       0x30 Lib/Ethernet.o
 .debug_ranges  0x00000060       0x10 Lib/ICMP.o
 .debug_ranges  0x00000070       0x10 Lib/IP.o
 .debug_ranges  0x00000080       0x40 Lib/ProtocolDecoders.o
 .debug_ranges  0x000000c0       0x80 Lib/TCP.o
 .debug_ranges  0x00000140       0x10 Lib/UDP.o
 .debug_ranges  0x00000150       0x20 Lib/Webserver.o
 .debug_ranges  0x00000170       0x38 RNDISEthernet.o
 .debug_ranges  0x000001a8       0x48 src/LUFA/LUFA/Drivers/Peripheral/AVR8/Serial_AVR8.o
 .debug_ranges  0x000001f0       0x50 src/LUFA/LUFA/Drivers/USB/Class/Device/RNDISClassDevice.o
 .debug_ranges  0x00000240      0x328 src/LUFA/LUFA/Drivers/USB/Core/AVR8/EndpointStream_AVR8.o
 .debug_ranges  0x00000568       0x60 src/LUFA/LUFA/Drivers/USB/Core/AVR8/Endpoint_AVR8.o
 .debug_ranges  0x000005c8       0x28 src/LUFA/LUFA/Drivers/USB/Core/AVR8/USBController_AVR8.o
 .debug_ranges  0x000005f0       0x20 src/LUFA/LUFA/Drivers/USB/Core/AVR8/USBInterrupt_AVR8.o
 .debug_ranges  0x00000610       0x78 src/LUFA/LUFA/Drivers/USB/Core/DeviceStandardReq.o
 .debug_ranges  0x00000688       0x10 src/LUFA/LUFA/Drivers/USB/Core/Events.o
 .debug_ranges  0x00000698       0x18 src/LUFA/LUFA/Drivers/USB/Core/USBTask.o

.debug_macro    0x00000000     0xa7cb
 *(.debug_macro)
 .debug_macro   0x00000000      0x440 Descriptors.o
 .debug_macro   0x00000440      0xa84 Descriptors.o
 .debug_macro   0x00000ec4       0x12 Descriptors.o
 .debug_macro   0x00000ed6       0x10 Descriptors.o
 .debug_macro   0x00000ee6      0x1c9 Descriptors.o
 .debug_macro   0x000010af       0x22 Descriptors.o
 .debug_macro   0x000010d1       0x16 Descriptors.o
 .debug_macro   0x000010e7       0x97 Descriptors.o
 .debug_macro   0x0000117e       0x16 Descriptors.o
 .debug_macro   0x00001194       0xf6 Descriptors.o
 .debug_macro   0x0000128a       0x22 Descriptors.o
 .debug_macro   0x000012ac      0x1a7 Descriptors.o
 .debug_macro   0x00001453       0x36 Descriptors.o
 .debug_macro   0x00001489       0x1c Descriptors.o
 .debug_macro   0x000014a5       0x68 Descriptors.o
 .debug_macro   0x0000150d       0x28 Descriptors.o
 .debug_macro   0x00001535       0x10 Descriptors.o
 .debug_macro   0x00001545      0x302 Descriptors.o
 .debug_macro   0x00001847       0x9e Descriptors.o
 .debug_macro   0x000018e5     0x1a6e Descriptors.o
 .debug_macro   0x00003353      0x1e0 Descriptors.o
 .debug_macro   0x00003533       0xcb Descriptors.o
 .debug_macro   0x000035fe       0x34 Descriptors.o
 .debug_macro   0x00003632       0x18 Descriptors.o
 .debug_macro   0x0000364a       0x6c Descriptors.o
 .debug_macro   0x000036b6       0x69 Descriptors.o
 .debug_macro   0x0000371f       0x10 Descriptors.o
 .debug_macro   0x0000372f       0x35 Descriptors.o
 .debug_macro   0x00003764      0x175 Descriptors.o
 .debug_macro   0x000038d9       0x33 Descriptors.o
 .debug_macro   0x0000390c      0x10c Descriptors.o
 .debug_macro   0x00003a18      0x160 Descriptors.o
 .debug_macro   0x00003b78      0x160 Descriptors.o
 .debug_macro   0x00003cd8       0x10 Descriptors.o
 .debug_macro   0x00003ce8       0x1c Descriptors.o
 .debug_macro   0x00003d04       0x86 Descriptors.o
 .debug_macro   0x00003d8a       0x3c Descriptors.o
 .debug_macro   0x00003dc6       0x20 Descriptors.o
 .debug_macro   0x00003de6       0x4d Descriptors.o
 .debug_macro   0x00003e33       0x73 Descriptors.o
 .debug_macro   0x00003ea6       0x16 Descriptors.o
 .debug_macro   0x00003ebc       0x12 Descriptors.o
 .debug_macro   0x00003ece       0x22 Descriptors.o
 .debug_macro   0x00003ef0       0x64 Descriptors.o
 .debug_macro   0x00003f54       0x41 Descriptors.o
 .debug_macro   0x00003f95       0x10 Descriptors.o
 .debug_macro   0x00003fa5       0x1c Descriptors.o
 .debug_macro   0x00003fc1       0x16 Descriptors.o
 .debug_macro   0x00003fd7       0x16 Descriptors.o
 .debug_macro   0x00003fed      0x12c Descriptors.o
 .debug_macro   0x00004119       0x16 Descriptors.o
 .debug_macro   0x0000412f       0x46 Descriptors.o
 .debug_macro   0x00004175       0x58 Descriptors.o
 .debug_macro   0x000041cd       0x10 Descriptors.o
 .debug_macro   0x000041dd       0xf2 Descriptors.o
 .debug_macro   0x000042cf       0x16 Descriptors.o
 .debug_macro   0x000042e5      0x154 Descriptors.o
 .debug_macro   0x00004439       0x2a Descriptors.o
 .debug_macro   0x00004463      0x6ce Descriptors.o
 .debug_macro   0x00004b31       0x16 Descriptors.o
 .debug_macro   0x00004b47      0x132 Descriptors.o
 .debug_macro   0x00004c79       0x16 Descriptors.o
 .debug_macro   0x00004c8f       0x10 Descriptors.o
 .debug_macro   0x00004c9f       0x6c Descriptors.o
 .debug_macro   0x00004d0b       0x16 Descriptors.o
 .debug_macro   0x00004d21       0x1c Descriptors.o
 .debug_macro   0x00004d3d       0x16 Descriptors.o
 .debug_macro   0x00004d53       0x10 Descriptors.o
 .debug_macro   0x00004d63      0x1be Descriptors.o
 .debug_macro   0x00004f21       0x16 Descriptors.o
 .debug_macro   0x00004f37       0x4c Descriptors.o
 .debug_macro   0x00004f83       0x22 Descriptors.o
 .debug_macro   0x00004fa5      0x4d2 Lib/ARP.o
 .debug_macro   0x00005477      0x2fc Lib/ARP.o
 .debug_macro   0x00005773       0xbe Lib/ARP.o
 .debug_macro   0x00005831       0x10 Lib/ARP.o
 .debug_macro   0x00005841      0x10e Lib/ARP.o
 .debug_macro   0x0000594f       0x10 Lib/ARP.o
 .debug_macro   0x0000595f       0x2e Lib/ARP.o
 .debug_macro   0x0000598d       0x91 Lib/ARP.o
 .debug_macro   0x00005a1e       0x70 Lib/ARP.o
 .debug_macro   0x00005a8e       0x10 Lib/ARP.o
 .debug_macro   0x00005a9e       0x1c Lib/ARP.o
 .debug_macro   0x00005aba       0x22 Lib/ARP.o
 .debug_macro   0x00005adc       0x10 Lib/ARP.o
 .debug_macro   0x00005aec      0x4d2 Lib/DHCP.o
 .debug_macro   0x00005fbe       0x16 Lib/DHCP.o
 .debug_macro   0x00005fd4       0x6a Lib/DHCP.o
 .debug_macro   0x0000603e      0x4c2 Lib/Ethernet.o
 .debug_macro   0x00006500       0xc4 Lib/Ethernet.o
 .debug_macro   0x000065c4      0x4d2 Lib/ICMP.o
 .debug_macro   0x00006a96       0x28 Lib/ICMP.o
 .debug_macro   0x00006abe      0x4d2 Lib/IP.o
 .debug_macro   0x00006f90       0x16 Lib/IP.o
 .debug_macro   0x00006fa6      0x4d3 Lib/ProtocolDecoders.o
 .debug_macro   0x00007479       0x89 Lib/ProtocolDecoders.o
 .debug_macro   0x00007502      0x181 Lib/ProtocolDecoders.o
 .debug_macro   0x00007683       0x20 Lib/ProtocolDecoders.o
 .debug_macro   0x000076a3       0x2f Lib/ProtocolDecoders.o
 .debug_macro   0x000076d2      0x4d8 Lib/TCP.o
 .debug_macro   0x00007baa       0x8b Lib/TCP.o
 .debug_macro   0x00007c35      0x4d2 Lib/UDP.o
 .debug_macro   0x00008107      0x4ec Lib/Webserver.o
 .debug_macro   0x000085f3       0x2e Lib/Webserver.o
 .debug_macro   0x00008621      0x533 RNDISEthernet.o
 .debug_macro   0x00008b54       0x68 RNDISEthernet.o
 .debug_macro   0x00008bbc       0x9d RNDISEthernet.o
 .debug_macro   0x00008c59       0x10 RNDISEthernet.o
 .debug_macro   0x00008c69       0x2e RNDISEthernet.o
 .debug_macro   0x00008c97       0x22 RNDISEthernet.o
 .debug_macro   0x00008cb9      0x1b8 src/LUFA/LUFA/Drivers/Peripheral/AVR8/Serial_AVR8.o
 .debug_macro   0x00008e71      0x446 src/LUFA/LUFA/Drivers/USB/Class/Device/RNDISClassDevice.o
 .debug_macro   0x000092b7      0x60e src/LUFA/LUFA/Drivers/USB/Core/AVR8/EndpointStream_AVR8.o
 .debug_macro   0x000098c5       0x28 src/LUFA/LUFA/Drivers/USB/Core/AVR8/EndpointStream_AVR8.o
 .debug_macro   0x000098ed       0x1c src/LUFA/LUFA/Drivers/USB/Core/AVR8/EndpointStream_AVR8.o
 .debug_macro   0x00009909       0x1c src/LUFA/LUFA/Drivers/USB/Core/AVR8/EndpointStream_AVR8.o
 .debug_macro   0x00009925      0x2a5 src/LUFA/LUFA/Drivers/USB/Core/AVR8/Endpoint_AVR8.o
 .debug_macro   0x00009bca       0x10 src/LUFA/LUFA/Drivers/USB/Core/AVR8/Endpoint_AVR8.o
 .debug_macro   0x00009bda      0x277 src/LUFA/LUFA/Drivers/USB/Core/AVR8/USBController_AVR8.o
 .debug_macro   0x00009e51       0x79 src/LUFA/LUFA/Drivers/USB/Core/AVR8/USBController_AVR8.o
 .debug_macro   0x00009eca      0x27f src/LUFA/LUFA/Drivers/USB/Core/AVR8/USBInterrupt_AVR8.o
 .debug_macro   0x0000a149      0x27d src/LUFA/LUFA/Drivers/USB/Core/DeviceStandardReq.o
 .debug_macro   0x0000a3c6      0x182 src/LUFA/LUFA/Drivers/USB/Core/Events.o
 .debug_macro   0x0000a548      0x283 src/LUFA/LUFA/Drivers/USB/Core/USBTask.o
OUTPUT(at90ethernet.elf elf32-avr)
LOAD linker stubs
