Archive member included to satisfy reference by file (symbol)

c:/program files (x86)/atmel/studio/7.0/toolchain/avr8/avr8-gnu-toolchain/bin/../lib/gcc/avr/5.4.0/avr51\libgcc.a(_udivmodsi4.o)
                              AudioInput.o (__udivmodsi4)
c:/program files (x86)/atmel/studio/7.0/toolchain/avr8/avr8-gnu-toolchain/bin/../lib/gcc/avr/5.4.0/avr51\libgcc.a(_exit.o)
                              C:/Program Files (x86)/Atmel/Studio/7.0/Packs/Atmel/ATmega_DFP/1.7.374/gcc/dev/at90usb1287/avr51/crtat90usb1287.o (exit)
c:/program files (x86)/atmel/studio/7.0/toolchain/avr8/avr8-gnu-toolchain/bin/../lib/gcc/avr/5.4.0/avr51\libgcc.a(_copy_data.o)
                              AudioInput.o (__do_copy_data)
c:/program files (x86)/atmel/studio/7.0/toolchain/avr8/avr8-gnu-toolchain/bin/../lib/gcc/avr/5.4.0/avr51\libgcc.a(_clear_bss.o)
                              AudioInput.o (__do_clear_bss)
c:/program files (x86)/atmel/studio/7.0/toolchain/avr8/avr8-gnu-toolchain/bin/../lib/gcc/avr/5.4.0/../../../../avr/lib/avr51\libc.a(memcpy_P.o)
                              src/LUFA/LUFA/Drivers/USB/Class/Device/RNDISClassDevice.o (memcpy_P)
c:/program files (x86)/atmel/studio/7.0/toolchain/avr8/avr8-gnu-toolchain/bin/../lib/gcc/avr/5.4.0/../../../../avr/lib/avr51\libc.a(strlen_P.o)
                              src/LUFA/LUFA/Drivers/USB/Class/Device/CDCClassDevice.o (__strlen_P)
c:/program files (x86)/atmel/studio/7.0/toolchain/avr8/avr8-gnu-toolchain/bin/../lib/gcc/avr/5.4.0/../../../../avr/lib/avr51\libc.a(memcmp.o)
                              src/LUFA/LUFA/Drivers/USB/Class/Device/HIDClassDevice.o (memcmp)
c:/program files (x86)/atmel/studio/7.0/toolchain/avr8/avr8-gnu-toolchain/bin/../lib/gcc/avr/5.4.0/../../../../avr/lib/avr51\libc.a(memcpy.o)
                              src/LUFA/LUFA/Drivers/USB/Class/Device/HIDClassDevice.o (memcpy)
c:/program files (x86)/atmel/studio/7.0/toolchain/avr8/avr8-gnu-toolchain/bin/../lib/gcc/avr/5.4.0/../../../../avr/lib/avr51\libc.a(memset.o)
                              src/LUFA/LUFA/Drivers/USB/Class/Device/HIDClassDevice.o (memset)
C:/Program Files (x86)/Atmel/Studio/7.0/Packs/Atmel/ATmega_DFP/1.7.374/gcc/dev/at90usb1287/avr51\libat90usb1287.a(eerd_byte.o)
                              src/LUFA/LUFA/Drivers/USB/Core/AVR8/EndpointStream_AVR8.o (eeprom_read_byte)
C:/Program Files (x86)/Atmel/Studio/7.0/Packs/Atmel/ATmega_DFP/1.7.374/gcc/dev/at90usb1287/avr51\libat90usb1287.a(eeupd_byte.o)
                              src/LUFA/LUFA/Drivers/USB/Core/AVR8/EndpointStream_AVR8.o (eeprom_update_byte)

Allocating common symbols
Common symbol       size              file

USB_IsInitialized   0x1               src/LUFA/LUFA/Drivers/USB/Core/USBTask.o
USB_DeviceState     0x1               src/LUFA/LUFA/Drivers/USB/Core/USBTask.o
USB_Device_ConfigurationNumber
                    0x1               src/LUFA/LUFA/Drivers/USB/Core/DeviceStandardReq.o
USB_Device_CurrentlySelfPowered
                    0x1               src/LUFA/LUFA/Drivers/USB/Core/DeviceStandardReq.o
USB_ControlRequest  0x8               src/LUFA/LUFA/Drivers/USB/Core/USBTask.o
USB_Device_RemoteWakeupEnabled
                    0x1               src/LUFA/LUFA/Drivers/USB/Core/DeviceStandardReq.o

Discarded input sections

 .data          0x00000000        0x0 C:/Program Files (x86)/Atmel/Studio/7.0/Packs/Atmel/ATmega_DFP/1.7.374/gcc/dev/at90usb1287/avr51/crtat90usb1287.o
 .bss           0x00000000        0x0 C:/Program Files (x86)/Atmel/Studio/7.0/Packs/Atmel/ATmega_DFP/1.7.374/gcc/dev/at90usb1287/avr51/crtat90usb1287.o
 .group         0x00000000        0x8 AudioInput.o
 .group         0x00000000        0x8 AudioInput.o
 .group         0x00000000        0x8 AudioInput.o
 .group         0x00000000        0x8 AudioInput.o
 .group         0x00000000        0x8 AudioInput.o
 .group         0x00000000        0x8 AudioInput.o
 .group         0x00000000        0x8 AudioInput.o
 .group         0x00000000        0x8 AudioInput.o
 .group         0x00000000        0x8 AudioInput.o
 .group         0x00000000        0x8 AudioInput.o
 .group         0x00000000        0x8 AudioInput.o
 .group         0x00000000        0x8 AudioInput.o
 .group         0x00000000        0x8 AudioInput.o
 .group         0x00000000        0x8 AudioInput.o
 .group         0x00000000        0x8 AudioInput.o
 .group         0x00000000        0x8 AudioInput.o
 .group         0x00000000        0x8 AudioInput.o
 .group         0x00000000        0x8 AudioInput.o
 .group         0x00000000        0x8 AudioInput.o
 .group         0x00000000        0x8 AudioInput.o
 .group         0x00000000        0x8 AudioInput.o
 .group         0x00000000        0x8 AudioInput.o
 .group         0x00000000        0x8 AudioInput.o
 .group         0x00000000        0x8 AudioInput.o
 .group         0x00000000        0x8 AudioInput.o
 .group         0x00000000        0x8 AudioInput.o
 .group         0x00000000        0x8 AudioInput.o
 .group         0x00000000        0x8 AudioInput.o
[...]
Memory Configuration

Name             Origin             Length             Attributes
text             0x00000000         0x00020000         xr
data             0x00800100         0x00002000         rw !x
eeprom           0x00810000         0x00001000         rw !x
fuse             0x00820000         0x00000003         rw !x
lock             0x00830000         0x00000400         rw !x
signature        0x00840000         0x00000400         rw !x
user_signatures  0x00850000         0x00000400         rw !x
*default*        0x00000000         0xffffffff

Linker script and memory map

Address of section .data set to 0x800100
LOAD C:/Program Files (x86)/Atmel/Studio/7.0/Packs/Atmel/ATmega_DFP/1.7.374/gcc/dev/at90usb1287/avr51/crtat90usb1287.o
LOAD AudioInput.o
LOAD Descriptors.o
LOAD src/LUFA/LUFA/Drivers/USB/Class/Common/HIDParser.o
LOAD src/LUFA/LUFA/Drivers/USB/Class/Device/AudioClassDevice.o
LOAD src/LUFA/LUFA/Drivers/USB/Class/Device/CDCClassDevice.o
LOAD src/LUFA/LUFA/Drivers/USB/Class/Device/HIDClassDevice.o
LOAD src/LUFA/LUFA/Drivers/USB/Class/Device/MassStorageClassDevice.o
LOAD src/LUFA/LUFA/Drivers/USB/Class/Device/MIDIClassDevice.o
LOAD src/LUFA/LUFA/Drivers/USB/Class/Device/PrinterClassDevice.o
LOAD src/LUFA/LUFA/Drivers/USB/Class/Device/RNDISClassDevice.o
LOAD src/LUFA/LUFA/Drivers/USB/Class/Host/AndroidAccessoryClassHost.o
LOAD src/LUFA/LUFA/Drivers/USB/Class/Host/AudioClassHost.o
LOAD src/LUFA/LUFA/Drivers/USB/Class/Host/CDCClassHost.o
LOAD src/LUFA/LUFA/Drivers/USB/Class/Host/HIDClassHost.o
LOAD src/LUFA/LUFA/Drivers/USB/Class/Host/MassStorageClassHost.o
LOAD src/LUFA/LUFA/Drivers/USB/Class/Host/MIDIClassHost.o
LOAD src/LUFA/LUFA/Drivers/USB/Class/Host/PrinterClassHost.o
LOAD src/LUFA/LUFA/Drivers/USB/Class/Host/RNDISClassHost.o
LOAD src/LUFA/LUFA/Drivers/USB/Class/Host/StillImageClassHost.o
LOAD src/LUFA/LUFA/Drivers/USB/Core/AVR8/Device_AVR8.o
LOAD src/LUFA/LUFA/Drivers/USB/Core/AVR8/EndpointStream_AVR8.o
LOAD src/LUFA/LUFA/Drivers/USB/Core/AVR8/Endpoint_AVR8.o
LOAD src/LUFA/LUFA/Drivers/USB/Core/AVR8/Host_AVR8.o
LOAD src/LUFA/LUFA/Drivers/USB/Core/AVR8/PipeStream_AVR8.o
LOAD src/LUFA/LUFA/Drivers/USB/Core/AVR8/Pipe_AVR8.o
LOAD src/LUFA/LUFA/Drivers/USB/Core/AVR8/Template/Template_Endpoint_Control_R.o
LOAD src/LUFA/LUFA/Drivers/USB/Core/AVR8/Template/Template_Endpoint_Control_W.o
LOAD src/LUFA/LUFA/Drivers/USB/Core/AVR8/Template/Template_Endpoint_RW.o
LOAD src/LUFA/LUFA/Drivers/USB/Core/AVR8/Template/Template_Pipe_RW.o
LOAD src/LUFA/LUFA/Drivers/USB/Core/AVR8/USBController_AVR8.o
LOAD src/LUFA/LUFA/Drivers/USB/Core/AVR8/USBInterrupt_AVR8.o
LOAD src/LUFA/LUFA/Drivers/USB/Core/ConfigDescriptors.o
LOAD src/LUFA/LUFA/Drivers/USB/Core/DeviceStandardReq.o
LOAD src/LUFA/LUFA/Drivers/USB/Core/Events.o
LOAD src/LUFA/LUFA/Drivers/USB/Core/HostStandardReq.o
LOAD src/LUFA/LUFA/Drivers/USB/Core/USBTask.o
START GROUP
LOAD c:/program files (x86)/atmel/studio/7.0/toolchain/avr8/avr8-gnu-toolchain/bin/../lib/gcc/avr/5.4.0/../../../../avr/lib/avr51\libm.a
END GROUP
START GROUP
LOAD c:/program files (x86)/atmel/studio/7.0/toolchain/avr8/avr8-gnu-toolchain/bin/../lib/gcc/avr/5.4.0/avr51\libgcc.a
LOAD c:/program files (x86)/atmel/studio/7.0/toolchain/avr8/avr8-gnu-toolchain/bin/../lib/gcc/avr/5.4.0/../../../../avr/lib/avr51\libm.a
LOAD c:/program files (x86)/atmel/studio/7.0/toolchain/avr8/avr8-gnu-toolchain/bin/../lib/gcc/avr/5.4.0/../../../../avr/lib/avr51\libc.a
LOAD C:/Program Files (x86)/Atmel/Studio/7.0/Packs/Atmel/ATmega_DFP/1.7.374/gcc/dev/at90usb1287/avr51\libat90usb1287.a
END GROUP
                0x00000000                __TEXT_REGION_ORIGIN__ = DEFINED (__TEXT_REGION_ORIGIN__)?__TEXT_REGION_ORIGIN__:0x0
                [0x00800100]                __DATA_REGION_ORIGIN__ = DEFINED (__DATA_REGION_ORIGIN__)?__DATA_REGION_ORIGIN__:0x800100
                [0x00020000]                __TEXT_REGION_LENGTH__ = DEFINED (__TEXT_REGION_LENGTH__)?__TEXT_REGION_LENGTH__:0x20000
                [0x00002000]                __DATA_REGION_LENGTH__ = DEFINED (__DATA_REGION_LENGTH__)?__DATA_REGION_LENGTH__:0xff00
                [0x00001000]                __EEPROM_REGION_LENGTH__ = DEFINED (__EEPROM_REGION_LENGTH__)?__EEPROM_REGION_LENGTH__:0x10000
                [0x00000003]                __FUSE_REGION_LENGTH__ = DEFINED (__FUSE_REGION_LENGTH__)?__FUSE_REGION_LENGTH__:0x400
                0x00000400                __LOCK_REGION_LENGTH__ = DEFINED (__LOCK_REGION_LENGTH__)?__LOCK_REGION_LENGTH__:0x400
                0x00000400                __SIGNATURE_REGION_LENGTH__ = DEFINED (__SIGNATURE_REGION_LENGTH__)?__SIGNATURE_REGION_LENGTH__:0x400
                0x00000400                __USER_SIGNATURE_REGION_LENGTH__ = DEFINED (__USER_SIGNATURE_REGION_LENGTH__)?__USER_SIGNATURE_REGION_LENGTH__:0x400

.hash
 *(.hash)

.dynsym
 *(.dynsym)

.dynstr
 *(.dynstr)

.gnu.version
 *(.gnu.version)

.gnu.version_d
 *(.gnu.version_d)

.gnu.version_r
 *(.gnu.version_r)

.rel.init
 *(.rel.init)

.rela.init
 *(.rela.init)

.rel.text
 *(.rel.text)
 *(.rel.text.*)
 *(.rel.gnu.linkonce.t*)

.rela.text
 *(.rela.text)
 *(.rela.text.*)
 *(.rela.gnu.linkonce.t*)

.rel.fini
 *(.rel.fini)

.rela.fini
 *(.rela.fini)

.rel.rodata
 *(.rel.rodata)
 *(.rel.rodata.*)
 *(.rel.gnu.linkonce.r*)

.rela.rodata
 *(.rela.rodata)
 *(.rela.rodata.*)
 *(.rela.gnu.linkonce.r*)

.rel.data
 *(.rel.data)
 *(.rel.data.*)
 *(.rel.gnu.linkonce.d*)

.rela.data
 *(.rela.data)
 *(.rela.data.*)
 *(.rela.gnu.linkonce.d*)

.rel.ctors
 *(.rel.ctors)

.rela.ctors
 *(.rela.ctors)

.rel.dtors
 *(.rel.dtors)

.rela.dtors
 *(.rela.dtors)

.rel.got
 *(.rel.got)

.rela.got
 *(.rela.got)

.rel.bss
 *(.rel.bss)

.rela.bss
 *(.rela.bss)

.rel.plt
 *(.rel.plt)

.rela.plt
 *(.rela.plt)

.text           0x00000000     0x10e2
 *(.vectors)
 .vectors       0x00000000       0x98 C:/Program Files (x86)/Atmel/Studio/7.0/Packs/Atmel/ATmega_DFP/1.7.374/gcc/dev/at90usb1287/avr51/crtat90usb1287.o
                0x00000000                __vector_default
                0x00000000                __vectors
 *(.vectors)
 *(.progmem.gcc*)
                0x00000098                . = ALIGN (0x2)
                0x00000098                __trampolines_start = .
 *(.trampolines)
 .trampolines   0x00000098        0x0 linker stubs
 *(.trampolines*)
                0x00000098                __trampolines_end = .
 *libprintf_flt.a:*(.progmem.data)
 *libc.a:*(.progmem.data)
 *(.progmem*)
 .progmem.data.ProductString
                0x00000098       0x28 Descriptors.o
                0x00000098                ProductString
 .progmem.data.ManufacturerString
                0x000000c0       0x1a Descriptors.o
                0x000000c0                ManufacturerString
 .progmem.data.LanguageString
                0x000000da        0x4 Descriptors.o
                0x000000da                LanguageString
 .progmem.data.ConfigurationDescriptor
                0x000000de       0x70 Descriptors.o
                0x000000de                ConfigurationDescriptor
 .progmem.data.DeviceDescriptor
                0x0000014e       0x12 Descriptors.o
                0x0000014e                DeviceDescriptor
                0x00000160                . = ALIGN (0x2)
 *(.jumptables)
 *(.jumptables*)
 *(.lowtext)
 *(.lowtext*)
                0x00000160                __ctors_start = .
 *(.ctors)
                0x00000160                __ctors_end = .
                0x00000160                __dtors_start = .
 *(.dtors)
                0x00000160                __dtors_end = .
 SORT(*)(.ctors)
 SORT(*)(.dtors)
 *(.init0)
 .init0         0x00000160        0x0 C:/Program Files (x86)/Atmel/Studio/7.0/Packs/Atmel/ATmega_DFP/1.7.374/gcc/dev/at90usb1287/avr51/crtat90usb1287.o
                0x00000160                __init
 *(.init0)
 *(.init1)
 *(.init1)
 *(.init2)
 .init2         0x00000160        0xc C:/Program Files (x86)/Atmel/Studio/7.0/Packs/Atmel/ATmega_DFP/1.7.374/gcc/dev/at90usb1287/avr51/crtat90usb1287.o
 *(.init2)
 *(.init3)
 *(.init3)
 *(.init4)
 .init4         0x0000016c       0x1a c:/program files (x86)/atmel/studio/7.0/toolchain/avr8/avr8-gnu-toolchain/bin/../lib/gcc/avr/5.4.0/avr51\libgcc.a(_copy_data.o)
                0x0000016c                __do_copy_data
 .init4         0x00000186       0x10 c:/program files (x86)/atmel/studio/7.0/toolchain/avr8/avr8-gnu-toolchain/bin/../lib/gcc/avr/5.4.0/avr51\libgcc.a(_clear_bss.o)
                0x00000186                __do_clear_bss
 *(.init4)
 *(.init5)
 *(.init5)
 *(.init6)
 *(.init6)
 *(.init7)
 *(.init7)
 *(.init8)
 *(.init8)
 *(.init9)
 .init9         0x00000196        0x4 C:/Program Files (x86)/Atmel/Studio/7.0/Packs/Atmel/ATmega_DFP/1.7.374/gcc/dev/at90usb1287/avr51/crtat90usb1287.o
 *(.init9)
 *(.text)
 .text          0x0000019a        0x2 C:/Program Files (x86)/Atmel/Studio/7.0/Packs/Atmel/ATmega_DFP/1.7.374/gcc/dev/at90usb1287/avr51/crtat90usb1287.o
                0x0000019a                __vector_22
                0x0000019a                __vector_28
                0x0000019a                __vector_1
                0x0000019a                __vector_32
                0x0000019a                __vector_34
                0x0000019a                __vector_24
                0x0000019a                __vector_12
                0x0000019a                __bad_interrupt
                0x0000019a                __vector_6
                0x0000019a                __vector_31
                0x0000019a                __vector_35
                0x0000019a                __vector_3
                0x0000019a                __vector_23
                0x0000019a                __vector_30
                0x0000019a                __vector_25
                0x0000019a                __vector_11
                0x0000019a                __vector_13
                0x0000019a                __vector_17
                0x0000019a                __vector_19
                0x0000019a                __vector_7
                0x0000019a                __vector_27
                0x0000019a                __vector_5
                0x0000019a                __vector_33
                0x0000019a                __vector_37
                0x0000019a                __vector_4
                0x0000019a                __vector_9
                0x0000019a                __vector_2
                0x0000019a                __vector_15
                0x0000019a                __vector_36
                0x0000019a                __vector_29
                0x0000019a                __vector_8
                0x0000019a                __vector_26
                0x0000019a                __vector_14
                0x0000019a                __vector_16
                0x0000019a                __vector_18
                0x0000019a                __vector_20
                0x0000019c                . = ALIGN (0x2)
 *(.text.*)
 .text.SetupHardware
                0x0000019c       0x5e AudioInput.o
                0x0000019c                SetupHardware
 .text.main     0x000001fa        0x8 AudioInput.o
                0x000001fa                main
 .text.__vector_21
                0x00000202       0xc8 AudioInput.o
                0x00000202                __vector_21
 .text.EVENT_USB_Device_Connect
                0x000002ca       0x2e AudioInput.o
                0x000002ca                EVENT_USB_Device_Connect
 .text.EVENT_USB_Device_Disconnect
                0x000002f8        0x4 AudioInput.o
                0x000002f8                EVENT_USB_Device_Disconnect
 .text.EVENT_USB_Device_ConfigurationChanged
                0x000002fc        0x8 AudioInput.o
                0x000002fc                EVENT_USB_Device_ConfigurationChanged
 .text.EVENT_USB_Device_ControlRequest
                0x00000304        0x8 AudioInput.o
                0x00000304                EVENT_USB_Device_ControlRequest
 .text.CALLBACK_Audio_Device_GetSetEndpointProperty
                0x0000030c       0xbe AudioInput.o
                0x0000030c                CALLBACK_Audio_Device_GetSetEndpointProperty
 .text.CALLBACK_Audio_Device_GetSetInterfaceProperty
                0x000003ca        0x4 AudioInput.o
                0x000003ca                CALLBACK_Audio_Device_GetSetInterfaceProperty
 .text.CALLBACK_USB_GetDescriptor
                0x000003ce       0x78 Descriptors.o
                0x000003ce                CALLBACK_USB_GetDescriptor
 .text.Audio_Device_ConfigureEndpoints
                0x00000446       0x28 src/LUFA/LUFA/Drivers/USB/Class/Device/AudioClassDevice.o
                0x00000446                Audio_Device_ConfigureEndpoints
 .text.Audio_Device_Event_Stub
                0x0000046e        0x2 src/LUFA/LUFA/Drivers/USB/Class/Device/AudioClassDevice.o
                0x0000046e                EVENT_Audio_Device_StreamStartStop
                0x0000046e                Audio_Device_Event_Stub
 .text.Audio_Device_ProcessControlRequest
                0x00000470      0x2fa src/LUFA/LUFA/Drivers/USB/Class/Device/AudioClassDevice.o
                0x00000470                Audio_Device_ProcessControlRequest
 .text.Endpoint_Write_Control_Stream_LE
                0x0000076a       0xd0 src/LUFA/LUFA/Drivers/USB/Core/AVR8/EndpointStream_AVR8.o
                0x0000076a                Endpoint_Write_Control_Stream_LE
 .text.Endpoint_Read_Control_Stream_LE
                0x0000083a       0x8e src/LUFA/LUFA/Drivers/USB/Core/AVR8/EndpointStream_AVR8.o
                0x0000083a                Endpoint_Read_Control_Stream_LE
 .text.Endpoint_Write_Control_PStream_LE
                0x000008c8       0xd2 src/LUFA/LUFA/Drivers/USB/Core/AVR8/EndpointStream_AVR8.o
                0x000008c8                Endpoint_Write_Control_PStream_LE
 .text.Endpoint_ConfigureEndpoint_Prv
                0x0000099a       0x68 src/LUFA/LUFA/Drivers/USB/Core/AVR8/Endpoint_AVR8.o
                0x0000099a                Endpoint_ConfigureEndpoint_Prv
 .text.Endpoint_ConfigureEndpointTable
                0x00000a02       0x8c src/LUFA/LUFA/Drivers/USB/Core/AVR8/Endpoint_AVR8.o
                0x00000a02                Endpoint_ConfigureEndpointTable
 .text.Endpoint_ClearStatusStage
                0x00000a8e       0x42 src/LUFA/LUFA/Drivers/USB/Core/AVR8/Endpoint_AVR8.o
                0x00000a8e                Endpoint_ClearStatusStage
 .text.USB_Init_Device
                0x00000ad0       0x56 src/LUFA/LUFA/Drivers/USB/Core/AVR8/USBController_AVR8.o
 .text.USB_ResetInterface
                0x00000b26       0x38 src/LUFA/LUFA/Drivers/USB/Core/AVR8/USBController_AVR8.o
                0x00000b26                USB_ResetInterface
 .text.USB_Init
                0x00000b5e       0x1e src/LUFA/LUFA/Drivers/USB/Core/AVR8/USBController_AVR8.o
                0x00000b5e                USB_Init
 .text.USB_INT_DisableAllInterrupts
                0x00000b7c       0x10 src/LUFA/LUFA/Drivers/USB/Core/AVR8/USBInterrupt_AVR8.o
                0x00000b7c                USB_INT_DisableAllInterrupts
 .text.USB_INT_ClearAllInterrupts
                0x00000b8c        0xa src/LUFA/LUFA/Drivers/USB/Core/AVR8/USBInterrupt_AVR8.o
                0x00000b8c                USB_INT_ClearAllInterrupts
 .text.__vector_10
                0x00000b96      0x188 src/LUFA/LUFA/Drivers/USB/Core/AVR8/USBInterrupt_AVR8.o
                0x00000b96                __vector_10
 .text.USB_Device_GetStatus
                0x00000d1e       0x60 src/LUFA/LUFA/Drivers/USB/Core/DeviceStandardReq.o
 .text.USB_Device_ClearSetFeature
                0x00000d7e       0x98 src/LUFA/LUFA/Drivers/USB/Core/DeviceStandardReq.o
 .text.USB_Device_SetAddress
                0x00000e16       0x44 src/LUFA/LUFA/Drivers/USB/Core/DeviceStandardReq.o
 .text.USB_Device_GetConfiguration
                0x00000e5a       0x1c src/LUFA/LUFA/Drivers/USB/Core/DeviceStandardReq.o
 .text.USB_Device_GetInternalSerialDescriptor
                0x00000e76       0xa4 src/LUFA/LUFA/Drivers/USB/Core/DeviceStandardReq.o
 .text.USB_Device_GetDescriptor
                0x00000f1a       0x60 src/LUFA/LUFA/Drivers/USB/Core/DeviceStandardReq.o
 .text.USB_Device_SetConfiguration
                0x00000f7a       0x48 src/LUFA/LUFA/Drivers/USB/Core/DeviceStandardReq.o
 .text.USB_Device_ProcessControlRequest
                0x00000fc2       0x9e src/LUFA/LUFA/Drivers/USB/Core/DeviceStandardReq.o
                0x00000fc2                USB_Device_ProcessControlRequest
 .text.USB_Event_Stub
                0x00001060        0x2 src/LUFA/LUFA/Drivers/USB/Core/Events.o
                0x00001060                USB_Event_Stub
                0x00001060                EVENT_USB_Device_Suspend
                0x00001060                EVENT_USB_Device_StartOfFrame
                0x00001060                EVENT_USB_Device_Reset
                0x00001060                EVENT_USB_Device_WakeUp
 .text.USB_DeviceTask
                0x00001062       0x34 src/LUFA/LUFA/Drivers/USB/Core/USBTask.o
 .text.USB_USBTask
                0x00001096        0x4 src/LUFA/LUFA/Drivers/USB/Core/USBTask.o
                0x00001096                USB_USBTask
 .text.libgcc.div
                0x0000109a       0x44 c:/program files (x86)/atmel/studio/7.0/toolchain/avr8/avr8-gnu-toolchain/bin/../lib/gcc/avr/5.4.0/avr51\libgcc.a(_udivmodsi4.o)
                0x0000109a                __udivmodsi4
                0x000010de                . = ALIGN (0x2)
 *(.fini9)
 .fini9         0x000010de        0x0 c:/program files (x86)/atmel/studio/7.0/toolchain/avr8/avr8-gnu-toolchain/bin/../lib/gcc/avr/5.4.0/avr51\libgcc.a(_exit.o)
                0x000010de                _exit
                0x000010de                exit
 *(.fini9)
 *(.fini8)
 *(.fini8)
 *(.fini7)
 *(.fini7)
 *(.fini6)
 *(.fini6)
 *(.fini5)
 *(.fini5)
 *(.fini4)
 *(.fini4)
 *(.fini3)
 *(.fini3)
 *(.fini2)
 *(.fini2)
 *(.fini1)
 *(.fini1)
 *(.fini0)
 .fini0         0x000010de        0x4 c:/program files (x86)/atmel/studio/7.0/toolchain/avr8/avr8-gnu-toolchain/bin/../lib/gcc/avr/5.4.0/avr51\libgcc.a(_exit.o)
 *(.fini0)
                0x000010e2                _etext = .

.data           0x00800100       0x12 load address 0x000010e2
                0x00800100                PROVIDE (__data_start, .)
 *(.data)
 *(.data*)
 .data.CurrentAudioSampleFrequency
                0x00800100        0x4 AudioInput.o
 .data.Microphone_Audio_Interface
                0x00800104        0xd AudioInput.o
                0x00800104                Microphone_Audio_Interface
 *(.gnu.linkonce.d*)
 *(.rodata)
 *(.rodata*)
 *(.gnu.linkonce.r*)
                0x00800112                . = ALIGN (0x2)
 *fill*         0x00800111        0x1 
                0x00800112                _edata = .
                0x00800112                PROVIDE (__data_end, .)

.bss            0x00800112       0x10
                0x00800112                PROVIDE (__bss_start, .)
 *(.bss)
 *(.bss*)
 .bss.CurrentWaveValue.4367
                0x00800112        0x2 AudioInput.o
 .bss.SquareWaveSampleCount.4366
                0x00800114        0x1 AudioInput.o
 *(COMMON)
 COMMON         0x00800115        0x3 src/LUFA/LUFA/Drivers/USB/Core/DeviceStandardReq.o
                0x00800115                USB_Device_ConfigurationNumber
                0x00800116                USB_Device_CurrentlySelfPowered
                0x00800117                USB_Device_RemoteWakeupEnabled
 COMMON         0x00800118        0xa src/LUFA/LUFA/Drivers/USB/Core/USBTask.o
                0x00800118                USB_IsInitialized
                0x00800119                USB_DeviceState
                0x0080011a                USB_ControlRequest
                0x00800122                PROVIDE (__bss_end, .)
                0x000010e2                __data_load_start = LOADADDR (.data)
                0x000010f4                __data_load_end = (__data_load_start + SIZEOF (.data))

.noinit         0x00800122        0x0
                [!provide]                PROVIDE (__noinit_start, .)
 *(.noinit*)
                [!provide]                PROVIDE (__noinit_end, .)
                0x00800122                _end = .
                [!provide]                PROVIDE (__heap_start, .)

.eeprom         0x00810000        0x0
 *(.eeprom*)
                0x00810000                __eeprom_end = .

.fuse
 *(.fuse)
 *(.lfuse)
 *(.hfuse)
 *(.efuse)

.lock
 *(.lock*)

.signature
 *(.signature*)

.user_signatures
 *(.user_signatures*)

.stab
 *(.stab)

.stabstr
 *(.stabstr)

.stab.excl
 *(.stab.excl)

.stab.exclstr
 *(.stab.exclstr)

.stab.index
 *(.stab.index)

.stab.indexstr
 *(.stab.indexstr)

.comment        0x00000000       0x30
 *(.comment)
 .comment       0x00000000       0x30 AudioInput.o
                                 0x31 (size before relaxing)
 .comment       0x00000030       0x31 Descriptors.o
 .comment       0x00000030       0x31 src/LUFA/LUFA/Drivers/USB/Class/Device/AudioClassDevice.o
 .comment       0x00000030       0x31 src/LUFA/LUFA/Drivers/USB/Core/AVR8/EndpointStream_AVR8.o
 .comment       0x00000030       0x31 src/LUFA/LUFA/Drivers/USB/Core/AVR8/Endpoint_AVR8.o
 .comment       0x00000030       0x31 src/LUFA/LUFA/Drivers/USB/Core/AVR8/USBController_AVR8.o
 .comment       0x00000030       0x31 src/LUFA/LUFA/Drivers/USB/Core/AVR8/USBInterrupt_AVR8.o
 .comment       0x00000030       0x31 src/LUFA/LUFA/Drivers/USB/Core/DeviceStandardReq.o
 .comment       0x00000030       0x31 src/LUFA/LUFA/Drivers/USB/Core/Events.o
 .comment       0x00000030       0x31 src/LUFA/LUFA/Drivers/USB/Core/USBTask.o

.note.gnu.avr.deviceinfo
                0x00000000       0x40
 .note.gnu.avr.deviceinfo
                0x00000000       0x40 C:/Program Files (x86)/Atmel/Studio/7.0/Packs/Atmel/ATmega_DFP/1.7.374/gcc/dev/at90usb1287/avr51/crtat90usb1287.o

.note.gnu.build-id
 *(.note.gnu.build-id)

.debug
 *(.debug)

.line
 *(.line)

.debug_srcinfo
 *(.debug_srcinfo)

.debug_sfnames
 *(.debug_sfnames)

.debug_aranges  0x00000000      0x2c0
 *(.debug_aranges)
 .debug_aranges
                0x00000000       0x60 AudioInput.o
 .debug_aranges
                0x00000060       0x20 Descriptors.o
 .debug_aranges
                0x00000080       0x30 src/LUFA/LUFA/Drivers/USB/Class/Device/AudioClassDevice.o
 .debug_aranges
                0x000000b0       0xc8 src/LUFA/LUFA/Drivers/USB/Core/AVR8/EndpointStream_AVR8.o
 .debug_aranges
                0x00000178       0x40 src/LUFA/LUFA/Drivers/USB/Core/AVR8/Endpoint_AVR8.o
 .debug_aranges
                0x000001b8       0x38 src/LUFA/LUFA/Drivers/USB/Core/AVR8/USBController_AVR8.o
 .debug_aranges
                0x000001f0       0x30 src/LUFA/LUFA/Drivers/USB/Core/AVR8/USBInterrupt_AVR8.o
 .debug_aranges
                0x00000220       0x58 src/LUFA/LUFA/Drivers/USB/Core/DeviceStandardReq.o
 .debug_aranges
                0x00000278       0x20 src/LUFA/LUFA/Drivers/USB/Core/Events.o
 .debug_aranges
                0x00000298       0x28 src/LUFA/LUFA/Drivers/USB/Core/USBTask.o

.debug_pubnames
 *(.debug_pubnames)

.debug_info     0x00000000     0x5e58
 *(.debug_info .gnu.linkonce.wi.*)
 .debug_info    0x00000000      0xb70 C:/Program Files (x86)/Atmel/Studio/7.0/Packs/Atmel/ATmega_DFP/1.7.374/gcc/dev/at90usb1287/avr51/crtat90usb1287.o
 .debug_info    0x00000b70      0x8b8 AudioInput.o
 .debug_info    0x00001428      0xaba Descriptors.o
 .debug_info    0x00001ee2      0x882 src/LUFA/LUFA/Drivers/USB/Class/Device/AudioClassDevice.o
 .debug_info    0x00002764     0x1826 src/LUFA/LUFA/Drivers/USB/Core/AVR8/EndpointStream_AVR8.o
 .debug_info    0x00003f8a      0x624 src/LUFA/LUFA/Drivers/USB/Core/AVR8/Endpoint_AVR8.o
 .debug_info    0x000045ae      0x4f0 src/LUFA/LUFA/Drivers/USB/Core/AVR8/USBController_AVR8.o
 .debug_info    0x00004a9e      0x68b src/LUFA/LUFA/Drivers/USB/Core/AVR8/USBInterrupt_AVR8.o
 .debug_info    0x00005129      0xa47 src/LUFA/LUFA/Drivers/USB/Core/DeviceStandardReq.o
 .debug_info    0x00005b70       0x7c src/LUFA/LUFA/Drivers/USB/Core/Events.o
 .debug_info    0x00005bec      0x26c src/LUFA/LUFA/Drivers/USB/Core/USBTask.o

.debug_abbrev   0x00000000     0x1d52
 *(.debug_abbrev)
 .debug_abbrev  0x00000000      0xad2 C:/Program Files (x86)/Atmel/Studio/7.0/Packs/Atmel/ATmega_DFP/1.7.374/gcc/dev/at90usb1287/avr51/crtat90usb1287.o
 .debug_abbrev  0x00000ad2      0x341 AudioInput.o
 .debug_abbrev  0x00000e13      0x17e Descriptors.o
 .debug_abbrev  0x00000f91      0x1db src/LUFA/LUFA/Drivers/USB/Class/Device/AudioClassDevice.o
 .debug_abbrev  0x0000116c      0x20b src/LUFA/LUFA/Drivers/USB/Core/AVR8/EndpointStream_AVR8.o
 .debug_abbrev  0x00001377      0x209 src/LUFA/LUFA/Drivers/USB/Core/AVR8/Endpoint_AVR8.o
 .debug_abbrev  0x00001580      0x19e src/LUFA/LUFA/Drivers/USB/Core/AVR8/USBController_AVR8.o
 .debug_abbrev  0x0000171e      0x1b7 src/LUFA/LUFA/Drivers/USB/Core/AVR8/USBInterrupt_AVR8.o
 .debug_abbrev  0x000018d5      0x2e0 src/LUFA/LUFA/Drivers/USB/Core/DeviceStandardReq.o
 .debug_abbrev  0x00001bb5       0x47 src/LUFA/LUFA/Drivers/USB/Core/Events.o
 .debug_abbrev  0x00001bfc      0x156 src/LUFA/LUFA/Drivers/USB/Core/USBTask.o

.debug_line     0x00000000     0x82cb
 *(.debug_line .debug_line.* .debug_line_end)
 .debug_line    0x00000000      0x17c C:/Program Files (x86)/Atmel/Studio/7.0/Packs/Atmel/ATmega_DFP/1.7.374/gcc/dev/at90usb1287/avr51/crtat90usb1287.o
 .debug_line    0x0000017c     0x1069 AudioInput.o
 .debug_line    0x000011e5      0xcdd Descriptors.o
 .debug_line    0x00001ec2     0x1040 src/LUFA/LUFA/Drivers/USB/Class/Device/AudioClassDevice.o
 .debug_line    0x00002f02     0x1ba8 src/LUFA/LUFA/Drivers/USB/Core/AVR8/EndpointStream_AVR8.o
 .debug_line    0x00004aaa      0xbff src/LUFA/LUFA/Drivers/USB/Core/AVR8/Endpoint_AVR8.o
 .debug_line    0x000056a9      0x8fb src/LUFA/LUFA/Drivers/USB/Core/AVR8/USBController_AVR8.o
 .debug_line    0x00005fa4      0xafe src/LUFA/LUFA/Drivers/USB/Core/AVR8/USBInterrupt_AVR8.o
 .debug_line    0x00006aa2      0xb9b src/LUFA/LUFA/Drivers/USB/Core/DeviceStandardReq.o
 .debug_line    0x0000763d      0x47c src/LUFA/LUFA/Drivers/USB/Core/Events.o
 .debug_line    0x00007ab9      0x812 src/LUFA/LUFA/Drivers/USB/Core/USBTask.o

.debug_frame    0x00000000      0x820
 *(.debug_frame)
 .debug_frame   0x00000000      0x100 AudioInput.o
 .debug_frame   0x00000100       0x24 Descriptors.o
 .debug_frame   0x00000124       0xac src/LUFA/LUFA/Drivers/USB/Class/Device/AudioClassDevice.o
 .debug_frame   0x000001d0      0x3ac src/LUFA/LUFA/Drivers/USB/Core/AVR8/EndpointStream_AVR8.o
 .debug_frame   0x0000057c       0x78 src/LUFA/LUFA/Drivers/USB/Core/AVR8/Endpoint_AVR8.o
 .debug_frame   0x000005f4       0x6c src/LUFA/LUFA/Drivers/USB/Core/AVR8/USBController_AVR8.o
 .debug_frame   0x00000660       0x8c src/LUFA/LUFA/Drivers/USB/Core/AVR8/USBInterrupt_AVR8.o
 .debug_frame   0x000006ec       0xd4 src/LUFA/LUFA/Drivers/USB/Core/DeviceStandardReq.o
 .debug_frame   0x000007c0       0x24 src/LUFA/LUFA/Drivers/USB/Core/Events.o
 .debug_frame   0x000007e4       0x3c src/LUFA/LUFA/Drivers/USB/Core/USBTask.o

.debug_str      0x00000000    0x17898
 *(.debug_str)
 .debug_str     0x00000000      0x3f7 C:/Program Files (x86)/Atmel/Studio/7.0/Packs/Atmel/ATmega_DFP/1.7.374/gcc/dev/at90usb1287/avr51/crtat90usb1287.o
 .debug_str     0x000003f7    0x15295 AudioInput.o
                              0x1561c (size before relaxing)
 .debug_str     0x0001568c      0xb9c Descriptors.o
                              0x15047 (size before relaxing)
 .debug_str     0x00016228      0x21a src/LUFA/LUFA/Drivers/USB/Class/Device/AudioClassDevice.o
                              0x1484c (size before relaxing)
 .debug_str     0x00016442      0xa08 src/LUFA/LUFA/Drivers/USB/Core/AVR8/EndpointStream_AVR8.o
                               0xef5b (size before relaxing)
 .debug_str     0x00016e4a      0x26c src/LUFA/LUFA/Drivers/USB/Core/AVR8/Endpoint_AVR8.o
                               0xe5fe (size before relaxing)
 .debug_str     0x000170b6      0x2a4 src/LUFA/LUFA/Drivers/USB/Core/AVR8/USBController_AVR8.o
                               0xe55e (size before relaxing)
 .debug_str     0x0001735a      0x138 src/LUFA/LUFA/Drivers/USB/Core/AVR8/USBInterrupt_AVR8.o
                               0xe512 (size before relaxing)
 .debug_str     0x00017492      0x35e src/LUFA/LUFA/Drivers/USB/Core/DeviceStandardReq.o
                               0xe9cf (size before relaxing)
 .debug_str     0x000177f0       0x53 src/LUFA/LUFA/Drivers/USB/Core/Events.o
                               0xd790 (size before relaxing)
 .debug_str     0x00017843       0x55 src/LUFA/LUFA/Drivers/USB/Core/USBTask.o
                               0xe37d (size before relaxing)

.debug_loc      0x00000000     0x3215
 *(.debug_loc)
 .debug_loc     0x00000000      0x353 AudioInput.o
 .debug_loc     0x00000353      0x247 Descriptors.o
 .debug_loc     0x0000059a      0x380 src/LUFA/LUFA/Drivers/USB/Class/Device/AudioClassDevice.o
 .debug_loc     0x0000091a     0x1dd3 src/LUFA/LUFA/Drivers/USB/Core/AVR8/EndpointStream_AVR8.o
 .debug_loc     0x000026ed      0x3c9 src/LUFA/LUFA/Drivers/USB/Core/AVR8/Endpoint_AVR8.o
 .debug_loc     0x00002ab6       0xea src/LUFA/LUFA/Drivers/USB/Core/AVR8/USBController_AVR8.o
 .debug_loc     0x00002ba0      0x2ab src/LUFA/LUFA/Drivers/USB/Core/AVR8/USBInterrupt_AVR8.o
 .debug_loc     0x00002e4b      0x381 src/LUFA/LUFA/Drivers/USB/Core/DeviceStandardReq.o
 .debug_loc     0x000031cc       0x49 src/LUFA/LUFA/Drivers/USB/Core/USBTask.o

.debug_macinfo
 *(.debug_macinfo)

.debug_weaknames
 *(.debug_weaknames)

.debug_funcnames
 *(.debug_funcnames)

.debug_typenames
 *(.debug_typenames)

.debug_varnames
 *(.debug_varnames)

.debug_pubtypes
 *(.debug_pubtypes)

.debug_ranges   0x00000000      0x4f0
 *(.debug_ranges)
 .debug_ranges  0x00000000       0x50 AudioInput.o
 .debug_ranges  0x00000050       0x10 Descriptors.o
 .debug_ranges  0x00000060       0x20 src/LUFA/LUFA/Drivers/USB/Class/Device/AudioClassDevice.o
 .debug_ranges  0x00000080      0x328 src/LUFA/LUFA/Drivers/USB/Core/AVR8/EndpointStream_AVR8.o
 .debug_ranges  0x000003a8       0x60 src/LUFA/LUFA/Drivers/USB/Core/AVR8/Endpoint_AVR8.o
 .debug_ranges  0x00000408       0x28 src/LUFA/LUFA/Drivers/USB/Core/AVR8/USBController_AVR8.o
 .debug_ranges  0x00000430       0x20 src/LUFA/LUFA/Drivers/USB/Core/AVR8/USBInterrupt_AVR8.o
 .debug_ranges  0x00000450       0x78 src/LUFA/LUFA/Drivers/USB/Core/DeviceStandardReq.o
 .debug_ranges  0x000004c8       0x10 src/LUFA/LUFA/Drivers/USB/Core/Events.o
 .debug_ranges  0x000004d8       0x18 src/LUFA/LUFA/Drivers/USB/Core/USBTask.o

.debug_macro    0x00000000     0x740f
 *(.debug_macro)
 .debug_macro   0x00000000      0x4b0 AudioInput.o
 .debug_macro   0x000004b0      0xa84 AudioInput.o
 .debug_macro   0x00000f34       0x10 AudioInput.o
 .debug_macro   0x00000f44      0x1c9 AudioInput.o
 .debug_macro   0x0000110d      0x2fc AudioInput.o
 .debug_macro   0x00001409       0x9e AudioInput.o
 .debug_macro   0x000014a7     0x1a6e AudioInput.o
 .debug_macro   0x00002f15      0x1e0 AudioInput.o
 .debug_macro   0x000030f5       0xcb AudioInput.o
 .debug_macro   0x000031c0       0x34 AudioInput.o
 .debug_macro   0x000031f4       0x18 AudioInput.o
 .debug_macro   0x0000320c       0x6c AudioInput.o
 .debug_macro   0x00003278       0x68 AudioInput.o
 .debug_macro   0x000032e0       0x9d AudioInput.o
 .debug_macro   0x0000337d       0x69 AudioInput.o
 .debug_macro   0x000033e6       0x10 AudioInput.o
 .debug_macro   0x000033f6       0x10 AudioInput.o
 .debug_macro   0x00003406       0x22 AudioInput.o
 .debug_macro   0x00003428       0x16 AudioInput.o
 .debug_macro   0x0000343e       0x97 AudioInput.o
 .debug_macro   0x000034d5       0x16 AudioInput.o
 .debug_macro   0x000034eb       0xf6 AudioInput.o
 .debug_macro   0x000035e1       0x22 AudioInput.o
 .debug_macro   0x00003603      0x1a7 AudioInput.o
 .debug_macro   0x000037aa       0x36 AudioInput.o
 .debug_macro   0x000037e0       0x1c AudioInput.o
 .debug_macro   0x000037fc       0x68 AudioInput.o
 .debug_macro   0x00003864       0x28 AudioInput.o
 .debug_macro   0x0000388c       0x10 AudioInput.o
 .debug_macro   0x0000389c       0x35 AudioInput.o
 .debug_macro   0x000038d1      0x175 AudioInput.o
 .debug_macro   0x00003a46       0x33 AudioInput.o
 .debug_macro   0x00003a79      0x10c AudioInput.o
 .debug_macro   0x00003b85      0x160 AudioInput.o
 .debug_macro   0x00003ce5      0x160 AudioInput.o
 .debug_macro   0x00003e45       0x10 AudioInput.o
 .debug_macro   0x00003e55       0x1c AudioInput.o
 .debug_macro   0x00003e71       0x86 AudioInput.o
 .debug_macro   0x00003ef7       0x3c AudioInput.o
 .debug_macro   0x00003f33       0x2e AudioInput.o
 .debug_macro   0x00003f61       0x16 AudioInput.o
 .debug_macro   0x00003f77       0x10 AudioInput.o
 .debug_macro   0x00003f87       0xa7 AudioInput.o
 .debug_macro   0x0000402e       0x12 AudioInput.o
 .debug_macro   0x00004040       0x20 AudioInput.o
 .debug_macro   0x00004060       0x4d AudioInput.o
 .debug_macro   0x000040ad       0x73 AudioInput.o
 .debug_macro   0x00004120       0x16 AudioInput.o
 .debug_macro   0x00004136       0x12 AudioInput.o
 .debug_macro   0x00004148       0x22 AudioInput.o
 .debug_macro   0x0000416a       0x64 AudioInput.o
 .debug_macro   0x000041ce       0x41 AudioInput.o
 .debug_macro   0x0000420f       0x10 AudioInput.o
 .debug_macro   0x0000421f       0x1c AudioInput.o
 .debug_macro   0x0000423b       0x16 AudioInput.o
 .debug_macro   0x00004251       0x16 AudioInput.o
 .debug_macro   0x00004267      0x12c AudioInput.o
 .debug_macro   0x00004393       0x16 AudioInput.o
 .debug_macro   0x000043a9       0x46 AudioInput.o
 .debug_macro   0x000043ef       0x58 AudioInput.o
 .debug_macro   0x00004447       0x10 AudioInput.o
 .debug_macro   0x00004457       0xf2 AudioInput.o
 .debug_macro   0x00004549       0x16 AudioInput.o
 .debug_macro   0x0000455f      0x154 AudioInput.o
 .debug_macro   0x000046b3       0x2a AudioInput.o
 .debug_macro   0x000046dd      0x6ce AudioInput.o
 .debug_macro   0x00004dab       0x16 AudioInput.o
 .debug_macro   0x00004dc1      0x132 AudioInput.o
 .debug_macro   0x00004ef3       0x16 AudioInput.o
 .debug_macro   0x00004f09       0x10 AudioInput.o
 .debug_macro   0x00004f19       0x6c AudioInput.o
 .debug_macro   0x00004f85       0x16 AudioInput.o
 .debug_macro   0x00004f9b       0x1c AudioInput.o
 .debug_macro   0x00004fb7       0x16 AudioInput.o
 .debug_macro   0x00004fcd       0x10 AudioInput.o
 .debug_macro   0x00004fdd      0x1be AudioInput.o
 .debug_macro   0x0000519b       0x16 AudioInput.o
 .debug_macro   0x000051b1       0x1c AudioInput.o
 .debug_macro   0x000051cd       0x10 AudioInput.o
 .debug_macro   0x000051dd       0x28 AudioInput.o
 .debug_macro   0x00005205      0x440 Descriptors.o
 .debug_macro   0x00005645      0x302 Descriptors.o
 .debug_macro   0x00005947      0x442 src/LUFA/LUFA/Drivers/USB/Class/Device/AudioClassDevice.o
 .debug_macro   0x00005d89       0x40 src/LUFA/LUFA/Drivers/USB/Class/Device/AudioClassDevice.o
 .debug_macro   0x00005dc9      0x132 src/LUFA/LUFA/Drivers/USB/Class/Device/AudioClassDevice.o
 .debug_macro   0x00005efb      0x60e src/LUFA/LUFA/Drivers/USB/Core/AVR8/EndpointStream_AVR8.o
 .debug_macro   0x00006509       0x28 src/LUFA/LUFA/Drivers/USB/Core/AVR8/EndpointStream_AVR8.o
 .debug_macro   0x00006531       0x1c src/LUFA/LUFA/Drivers/USB/Core/AVR8/EndpointStream_AVR8.o
 .debug_macro   0x0000654d       0x1c src/LUFA/LUFA/Drivers/USB/Core/AVR8/EndpointStream_AVR8.o
 .debug_macro   0x00006569      0x2a5 src/LUFA/LUFA/Drivers/USB/Core/AVR8/Endpoint_AVR8.o
 .debug_macro   0x0000680e       0x10 src/LUFA/LUFA/Drivers/USB/Core/AVR8/Endpoint_AVR8.o
 .debug_macro   0x0000681e      0x277 src/LUFA/LUFA/Drivers/USB/Core/AVR8/USBController_AVR8.o
 .debug_macro   0x00006a95       0x79 src/LUFA/LUFA/Drivers/USB/Core/AVR8/USBController_AVR8.o
 .debug_macro   0x00006b0e      0x27f src/LUFA/LUFA/Drivers/USB/Core/AVR8/USBInterrupt_AVR8.o
 .debug_macro   0x00006d8d      0x27d src/LUFA/LUFA/Drivers/USB/Core/DeviceStandardReq.o
 .debug_macro   0x0000700a      0x182 src/LUFA/LUFA/Drivers/USB/Core/Events.o
 .debug_macro   0x0000718c      0x283 src/LUFA/LUFA/Drivers/USB/Core/USBTask.o
OUTPUT(at90audioinput.elf elf32-avr)
LOAD linker stubs
