Archive member included to satisfy reference by file (symbol)

c:/program files (x86)/atmel/studio/7.0/toolchain/avr8/avr8-gnu-toolchain/bin/../lib/gcc/avr/5.4.0/avr51\libgcc.a(_exit.o)
                              C:/Program Files (x86)/Atmel/Studio/7.0/Packs/Atmel/ATmega_DFP/1.7.374/gcc/dev/at90usb1287/avr51/crtat90usb1287.o (exit)
c:/program files (x86)/atmel/studio/7.0/toolchain/avr8/avr8-gnu-toolchain/bin/../lib/gcc/avr/5.4.0/avr51\libgcc.a(_copy_data.o)
                              BootloaderPrinter.o (__do_copy_data)
c:/program files (x86)/atmel/studio/7.0/toolchain/avr8/avr8-gnu-toolchain/bin/../lib/gcc/avr/5.4.0/avr51\libgcc.a(_clear_bss.o)
                              BootloaderPrinter.o (__do_clear_bss)
c:/program files (x86)/atmel/studio/7.0/toolchain/avr8/avr8-gnu-toolchain/bin/../lib/gcc/avr/5.4.0/../../../../avr/lib/avr51\libc.a(memcpy_P.o)
                              src/LUFA/LUFA/Drivers/USB/Class/Device/RNDISClassDevice.o (memcpy_P)
c:/program files (x86)/atmel/studio/7.0/toolchain/avr8/avr8-gnu-toolchain/bin/../lib/gcc/avr/5.4.0/../../../../avr/lib/avr51\libc.a(strlen_P.o)
                              src/LUFA/LUFA/Drivers/USB/Class/Device/CDCClassDevice.o (__strlen_P)
c:/program files (x86)/atmel/studio/7.0/toolchain/avr8/avr8-gnu-toolchain/bin/../lib/gcc/avr/5.4.0/../../../../avr/lib/avr51\libc.a(memcmp.o)
                              src/LUFA/LUFA/Drivers/USB/Class/Device/HIDClassDevice.o (memcmp)
c:/program files (x86)/atmel/studio/7.0/toolchain/avr8/avr8-gnu-toolchain/bin/../lib/gcc/avr/5.4.0/../../../../avr/lib/avr51\libc.a(memcpy.o)
                              src/LUFA/LUFA/Drivers/USB/Class/Device/HIDClassDevice.o (memcpy)
c:/program files (x86)/atmel/studio/7.0/toolchain/avr8/avr8-gnu-toolchain/bin/../lib/gcc/avr/5.4.0/../../../../avr/lib/avr51\libc.a(memset.o)
                              src/LUFA/LUFA/Drivers/USB/Class/Device/HIDClassDevice.o (memset)
C:/Program Files (x86)/Atmel/Studio/7.0/Packs/Atmel/ATmega_DFP/1.7.374/gcc/dev/at90usb1287/avr51\libat90usb1287.a(eerd_byte.o)
                              src/LUFA/LUFA/Drivers/USB/Core/AVR8/EndpointStream_AVR8.o (eeprom_read_byte)
C:/Program Files (x86)/Atmel/Studio/7.0/Packs/Atmel/ATmega_DFP/1.7.374/gcc/dev/at90usb1287/avr51\libat90usb1287.a(eeupd_byte.o)
                              src/LUFA/LUFA/Drivers/USB/Core/AVR8/EndpointStream_AVR8.o (eeprom_update_byte)

Allocating common symbols
Common symbol       size              file

USB_IsInitialized   0x1               src/LUFA/LUFA/Drivers/USB/Core/USBTask.o
USB_Device_ConfigurationNumber
                    0x1               src/LUFA/LUFA/Drivers/USB/Core/DeviceStandardReq.o
HEXParser           0x13              BootloaderPrinter.o
USB_ControlRequest  0x8               src/LUFA/LUFA/Drivers/USB/Core/USBTask.o

Discarded input sections

 .data          0x00000000        0x0 C:/Program Files (x86)/Atmel/Studio/7.0/Packs/Atmel/ATmega_DFP/1.7.374/gcc/dev/at90usb1287/avr51/crtat90usb1287.o
 .bss           0x00000000        0x0 C:/Program Files (x86)/Atmel/Studio/7.0/Packs/Atmel/ATmega_DFP/1.7.374/gcc/dev/at90usb1287/avr51/crtat90usb1287.o
 .text          0x00000000        0x0 BootloaderAPI.o
 .data          0x00000000        0x0 BootloaderAPI.o
 .bss           0x00000000        0x0 BootloaderAPI.o
 .text          0x00000000        0x0 BootloaderAPITable.o
 .data          0x00000000        0x0 BootloaderAPITable.o
 .bss           0x00000000        0x0 BootloaderAPITable.o
 .text          0x00000000        0x0 BootloaderPrinter.o
 .data          0x00000000        0x0 BootloaderPrinter.o
 .bss           0x00000000        0x0 BootloaderPrinter.o
 .text.Application_Jump_Check
                0x00000000       0x8a BootloaderPrinter.o
 .text          0x00000000        0x0 Descriptors.o
 .data          0x00000000        0x0 Descriptors.o
 .bss           0x00000000        0x0 Descriptors.o
 .text          0x00000000        0x0 src/LUFA/LUFA/Drivers/USB/Class/Common/HIDParser.o
 .data          0x00000000        0x0 src/LUFA/LUFA/Drivers/USB/Class/Common/HIDParser.o
 .bss           0x00000000        0x0 src/LUFA/LUFA/Drivers/USB/Class/Common/HIDParser.o
 .text.USB_ProcessHIDReport
                0x00000000      0x6c6 src/LUFA/LUFA/Drivers/USB/Class/Common/HIDParser.o
 .text.USB_GetHIDReportItemInfo
                0x00000000       0xbc src/LUFA/LUFA/Drivers/USB/Class/Common/HIDParser.o
 .text.USB_SetHIDReportItemInfo
                0x00000000       0xc0 src/LUFA/LUFA/Drivers/USB/Class/Common/HIDParser.o
 .text.USB_GetHIDReportSize
                0x00000000       0x56 src/LUFA/LUFA/Drivers/USB/Class/Common/HIDParser.o
 .comment       0x00000000       0x31 src/LUFA/LUFA/Drivers/USB/Class/Common/HIDParser.o
 .text          0x00000000        0x0 src/LUFA/LUFA/Drivers/USB/Class/Device/AudioClassDevice.o
 .data          0x00000000        0x0 src/LUFA/LUFA/Drivers/USB/Class/Device/AudioClassDevice.o
 .bss           0x00000000        0x0 src/LUFA/LUFA/Drivers/USB/Class/Device/AudioClassDevice.o
 .text.Audio_Device_ConfigureEndpoints
                0x00000000       0x32 src/LUFA/LUFA/Drivers/USB/Class/Device/AudioClassDevice.o
 .text.Audio_Device_Event_Stub
                0x00000000        0x2 src/LUFA/LUFA/Drivers/USB/Class/Device/AudioClassDevice.o
 .text.Audio_Device_ProcessControlRequest
                0x00000000      0x2e4 src/LUFA/LUFA/Drivers/USB/Class/Device/AudioClassDevice.o
 .comment       0x00000000       0x31 src/LUFA/LUFA/Drivers/USB/Class/Device/AudioClassDevice.o
 .text          0x00000000        0x0 src/LUFA/LUFA/Drivers/USB/Class/Device/CDCClassDevice.o
 .data          0x00000000        0x0 src/LUFA/LUFA/Drivers/USB/Class/Device/CDCClassDevice.o
 .bss           0x00000000        0x0 src/LUFA/LUFA/Drivers/USB/Class/Device/CDCClassDevice.o
 .text.CDC_Device_ConfigureEndpoints
                0x00000000       0x50 src/LUFA/LUFA/Drivers/USB/Class/Device/CDCClassDevice.o
 .text.CDC_Device_SendString
                0x00000000       0x40 src/LUFA/LUFA/Drivers/USB/Class/Device/CDCClassDevice.o
 .text.CDC_Device_SendString_P
                0x00000000       0x50 src/LUFA/LUFA/Drivers/USB/Class/Device/CDCClassDevice.o
 .text.CDC_Device_SendData
                0x00000000       0x32 src/LUFA/LUFA/Drivers/USB/Class/Device/CDCClassDevice.o
 .text.CDC_Device_SendData_P
                0x00000000       0x32 src/LUFA/LUFA/Drivers/USB/Class/Device/CDCClassDevice.o
 .text.CDC_Device_SendByte
                0x00000000       0x56 src/LUFA/LUFA/Drivers/USB/Class/Device/CDCClassDevice.o
 .text.CDC_Device_putchar
                0x00000000       0x22 src/LUFA/LUFA/Drivers/USB/Class/Device/CDCClassDevice.o
 .text.CDC_Device_Flush
                0x00000000       0x58 src/LUFA/LUFA/Drivers/USB/Class/Device/CDCClassDevice.o
 .text.CDC_Device_USBTask
                0x00000000       0x2c src/LUFA/LUFA/Drivers/USB/Class/Device/CDCClassDevice.o
 .text.CDC_Device_BytesReceived
                0x00000000       0x50 src/LUFA/LUFA/Drivers/USB/Class/Device/CDCClassDevice.o
 .text.CDC_Device_ReceiveByte
                0x00000000       0x60 src/LUFA/LUFA/Drivers/USB/Class/Device/CDCClassDevice.o
 .text.CDC_Device_getchar
                0x00000000       0x14 src/LUFA/LUFA/Drivers/USB/Class/Device/CDCClassDevice.o
 .text.CDC_Device_getchar_Blocking
                0x00000000       0x30 src/LUFA/LUFA/Drivers/USB/Class/Device/CDCClassDevice.o
 .rodata        0x00000000        0x8 src/LUFA/LUFA/Drivers/USB/Class/Device/CDCClassDevice.o
 .text.CDC_Device_SendControlLineStateChange
                0x00000000       0x8c src/LUFA/LUFA/Drivers/USB/Class/Device/CDCClassDevice.o
 .text.CDC_Device_CreateStream
                0x00000000       0x26 src/LUFA/LUFA/Drivers/USB/Class/Device/CDCClassDevice.o
 .text.CDC_Device_CreateBlockingStream
                0x00000000       0x26 src/LUFA/LUFA/Drivers/USB/Class/Device/CDCClassDevice.o
 .text.CDC_Device_Event_Stub
                0x00000000        0x2 src/LUFA/LUFA/Drivers/USB/Class/Device/CDCClassDevice.o
 .text.CDC_Device_ProcessControlRequest
                0x00000000      0x16c src/LUFA/LUFA/Drivers/USB/Class/Device/CDCClassDevice.o
 .comment       0x00000000       0x31 src/LUFA/LUFA/Drivers/USB/Class/Device/CDCClassDevice.o
 .text          0x00000000        0x0 src/LUFA/LUFA/Drivers/USB/Class/Device/HIDClassDevice.o
 .data          0x00000000        0x0 src/LUFA/LUFA/Drivers/USB/Class/Device/HIDClassDevice.o
 .bss           0x00000000        0x0 src/LUFA/LUFA/Drivers/USB/Class/Device/HIDClassDevice.o
 .text.HID_Device_ProcessControlRequest
                0x00000000      0x278 src/LUFA/LUFA/Drivers/USB/Class/Device/HIDClassDevice.o
 .text.HID_Device_ConfigureEndpoints
                0x00000000       0x28 src/LUFA/LUFA/Drivers/USB/Class/Device/HIDClassDevice.o
 .text.HID_Device_USBTask
                0x00000000      0x17a src/LUFA/LUFA/Drivers/USB/Class/Device/HIDClassDevice.o
 .comment       0x00000000       0x31 src/LUFA/LUFA/Drivers/USB/Class/Device/HIDClassDevice.o
 .text          0x00000000        0x0 src/LUFA/LUFA/Drivers/USB/Class/Device/MassStorageClassDevice.o
 .data          0x00000000        0x0 src/LUFA/LUFA/Drivers/USB/Class/Device/MassStorageClassDevice.o
 .bss           0x00000000        0x0 src/LUFA/LUFA/Drivers/USB/Class/Device/MassStorageClassDevice.o
 .text.MS_Device_ProcessControlRequest
                0x00000000       0x86 src/LUFA/LUFA/Drivers/USB/Class/Device/MassStorageClassDevice.o
 .text.MS_Device_ConfigureEndpoints
                0x00000000       0x3e src/LUFA/LUFA/Drivers/USB/Class/Device/MassStorageClassDevice.o
 .text.MS_Device_USBTask
                0x00000000      0x23c src/LUFA/LUFA/Drivers/USB/Class/Device/MassStorageClassDevice.o
 .comment       0x00000000       0x31 src/LUFA/LUFA/Drivers/USB/Class/Device/MassStorageClassDevice.o
 .text          0x00000000        0x0 src/LUFA/LUFA/Drivers/USB/Class/Device/MIDIClassDevice.o
 .data          0x00000000        0x0 src/LUFA/LUFA/Drivers/USB/Class/Device/MIDIClassDevice.o
 .bss           0x00000000        0x0 src/LUFA/LUFA/Drivers/USB/Class/Device/MIDIClassDevice.o
 .text.MIDI_Device_ConfigureEndpoints
                0x00000000       0x32 src/LUFA/LUFA/Drivers/USB/Class/Device/MIDIClassDevice.o
 .text.MIDI_Device_SendEventPacket
                0x00000000       0x44 src/LUFA/LUFA/Drivers/USB/Class/Device/MIDIClassDevice.o
 .text.MIDI_Device_Flush
                0x00000000       0x32 src/LUFA/LUFA/Drivers/USB/Class/Device/MIDIClassDevice.o
 .text.MIDI_Device_USBTask
                0x00000000       0x20 src/LUFA/LUFA/Drivers/USB/Class/Device/MIDIClassDevice.o
 .text.MIDI_Device_ReceiveEventPacket
                0x00000000       0x48 src/LUFA/LUFA/Drivers/USB/Class/Device/MIDIClassDevice.o
 .comment       0x00000000       0x31 src/LUFA/LUFA/Drivers/USB/Class/Device/MIDIClassDevice.o
 .text          0x00000000        0x0 src/LUFA/LUFA/Drivers/USB/Class/Device/PrinterClassDevice.o
 .data          0x00000000        0x0 src/LUFA/LUFA/Drivers/USB/Class/Device/PrinterClassDevice.o
 .bss           0x00000000        0x0 src/LUFA/LUFA/Drivers/USB/Class/Device/PrinterClassDevice.o
 .text.PRNT_Device_SendString
                0x00000000       0x30 src/LUFA/LUFA/Drivers/USB/Class/Device/PrinterClassDevice.o
 .text.PRNT_Device_SendData
                0x00000000       0x22 src/LUFA/LUFA/Drivers/USB/Class/Device/PrinterClassDevice.o
 .text.PRNT_Device_SendByte
                0x00000000       0x3e src/LUFA/LUFA/Drivers/USB/Class/Device/PrinterClassDevice.o
 .text.PRNT_Device_putchar
                0x00000000       0x22 src/LUFA/LUFA/Drivers/USB/Class/Device/PrinterClassDevice.o
 .text.PRNT_Device_getchar
                0x00000000       0x14 src/LUFA/LUFA/Drivers/USB/Class/Device/PrinterClassDevice.o
 .text.PRNT_Device_getchar_Blocking
                0x00000000       0x30 src/LUFA/LUFA/Drivers/USB/Class/Device/PrinterClassDevice.o
 .text.PRNT_Device_CreateStream
                0x00000000       0x26 src/LUFA/LUFA/Drivers/USB/Class/Device/PrinterClassDevice.o
 .text.PRNT_Device_CreateBlockingStream
                0x00000000       0x26 src/LUFA/LUFA/Drivers/USB/Class/Device/PrinterClassDevice.o
 .text          0x00000000        0x0 src/LUFA/LUFA/Drivers/USB/Class/Device/RNDISClassDevice.o
 .data          0x00000000        0x0 src/LUFA/LUFA/Drivers/USB/Class/Device/RNDISClassDevice.o
 .bss           0x00000000        0x0 src/LUFA/LUFA/Drivers/USB/Class/Device/RNDISClassDevice.o
 .text.RNDIS_Device_ProcessControlRequest
                0x00000000      0x506 src/LUFA/LUFA/Drivers/USB/Class/Device/RNDISClassDevice.o
 .text.RNDIS_Device_ConfigureEndpoints
                0x00000000       0x64 src/LUFA/LUFA/Drivers/USB/Class/Device/RNDISClassDevice.o
 .rodata        0x00000000        0x8 src/LUFA/LUFA/Drivers/USB/Class/Device/RNDISClassDevice.o
 .text.RNDIS_Device_USBTask
                0x00000000       0x7e src/LUFA/LUFA/Drivers/USB/Class/Device/RNDISClassDevice.o
 .text.RNDIS_Device_IsPacketReceived
                0x00000000       0x26 src/LUFA/LUFA/Drivers/USB/Class/Device/RNDISClassDevice.o
 .text.RNDIS_Device_ReadPacket
                0x00000000       0xb4 src/LUFA/LUFA/Drivers/USB/Class/Device/RNDISClassDevice.o
 .text.RNDIS_Device_SendPacket
                0x00000000       0xd2 src/LUFA/LUFA/Drivers/USB/Class/Device/RNDISClassDevice.o
 .progmem.data.AdapterSupportedOIDList
                0x00000000       0x6c src/LUFA/LUFA/Drivers/USB/Class/Device/RNDISClassDevice.o
 .comment       0x00000000       0x31 src/LUFA/LUFA/Drivers/USB/Class/Device/RNDISClassDevice.o
 .text          0x00000000        0x0 src/LUFA/LUFA/Drivers/USB/Class/Host/AndroidAccessoryClassHost.o
 .data          0x00000000        0x0 src/LUFA/LUFA/Drivers/USB/Class/Host/AndroidAccessoryClassHost.o
 .bss           0x00000000        0x0 src/LUFA/LUFA/Drivers/USB/Class/Host/AndroidAccessoryClassHost.o
 .comment       0x00000000       0x31 src/LUFA/LUFA/Drivers/USB/Class/Host/AndroidAccessoryClassHost.o
 .text          0x00000000        0x0 src/LUFA/LUFA/Drivers/USB/Class/Host/AudioClassHost.o
 .data          0x00000000        0x0 src/LUFA/LUFA/Drivers/USB/Class/Host/AudioClassHost.o
 .bss           0x00000000        0x0 src/LUFA/LUFA/Drivers/USB/Class/Host/AudioClassHost.o
 .comment       0x00000000       0x31 src/LUFA/LUFA/Drivers/USB/Class/Host/AudioClassHost.o
 .text          0x00000000        0x0 src/LUFA/LUFA/Drivers/USB/Class/Host/CDCClassHost.o
 .data          0x00000000        0x0 src/LUFA/LUFA/Drivers/USB/Class/Host/CDCClassHost.o
 .bss           0x00000000        0x0 src/LUFA/LUFA/Drivers/USB/Class/Host/CDCClassHost.o
 .comment       0x00000000       0x31 src/LUFA/LUFA/Drivers/USB/Class/Host/CDCClassHost.o
 .text          0x00000000        0x0 src/LUFA/LUFA/Drivers/USB/Class/Host/HIDClassHost.o
 .data          0x00000000        0x0 src/LUFA/LUFA/Drivers/USB/Class/Host/HIDClassHost.o
 .bss           0x00000000        0x0 src/LUFA/LUFA/Drivers/USB/Class/Host/HIDClassHost.o
 .comment       0x00000000       0x31 src/LUFA/LUFA/Drivers/USB/Class/Host/HIDClassHost.o
 .text          0x00000000        0x0 src/LUFA/LUFA/Drivers/USB/Class/Host/MassStorageClassHost.o
 .data          0x00000000        0x0 src/LUFA/LUFA/Drivers/USB/Class/Host/MassStorageClassHost.o
 .bss           0x00000000        0x0 src/LUFA/LUFA/Drivers/USB/Class/Host/MassStorageClassHost.o
 .comment       0x00000000       0x31 src/LUFA/LUFA/Drivers/USB/Class/Host/MassStorageClassHost.o
 .text          0x00000000        0x0 src/LUFA/LUFA/Drivers/USB/Class/Host/MIDIClassHost.o
 .data          0x00000000        0x0 src/LUFA/LUFA/Drivers/USB/Class/Host/MIDIClassHost.o
 .bss           0x00000000        0x0 src/LUFA/LUFA/Drivers/USB/Class/Host/MIDIClassHost.o
 .comment       0x00000000       0x31 src/LUFA/LUFA/Drivers/USB/Class/Host/MIDIClassHost.o
 .text          0x00000000        0x0 src/LUFA/LUFA/Drivers/USB/Class/Host/PrinterClassHost.o
 .data          0x00000000        0x0 src/LUFA/LUFA/Drivers/USB/Class/Host/PrinterClassHost.o
 .bss           0x00000000        0x0 src/LUFA/LUFA/Drivers/USB/Class/Host/PrinterClassHost.o
 .comment       0x00000000       0x31 src/LUFA/LUFA/Drivers/USB/Class/Host/PrinterClassHost.o
 .text          0x00000000        0x0 src/LUFA/LUFA/Drivers/USB/Class/Host/RNDISClassHost.o
 .data          0x00000000        0x0 src/LUFA/LUFA/Drivers/USB/Class/Host/RNDISClassHost.o
 .bss           0x00000000        0x0 src/LUFA/LUFA/Drivers/USB/Class/Host/RNDISClassHost.o
 .comment       0x00000000       0x31 src/LUFA/LUFA/Drivers/USB/Class/Host/RNDISClassHost.o
 .text          0x00000000        0x0 src/LUFA/LUFA/Drivers/USB/Class/Host/StillImageClassHost.o
 .data          0x00000000        0x0 src/LUFA/LUFA/Drivers/USB/Class/Host/StillImageClassHost.o
 .bss           0x00000000        0x0 src/LUFA/LUFA/Drivers/USB/Class/Host/StillImageClassHost.o
 .comment       0x00000000       0x31 src/LUFA/LUFA/Drivers/USB/Class/Host/StillImageClassHost.o
 .text          0x00000000        0x0 src/LUFA/LUFA/Drivers/USB/Core/AVR8/Device_AVR8.o
 .data          0x00000000        0x0 src/LUFA/LUFA/Drivers/USB/Core/AVR8/Device_AVR8.o
 .bss           0x00000000        0x0 src/LUFA/LUFA/Drivers/USB/Core/AVR8/Device_AVR8.o
 .text.USB_Device_SendRemoteWakeup
                0x00000000       0x2c src/LUFA/LUFA/Drivers/USB/Core/AVR8/Device_AVR8.o
 .comment       0x00000000       0x31 src/LUFA/LUFA/Drivers/USB/Core/AVR8/Device_AVR8.o
 .text          0x00000000        0x0 src/LUFA/LUFA/Drivers/USB/Core/AVR8/EndpointStream_AVR8.o
 .data          0x00000000        0x0 src/LUFA/LUFA/Drivers/USB/Core/AVR8/EndpointStream_AVR8.o
 .bss           0x00000000        0x0 src/LUFA/LUFA/Drivers/USB/Core/AVR8/EndpointStream_AVR8.o
 .text.Endpoint_Discard_Stream
                0x00000000       0x82 src/LUFA/LUFA/Drivers/USB/Core/AVR8/EndpointStream_AVR8.o
 .text.Endpoint_Null_Stream
                0x00000000       0x82 src/LUFA/LUFA/Drivers/USB/Core/AVR8/EndpointStream_AVR8.o
 .text.Endpoint_Write_Stream_LE
                0x00000000       0x9a src/LUFA/LUFA/Drivers/USB/Core/AVR8/EndpointStream_AVR8.o
 .text.Endpoint_Write_Stream_BE
                0x00000000       0xa4 src/LUFA/LUFA/Drivers/USB/Core/AVR8/EndpointStream_AVR8.o
 .text.Endpoint_Read_Stream_LE
                0x00000000       0x9a src/LUFA/LUFA/Drivers/USB/Core/AVR8/EndpointStream_AVR8.o
 .text.Endpoint_Read_Stream_BE
                0x00000000       0xa4 src/LUFA/LUFA/Drivers/USB/Core/AVR8/EndpointStream_AVR8.o
 .text.Endpoint_Write_PStream_LE
                0x00000000       0x9e src/LUFA/LUFA/Drivers/USB/Core/AVR8/EndpointStream_AVR8.o
 .text.Endpoint_Write_PStream_BE
                0x00000000       0xa6 src/LUFA/LUFA/Drivers/USB/Core/AVR8/EndpointStream_AVR8.o
 .text.Endpoint_Write_EStream_LE
                0x00000000       0xa0 src/LUFA/LUFA/Drivers/USB/Core/AVR8/EndpointStream_AVR8.o
 .text.Endpoint_Write_EStream_BE
                0x00000000       0xa8 src/LUFA/LUFA/Drivers/USB/Core/AVR8/EndpointStream_AVR8.o
 .text.Endpoint_Read_EStream_LE
                0x00000000       0xa0 src/LUFA/LUFA/Drivers/USB/Core/AVR8/EndpointStream_AVR8.o
 .text.Endpoint_Read_EStream_BE
                0x00000000       0xa8 src/LUFA/LUFA/Drivers/USB/Core/AVR8/EndpointStream_AVR8.o
 .text.Endpoint_Write_Control_Stream_BE
                0x00000000       0xc8 src/LUFA/LUFA/Drivers/USB/Core/AVR8/EndpointStream_AVR8.o
 .text.Endpoint_Read_Control_Stream_LE
                0x00000000       0x78 src/LUFA/LUFA/Drivers/USB/Core/AVR8/EndpointStream_AVR8.o
 .text.Endpoint_Read_Control_Stream_BE
                0x00000000       0x7a src/LUFA/LUFA/Drivers/USB/Core/AVR8/EndpointStream_AVR8.o
 .text.Endpoint_Write_Control_PStream_LE
                0x00000000       0xba src/LUFA/LUFA/Drivers/USB/Core/AVR8/EndpointStream_AVR8.o
 .text.Endpoint_Write_Control_PStream_BE
                0x00000000       0xc6 src/LUFA/LUFA/Drivers/USB/Core/AVR8/EndpointStream_AVR8.o
 .text.Endpoint_Write_Control_EStream_LE
                0x00000000       0xe6 src/LUFA/LUFA/Drivers/USB/Core/AVR8/EndpointStream_AVR8.o
 .text.Endpoint_Write_Control_EStream_BE
                0x00000000       0xfc src/LUFA/LUFA/Drivers/USB/Core/AVR8/EndpointStream_AVR8.o
 .text.Endpoint_Read_Control_EStream_LE
                0x00000000       0x8c src/LUFA/LUFA/Drivers/USB/Core/AVR8/EndpointStream_AVR8.o
 .text.Endpoint_Read_Control_EStream_BE
                0x00000000       0x8a src/LUFA/LUFA/Drivers/USB/Core/AVR8/EndpointStream_AVR8.o
 .text          0x00000000        0x0 src/LUFA/LUFA/Drivers/USB/Core/AVR8/Endpoint_AVR8.o
 .data          0x00000000        0x0 src/LUFA/LUFA/Drivers/USB/Core/AVR8/Endpoint_AVR8.o
 .bss           0x00000000        0x0 src/LUFA/LUFA/Drivers/USB/Core/AVR8/Endpoint_AVR8.o
 .text.Endpoint_ClearEndpoints
                0x00000000       0x28 src/LUFA/LUFA/Drivers/USB/Core/AVR8/Endpoint_AVR8.o
 .text          0x00000000        0x0 src/LUFA/LUFA/Drivers/USB/Core/AVR8/Host_AVR8.o
 .data          0x00000000        0x0 src/LUFA/LUFA/Drivers/USB/Core/AVR8/Host_AVR8.o
 .bss           0x00000000        0x0 src/LUFA/LUFA/Drivers/USB/Core/AVR8/Host_AVR8.o
 .comment       0x00000000       0x31 src/LUFA/LUFA/Drivers/USB/Core/AVR8/Host_AVR8.o
 .text          0x00000000        0x0 src/LUFA/LUFA/Drivers/USB/Core/AVR8/PipeStream_AVR8.o
 .data          0x00000000        0x0 src/LUFA/LUFA/Drivers/USB/Core/AVR8/PipeStream_AVR8.o
 .bss           0x00000000        0x0 src/LUFA/LUFA/Drivers/USB/Core/AVR8/PipeStream_AVR8.o
 .comment       0x00000000       0x31 src/LUFA/LUFA/Drivers/USB/Core/AVR8/PipeStream_AVR8.o
 .text          0x00000000        0x0 src/LUFA/LUFA/Drivers/USB/Core/AVR8/Pipe_AVR8.o
 .data          0x00000000        0x0 src/LUFA/LUFA/Drivers/USB/Core/AVR8/Pipe_AVR8.o
 .bss           0x00000000        0x0 src/LUFA/LUFA/Drivers/USB/Core/AVR8/Pipe_AVR8.o
 .comment       0x00000000       0x31 src/LUFA/LUFA/Drivers/USB/Core/AVR8/Pipe_AVR8.o
 .text          0x00000000        0x0 src/LUFA/LUFA/Drivers/USB/Core/AVR8/Template/Template_Endpoint_Control_R.o
 .data          0x00000000        0x0 src/LUFA/LUFA/Drivers/USB/Core/AVR8/Template/Template_Endpoint_Control_R.o
 .bss           0x00000000        0x0 src/LUFA/LUFA/Drivers/USB/Core/AVR8/Template/Template_Endpoint_Control_R.o
 .comment       0x00000000       0x31 src/LUFA/LUFA/Drivers/USB/Core/AVR8/Template/Template_Endpoint_Control_R.o
 .text          0x00000000        0x0 src/LUFA/LUFA/Drivers/USB/Core/AVR8/Template/Template_Endpoint_Control_W.o
 .data          0x00000000        0x0 src/LUFA/LUFA/Drivers/USB/Core/AVR8/Template/Template_Endpoint_Control_W.o
 .bss           0x00000000        0x0 src/LUFA/LUFA/Drivers/USB/Core/AVR8/Template/Template_Endpoint_Control_W.o
 .comment       0x00000000       0x31 src/LUFA/LUFA/Drivers/USB/Core/AVR8/Template/Template_Endpoint_Control_W.o
 .text          0x00000000        0x0 src/LUFA/LUFA/Drivers/USB/Core/AVR8/Template/Template_Endpoint_RW.o
 .data          0x00000000        0x0 src/LUFA/LUFA/Drivers/USB/Core/AVR8/Template/Template_Endpoint_RW.o
 .bss           0x00000000        0x0 src/LUFA/LUFA/Drivers/USB/Core/AVR8/Template/Template_Endpoint_RW.o
 .comment       0x00000000       0x31 src/LUFA/LUFA/Drivers/USB/Core/AVR8/Template/Template_Endpoint_RW.o
 .text          0x00000000        0x0 src/LUFA/LUFA/Drivers/USB/Core/AVR8/Template/Template_Pipe_RW.o
 .data          0x00000000        0x0 src/LUFA/LUFA/Drivers/USB/Core/AVR8/Template/Template_Pipe_RW.o
 .bss           0x00000000        0x0 src/LUFA/LUFA/Drivers/USB/Core/AVR8/Template/Template_Pipe_RW.o
 .comment       0x00000000       0x31 src/LUFA/LUFA/Drivers/USB/Core/AVR8/Template/Template_Pipe_RW.o
 .text          0x00000000        0x0 src/LUFA/LUFA/Drivers/USB/Core/AVR8/USBController_AVR8.o
 .data          0x00000000        0x0 src/LUFA/LUFA/Drivers/USB/Core/AVR8/USBController_AVR8.o
 .bss           0x00000000        0x0 src/LUFA/LUFA/Drivers/USB/Core/AVR8/USBController_AVR8.o
 .text.USB_Disable
                0x00000000       0x34 src/LUFA/LUFA/Drivers/USB/Core/AVR8/USBController_AVR8.o
 .text          0x00000000        0x0 src/LUFA/LUFA/Drivers/USB/Core/AVR8/USBInterrupt_AVR8.o
 .data          0x00000000        0x0 src/LUFA/LUFA/Drivers/USB/Core/AVR8/USBInterrupt_AVR8.o
 .bss           0x00000000        0x0 src/LUFA/LUFA/Drivers/USB/Core/AVR8/USBInterrupt_AVR8.o
 .text          0x00000000        0x0 src/LUFA/LUFA/Drivers/USB/Core/ConfigDescriptors.o
 .data          0x00000000        0x0 src/LUFA/LUFA/Drivers/USB/Core/ConfigDescriptors.o
 .bss           0x00000000        0x0 src/LUFA/LUFA/Drivers/USB/Core/ConfigDescriptors.o
 .text.USB_GetNextDescriptor
                0x00000000       0x3c src/LUFA/LUFA/Drivers/USB/Core/ConfigDescriptors.o
 .text.USB_GetNextDescriptorOfType
                0x00000000       0x38 src/LUFA/LUFA/Drivers/USB/Core/ConfigDescriptors.o
 .text.USB_GetNextDescriptorOfTypeBefore
                0x00000000       0x46 src/LUFA/LUFA/Drivers/USB/Core/ConfigDescriptors.o
 .text.USB_GetNextDescriptorOfTypeAfter
                0x00000000       0x3e src/LUFA/LUFA/Drivers/USB/Core/ConfigDescriptors.o
 .text.USB_GetNextDescriptorComp
                0x00000000       0x66 src/LUFA/LUFA/Drivers/USB/Core/ConfigDescriptors.o
 .comment       0x00000000       0x31 src/LUFA/LUFA/Drivers/USB/Core/ConfigDescriptors.o
 .text          0x00000000        0x0 src/LUFA/LUFA/Drivers/USB/Core/DeviceStandardReq.o
 .data          0x00000000        0x0 src/LUFA/LUFA/Drivers/USB/Core/DeviceStandardReq.o
 .bss           0x00000000        0x0 src/LUFA/LUFA/Drivers/USB/Core/DeviceStandardReq.o
 .text          0x00000000        0x0 src/LUFA/LUFA/Drivers/USB/Core/Events.o
 .data          0x00000000        0x0 src/LUFA/LUFA/Drivers/USB/Core/Events.o
 .bss           0x00000000        0x0 src/LUFA/LUFA/Drivers/USB/Core/Events.o
 .text          0x00000000        0x0 src/LUFA/LUFA/Drivers/USB/Core/HostStandardReq.o
 .data          0x00000000        0x0 src/LUFA/LUFA/Drivers/USB/Core/HostStandardReq.o
 .bss           0x00000000        0x0 src/LUFA/LUFA/Drivers/USB/Core/HostStandardReq.o
 .comment       0x00000000       0x31 src/LUFA/LUFA/Drivers/USB/Core/HostStandardReq.o
 .text          0x00000000        0x0 src/LUFA/LUFA/Drivers/USB/Core/USBTask.o
 .data          0x00000000        0x0 src/LUFA/LUFA/Drivers/USB/Core/USBTask.o
 .bss           0x00000000        0x0 src/LUFA/LUFA/Drivers/USB/Core/USBTask.o
 .text          0x00000000        0x0 c:/program files (x86)/atmel/studio/7.0/toolchain/avr8/avr8-gnu-toolchain/bin/../lib/gcc/avr/5.4.0/avr51\libgcc.a(_exit.o)
 .data          0x00000000        0x0 c:/program files (x86)/atmel/studio/7.0/toolchain/avr8/avr8-gnu-toolchain/bin/../lib/gcc/avr/5.4.0/avr51\libgcc.a(_exit.o)
 .bss           0x00000000        0x0 c:/program files (x86)/atmel/studio/7.0/toolchain/avr8/avr8-gnu-toolchain/bin/../lib/gcc/avr/5.4.0/avr51\libgcc.a(_exit.o)
 .text.libgcc.mul
                0x00000000        0x0 c:/program files (x86)/atmel/studio/7.0/toolchain/avr8/avr8-gnu-toolchain/bin/../lib/gcc/avr/5.4.0/avr51\libgcc.a(_exit.o)
 .text.libgcc.div
                0x00000000        0x0 c:/program files (x86)/atmel/studio/7.0/toolchain/avr8/avr8-gnu-toolchain/bin/../lib/gcc/avr/5.4.0/avr51\libgcc.a(_exit.o)
 .text.libgcc   0x00000000        0x0 c:/program files (x86)/atmel/studio/7.0/toolchain/avr8/avr8-gnu-toolchain/bin/../lib/gcc/avr/5.4.0/avr51\libgcc.a(_exit.o)
 .text.libgcc.prologue
                0x00000000        0x0 c:/program files (x86)/atmel/studio/7.0/toolchain/avr8/avr8-gnu-toolchain/bin/../lib/gcc/avr/5.4.0/avr51\libgcc.a(_exit.o)
 .text.libgcc.builtins
                0x00000000        0x0 c:/program files (x86)/atmel/studio/7.0/toolchain/avr8/avr8-gnu-toolchain/bin/../lib/gcc/avr/5.4.0/avr51\libgcc.a(_exit.o)
 .text.libgcc.fmul
                0x00000000        0x0 c:/program files (x86)/atmel/studio/7.0/toolchain/avr8/avr8-gnu-toolchain/bin/../lib/gcc/avr/5.4.0/avr51\libgcc.a(_exit.o)
 .text.libgcc.fixed
                0x00000000        0x0 c:/program files (x86)/atmel/studio/7.0/toolchain/avr8/avr8-gnu-toolchain/bin/../lib/gcc/avr/5.4.0/avr51\libgcc.a(_exit.o)
 .text          0x00000000        0x0 c:/program files (x86)/atmel/studio/7.0/toolchain/avr8/avr8-gnu-toolchain/bin/../lib/gcc/avr/5.4.0/avr51\libgcc.a(_copy_data.o)
 .data          0x00000000        0x0 c:/program files (x86)/atmel/studio/7.0/toolchain/avr8/avr8-gnu-toolchain/bin/../lib/gcc/avr/5.4.0/avr51\libgcc.a(_copy_data.o)
 .bss           0x00000000        0x0 c:/program files (x86)/atmel/studio/7.0/toolchain/avr8/avr8-gnu-toolchain/bin/../lib/gcc/avr/5.4.0/avr51\libgcc.a(_copy_data.o)
 .text.libgcc.mul
                0x00000000        0x0 c:/program files (x86)/atmel/studio/7.0/toolchain/avr8/avr8-gnu-toolchain/bin/../lib/gcc/avr/5.4.0/avr51\libgcc.a(_copy_data.o)
 .text.libgcc.div
                0x00000000        0x0 c:/program files (x86)/atmel/studio/7.0/toolchain/avr8/avr8-gnu-toolchain/bin/../lib/gcc/avr/5.4.0/avr51\libgcc.a(_copy_data.o)
 .text.libgcc   0x00000000        0x0 c:/program files (x86)/atmel/studio/7.0/toolchain/avr8/avr8-gnu-toolchain/bin/../lib/gcc/avr/5.4.0/avr51\libgcc.a(_copy_data.o)
 .text.libgcc.prologue
                0x00000000        0x0 c:/program files (x86)/atmel/studio/7.0/toolchain/avr8/avr8-gnu-toolchain/bin/../lib/gcc/avr/5.4.0/avr51\libgcc.a(_copy_data.o)
 .text.libgcc.builtins
                0x00000000        0x0 c:/program files (x86)/atmel/studio/7.0/toolchain/avr8/avr8-gnu-toolchain/bin/../lib/gcc/avr/5.4.0/avr51\libgcc.a(_copy_data.o)
 .text.libgcc.fmul
                0x00000000        0x0 c:/program files (x86)/atmel/studio/7.0/toolchain/avr8/avr8-gnu-toolchain/bin/../lib/gcc/avr/5.4.0/avr51\libgcc.a(_copy_data.o)
 .text.libgcc.fixed
                0x00000000        0x0 c:/program files (x86)/atmel/studio/7.0/toolchain/avr8/avr8-gnu-toolchain/bin/../lib/gcc/avr/5.4.0/avr51\libgcc.a(_copy_data.o)
 .text          0x00000000        0x0 c:/program files (x86)/atmel/studio/7.0/toolchain/avr8/avr8-gnu-toolchain/bin/../lib/gcc/avr/5.4.0/avr51\libgcc.a(_clear_bss.o)
 .data          0x00000000        0x0 c:/program files (x86)/atmel/studio/7.0/toolchain/avr8/avr8-gnu-toolchain/bin/../lib/gcc/avr/5.4.0/avr51\libgcc.a(_clear_bss.o)
 .bss           0x00000000        0x0 c:/program files (x86)/atmel/studio/7.0/toolchain/avr8/avr8-gnu-toolchain/bin/../lib/gcc/avr/5.4.0/avr51\libgcc.a(_clear_bss.o)
 .text.libgcc.mul
                0x00000000        0x0 c:/program files (x86)/atmel/studio/7.0/toolchain/avr8/avr8-gnu-toolchain/bin/../lib/gcc/avr/5.4.0/avr51\libgcc.a(_clear_bss.o)
 .text.libgcc.div
                0x00000000        0x0 c:/program files (x86)/atmel/studio/7.0/toolchain/avr8/avr8-gnu-toolchain/bin/../lib/gcc/avr/5.4.0/avr51\libgcc.a(_clear_bss.o)
 .text.libgcc   0x00000000        0x0 c:/program files (x86)/atmel/studio/7.0/toolchain/avr8/avr8-gnu-toolchain/bin/../lib/gcc/avr/5.4.0/avr51\libgcc.a(_clear_bss.o)
 .text.libgcc.prologue
                0x00000000        0x0 c:/program files (x86)/atmel/studio/7.0/toolchain/avr8/avr8-gnu-toolchain/bin/../lib/gcc/avr/5.4.0/avr51\libgcc.a(_clear_bss.o)
 .text.libgcc.builtins
                0x00000000        0x0 c:/program files (x86)/atmel/studio/7.0/toolchain/avr8/avr8-gnu-toolchain/bin/../lib/gcc/avr/5.4.0/avr51\libgcc.a(_clear_bss.o)
 .text.libgcc.fmul
                0x00000000        0x0 c:/program files (x86)/atmel/studio/7.0/toolchain/avr8/avr8-gnu-toolchain/bin/../lib/gcc/avr/5.4.0/avr51\libgcc.a(_clear_bss.o)
 .text.libgcc.fixed
                0x00000000        0x0 c:/program files (x86)/atmel/studio/7.0/toolchain/avr8/avr8-gnu-toolchain/bin/../lib/gcc/avr/5.4.0/avr51\libgcc.a(_clear_bss.o)
 .text          0x00000000        0x0 c:/program files (x86)/atmel/studio/7.0/toolchain/avr8/avr8-gnu-toolchain/bin/../lib/gcc/avr/5.4.0/../../../../avr/lib/avr51\libc.a(memcpy_P.o)
 .data          0x00000000        0x0 c:/program files (x86)/atmel/studio/7.0/toolchain/avr8/avr8-gnu-toolchain/bin/../lib/gcc/avr/5.4.0/../../../../avr/lib/avr51\libc.a(memcpy_P.o)
 .bss           0x00000000        0x0 c:/program files (x86)/atmel/studio/7.0/toolchain/avr8/avr8-gnu-toolchain/bin/../lib/gcc/avr/5.4.0/../../../../avr/lib/avr51\libc.a(memcpy_P.o)
 .text.avr-libc
                0x00000000       0x12 c:/program files (x86)/atmel/studio/7.0/toolchain/avr8/avr8-gnu-toolchain/bin/../lib/gcc/avr/5.4.0/../../../../avr/lib/avr51\libc.a(memcpy_P.o)
 .text          0x00000000        0x0 c:/program files (x86)/atmel/studio/7.0/toolchain/avr8/avr8-gnu-toolchain/bin/../lib/gcc/avr/5.4.0/../../../../avr/lib/avr51\libc.a(strlen_P.o)
 .data          0x00000000        0x0 c:/program files (x86)/atmel/studio/7.0/toolchain/avr8/avr8-gnu-toolchain/bin/../lib/gcc/avr/5.4.0/../../../../avr/lib/avr51\libc.a(strlen_P.o)
 .bss           0x00000000        0x0 c:/program files (x86)/atmel/studio/7.0/toolchain/avr8/avr8-gnu-toolchain/bin/../lib/gcc/avr/5.4.0/../../../../avr/lib/avr51\libc.a(strlen_P.o)
 .text.avr-libc
                0x00000000       0x12 c:/program files (x86)/atmel/studio/7.0/toolchain/avr8/avr8-gnu-toolchain/bin/../lib/gcc/avr/5.4.0/../../../../avr/lib/avr51\libc.a(strlen_P.o)
 .text          0x00000000        0x0 c:/program files (x86)/atmel/studio/7.0/toolchain/avr8/avr8-gnu-toolchain/bin/../lib/gcc/avr/5.4.0/../../../../avr/lib/avr51\libc.a(memcmp.o)
 .data          0x00000000        0x0 c:/program files (x86)/atmel/studio/7.0/toolchain/avr8/avr8-gnu-toolchain/bin/../lib/gcc/avr/5.4.0/../../../../avr/lib/avr51\libc.a(memcmp.o)
 .bss           0x00000000        0x0 c:/program files (x86)/atmel/studio/7.0/toolchain/avr8/avr8-gnu-toolchain/bin/../lib/gcc/avr/5.4.0/../../../../avr/lib/avr51\libc.a(memcmp.o)
 .text.avr-libc
                0x00000000       0x1a c:/program files (x86)/atmel/studio/7.0/toolchain/avr8/avr8-gnu-toolchain/bin/../lib/gcc/avr/5.4.0/../../../../avr/lib/avr51\libc.a(memcmp.o)
 .text          0x00000000        0x0 c:/program files (x86)/atmel/studio/7.0/toolchain/avr8/avr8-gnu-toolchain/bin/../lib/gcc/avr/5.4.0/../../../../avr/lib/avr51\libc.a(memcpy.o)
 .data          0x00000000        0x0 c:/program files (x86)/atmel/studio/7.0/toolchain/avr8/avr8-gnu-toolchain/bin/../lib/gcc/avr/5.4.0/../../../../avr/lib/avr51\libc.a(memcpy.o)
 .bss           0x00000000        0x0 c:/program files (x86)/atmel/studio/7.0/toolchain/avr8/avr8-gnu-toolchain/bin/../lib/gcc/avr/5.4.0/../../../../avr/lib/avr51\libc.a(memcpy.o)
 .text.avr-libc
                0x00000000       0x12 c:/program files (x86)/atmel/studio/7.0/toolchain/avr8/avr8-gnu-toolchain/bin/../lib/gcc/avr/5.4.0/../../../../avr/lib/avr51\libc.a(memcpy.o)
 .text          0x00000000        0x0 c:/program files (x86)/atmel/studio/7.0/toolchain/avr8/avr8-gnu-toolchain/bin/../lib/gcc/avr/5.4.0/../../../../avr/lib/avr51\libc.a(memset.o)
 .data          0x00000000        0x0 c:/program files (x86)/atmel/studio/7.0/toolchain/avr8/avr8-gnu-toolchain/bin/../lib/gcc/avr/5.4.0/../../../../avr/lib/avr51\libc.a(memset.o)
 .bss           0x00000000        0x0 c:/program files (x86)/atmel/studio/7.0/toolchain/avr8/avr8-gnu-toolchain/bin/../lib/gcc/avr/5.4.0/../../../../avr/lib/avr51\libc.a(memset.o)
 .text.avr-libc
                0x00000000        0xe c:/program files (x86)/atmel/studio/7.0/toolchain/avr8/avr8-gnu-toolchain/bin/../lib/gcc/avr/5.4.0/../../../../avr/lib/avr51\libc.a(memset.o)
 .text          0x00000000        0x0 C:/Program Files (x86)/Atmel/Studio/7.0/Packs/Atmel/ATmega_DFP/1.7.374/gcc/dev/at90usb1287/avr51\libat90usb1287.a(eerd_byte.o)
 .data          0x00000000        0x0 C:/Program Files (x86)/Atmel/Studio/7.0/Packs/Atmel/ATmega_DFP/1.7.374/gcc/dev/at90usb1287/avr51\libat90usb1287.a(eerd_byte.o)
 .bss           0x00000000        0x0 C:/Program Files (x86)/Atmel/Studio/7.0/Packs/Atmel/ATmega_DFP/1.7.374/gcc/dev/at90usb1287/avr51\libat90usb1287.a(eerd_byte.o)
 .text.avr-libc
                0x00000000       0x10 C:/Program Files (x86)/Atmel/Studio/7.0/Packs/Atmel/ATmega_DFP/1.7.374/gcc/dev/at90usb1287/avr51\libat90usb1287.a(eerd_byte.o)
 .debug_line    0x00000000       0x7a C:/Program Files (x86)/Atmel/Studio/7.0/Packs/Atmel/ATmega_DFP/1.7.374/gcc/dev/at90usb1287/avr51\libat90usb1287.a(eerd_byte.o)
 .debug_info    0x00000000       0x9c C:/Program Files (x86)/Atmel/Studio/7.0/Packs/Atmel/ATmega_DFP/1.7.374/gcc/dev/at90usb1287/avr51\libat90usb1287.a(eerd_byte.o)
 .debug_abbrev  0x00000000       0x14 C:/Program Files (x86)/Atmel/Studio/7.0/Packs/Atmel/ATmega_DFP/1.7.374/gcc/dev/at90usb1287/avr51\libat90usb1287.a(eerd_byte.o)
 .debug_aranges
                0x00000000       0x20 C:/Program Files (x86)/Atmel/Studio/7.0/Packs/Atmel/ATmega_DFP/1.7.374/gcc/dev/at90usb1287/avr51\libat90usb1287.a(eerd_byte.o)
 .text          0x00000000        0x0 C:/Program Files (x86)/Atmel/Studio/7.0/Packs/Atmel/ATmega_DFP/1.7.374/gcc/dev/at90usb1287/avr51\libat90usb1287.a(eeupd_byte.o)
 .data          0x00000000        0x0 C:/Program Files (x86)/Atmel/Studio/7.0/Packs/Atmel/ATmega_DFP/1.7.374/gcc/dev/at90usb1287/avr51\libat90usb1287.a(eeupd_byte.o)
 .bss           0x00000000        0x0 C:/Program Files (x86)/Atmel/Studio/7.0/Packs/Atmel/ATmega_DFP/1.7.374/gcc/dev/at90usb1287/avr51\libat90usb1287.a(eeupd_byte.o)
 .text.avr-libc
                0x00000000       0x24 C:/Program Files (x86)/Atmel/Studio/7.0/Packs/Atmel/ATmega_DFP/1.7.374/gcc/dev/at90usb1287/avr51\libat90usb1287.a(eeupd_byte.o)
 .debug_line    0x00000000       0xb6 C:/Program Files (x86)/Atmel/Studio/7.0/Packs/Atmel/ATmega_DFP/1.7.374/gcc/dev/at90usb1287/avr51\libat90usb1287.a(eeupd_byte.o)
 .debug_info    0x00000000       0x9d C:/Program Files (x86)/Atmel/Studio/7.0/Packs/Atmel/ATmega_DFP/1.7.374/gcc/dev/at90usb1287/avr51\libat90usb1287.a(eeupd_byte.o)
 .debug_abbrev  0x00000000       0x14 C:/Program Files (x86)/Atmel/Studio/7.0/Packs/Atmel/ATmega_DFP/1.7.374/gcc/dev/at90usb1287/avr51\libat90usb1287.a(eeupd_byte.o)
 .debug_aranges
                0x00000000       0x20 C:/Program Files (x86)/Atmel/Studio/7.0/Packs/Atmel/ATmega_DFP/1.7.374/gcc/dev/at90usb1287/avr51\libat90usb1287.a(eeupd_byte.o)

Memory Configuration

Name             Origin             Length             Attributes
text             0x00000000         0x00020000         xr
data             0x00800100         0x00002000         rw !x
eeprom           0x00810000         0x00001000         rw !x
fuse             0x00820000         0x00000003         rw !x
lock             0x00830000         0x00000400         rw !x
signature        0x00840000         0x00000400         rw !x
user_signatures  0x00850000         0x00000400         rw !x
*default*        0x00000000         0xffffffff

Linker script and memory map

Address of section .data set to 0x800100
LOAD C:/Program Files (x86)/Atmel/Studio/7.0/Packs/Atmel/ATmega_DFP/1.7.374/gcc/dev/at90usb1287/avr51/crtat90usb1287.o
LOAD BootloaderAPI.o
LOAD BootloaderAPITable.o
LOAD BootloaderPrinter.o
LOAD Descriptors.o
LOAD src/LUFA/LUFA/Drivers/USB/Class/Common/HIDParser.o
LOAD src/LUFA/LUFA/Drivers/USB/Class/Device/AudioClassDevice.o
LOAD src/LUFA/LUFA/Drivers/USB/Class/Device/CDCClassDevice.o
LOAD src/LUFA/LUFA/Drivers/USB/Class/Device/HIDClassDevice.o
LOAD src/LUFA/LUFA/Drivers/USB/Class/Device/MassStorageClassDevice.o
LOAD src/LUFA/LUFA/Drivers/USB/Class/Device/MIDIClassDevice.o
LOAD src/LUFA/LUFA/Drivers/USB/Class/Device/PrinterClassDevice.o
LOAD src/LUFA/LUFA/Drivers/USB/Class/Device/RNDISClassDevice.o
LOAD src/LUFA/LUFA/Drivers/USB/Class/Host/AndroidAccessoryClassHost.o
LOAD src/LUFA/LUFA/Drivers/USB/Class/Host/AudioClassHost.o
LOAD src/LUFA/LUFA/Drivers/USB/Class/Host/CDCClassHost.o
LOAD src/LUFA/LUFA/Drivers/USB/Class/Host/HIDClassHost.o
LOAD src/LUFA/LUFA/Drivers/USB/Class/Host/MassStorageClassHost.o
LOAD src/LUFA/LUFA/Drivers/USB/Class/Host/MIDIClassHost.o
LOAD src/LUFA/LUFA/Drivers/USB/Class/Host/PrinterClassHost.o
LOAD src/LUFA/LUFA/Drivers/USB/Class/Host/RNDISClassHost.o
LOAD src/LUFA/LUFA/Drivers/USB/Class/Host/StillImageClassHost.o
LOAD src/LUFA/LUFA/Drivers/USB/Core/AVR8/Device_AVR8.o
LOAD src/LUFA/LUFA/Drivers/USB/Core/AVR8/EndpointStream_AVR8.o
LOAD src/LUFA/LUFA/Drivers/USB/Core/AVR8/Endpoint_AVR8.o
LOAD src/LUFA/LUFA/Drivers/USB/Core/AVR8/Host_AVR8.o
LOAD src/LUFA/LUFA/Drivers/USB/Core/AVR8/PipeStream_AVR8.o
LOAD src/LUFA/LUFA/Drivers/USB/Core/AVR8/Pipe_AVR8.o
LOAD src/LUFA/LUFA/Drivers/USB/Core/AVR8/Template/Template_Endpoint_Control_R.o
LOAD src/LUFA/LUFA/Drivers/USB/Core/AVR8/Template/Template_Endpoint_Control_W.o
LOAD src/LUFA/LUFA/Drivers/USB/Core/AVR8/Template/Template_Endpoint_RW.o
LOAD src/LUFA/LUFA/Drivers/USB/Core/AVR8/Template/Template_Pipe_RW.o
LOAD src/LUFA/LUFA/Drivers/USB/Core/AVR8/USBController_AVR8.o
LOAD src/LUFA/LUFA/Drivers/USB/Core/AVR8/USBInterrupt_AVR8.o
LOAD src/LUFA/LUFA/Drivers/USB/Core/ConfigDescriptors.o
LOAD src/LUFA/LUFA/Drivers/USB/Core/DeviceStandardReq.o
LOAD src/LUFA/LUFA/Drivers/USB/Core/Events.o
LOAD src/LUFA/LUFA/Drivers/USB/Core/HostStandardReq.o
LOAD src/LUFA/LUFA/Drivers/USB/Core/USBTask.o
START GROUP
LOAD c:/program files (x86)/atmel/studio/7.0/toolchain/avr8/avr8-gnu-toolchain/bin/../lib/gcc/avr/5.4.0/../../../../avr/lib/avr51\libm.a
END GROUP
Address of section .apitable_jumptable set to 0x1ffe0
Address of section .apitable_signatures set to 0x1fff8
Address of section .apitable_trampolines set to 0x1ffa0
Address of section .text set to 0x1e000
START GROUP
LOAD c:/program files (x86)/atmel/studio/7.0/toolchain/avr8/avr8-gnu-toolchain/bin/../lib/gcc/avr/5.4.0/avr51\libgcc.a
LOAD c:/program files (x86)/atmel/studio/7.0/toolchain/avr8/avr8-gnu-toolchain/bin/../lib/gcc/avr/5.4.0/../../../../avr/lib/avr51\libm.a
LOAD c:/program files (x86)/atmel/studio/7.0/toolchain/avr8/avr8-gnu-toolchain/bin/../lib/gcc/avr/5.4.0/../../../../avr/lib/avr51\libc.a
LOAD C:/Program Files (x86)/Atmel/Studio/7.0/Packs/Atmel/ATmega_DFP/1.7.374/gcc/dev/at90usb1287/avr51\libat90usb1287.a
END GROUP
                0x00000000                __TEXT_REGION_ORIGIN__ = DEFINED (__TEXT_REGION_ORIGIN__)?__TEXT_REGION_ORIGIN__:0x0
                [0x00800100]                __DATA_REGION_ORIGIN__ = DEFINED (__DATA_REGION_ORIGIN__)?__DATA_REGION_ORIGIN__:0x800100
                [0x00020000]                __TEXT_REGION_LENGTH__ = DEFINED (__TEXT_REGION_LENGTH__)?__TEXT_REGION_LENGTH__:0x20000
                [0x00002000]                __DATA_REGION_LENGTH__ = DEFINED (__DATA_REGION_LENGTH__)?__DATA_REGION_LENGTH__:0xff00
                [0x00001000]                __EEPROM_REGION_LENGTH__ = DEFINED (__EEPROM_REGION_LENGTH__)?__EEPROM_REGION_LENGTH__:0x10000
                [0x00000003]                __FUSE_REGION_LENGTH__ = DEFINED (__FUSE_REGION_LENGTH__)?__FUSE_REGION_LENGTH__:0x400
                0x00000400                __LOCK_REGION_LENGTH__ = DEFINED (__LOCK_REGION_LENGTH__)?__LOCK_REGION_LENGTH__:0x400
                0x00000400                __SIGNATURE_REGION_LENGTH__ = DEFINED (__SIGNATURE_REGION_LENGTH__)?__SIGNATURE_REGION_LENGTH__:0x400
                0x00000400                __USER_SIGNATURE_REGION_LENGTH__ = DEFINED (__USER_SIGNATURE_REGION_LENGTH__)?__USER_SIGNATURE_REGION_LENGTH__:0x400

.hash
 *(.hash)

.dynsym
 *(.dynsym)

.dynstr
 *(.dynstr)

.gnu.version
 *(.gnu.version)

.gnu.version_d
 *(.gnu.version_d)

.gnu.version_r
 *(.gnu.version_r)

.rel.init
 *(.rel.init)

.rela.init
 *(.rela.init)

.rel.text
 *(.rel.text)
 *(.rel.text.*)
 *(.rel.gnu.linkonce.t*)

.rela.text
 *(.rela.text)
 *(.rela.text.*)
 *(.rela.gnu.linkonce.t*)

.rel.fini
 *(.rel.fini)

.rela.fini
 *(.rela.fini)

.rel.rodata
 *(.rel.rodata)
 *(.rel.rodata.*)
 *(.rel.gnu.linkonce.r*)

.rela.rodata
 *(.rela.rodata)
 *(.rela.rodata.*)
 *(.rela.gnu.linkonce.r*)

.rel.data
 *(.rel.data)
 *(.rel.data.*)
 *(.rel.gnu.linkonce.d*)

.rela.data
 *(.rela.data)
 *(.rela.data.*)
 *(.rela.gnu.linkonce.d*)

.rel.ctors
 *(.rel.ctors)

.rela.ctors
 *(.rela.ctors)

.rel.dtors
 *(.rel.dtors)

.rela.dtors
 *(.rela.dtors)

.rel.got
 *(.rel.got)

.rela.got
 *(.rela.got)

.rel.bss
 *(.rel.bss)

.rela.bss
 *(.rela.bss)

.rel.plt
 *(.rel.plt)

.rela.plt
 *(.rela.plt)

.text           0x0001e000      0xe42
 *(.vectors)
 .vectors       0x0001e000       0x98 C:/Program Files (x86)/Atmel/Studio/7.0/Packs/Atmel/ATmega_DFP/1.7.374/gcc/dev/at90usb1287/avr51/crtat90usb1287.o
                0x0001e000                __vector_default
                0x0001e000                __vectors
 *(.vectors)
 *(.progmem.gcc*)
                0x0001e098                . = ALIGN (0x2)
                0x0001e098                __trampolines_start = .
 *(.trampolines)
 .trampolines   0x0001e098        0x0 linker stubs
 *(.trampolines*)
                0x0001e098                __trampolines_end = .
 *libprintf_flt.a:*(.progmem.data)
 *libc.a:*(.progmem.data)
 *(.progmem*)
                0x0001e098                . = ALIGN (0x2)
 *(.jumptables)
 *(.jumptables*)
 *(.lowtext)
 *(.lowtext*)
                0x0001e098                __ctors_start = .
 *(.ctors)
                0x0001e098                __ctors_end = .
                0x0001e098                __dtors_start = .
 *(.dtors)
                0x0001e098                __dtors_end = .
 SORT(*)(.ctors)
 SORT(*)(.dtors)
 *(.init0)
 .init0         0x0001e098        0x0 C:/Program Files (x86)/Atmel/Studio/7.0/Packs/Atmel/ATmega_DFP/1.7.374/gcc/dev/at90usb1287/avr51/crtat90usb1287.o
                0x0001e098                __init
 *(.init0)
 *(.init1)
 *(.init1)
 *(.init2)
 .init2         0x0001e098        0xc C:/Program Files (x86)/Atmel/Studio/7.0/Packs/Atmel/ATmega_DFP/1.7.374/gcc/dev/at90usb1287/avr51/crtat90usb1287.o
 *(.init2)
 *(.init3)
 *(.init3)
 *(.init4)
 .init4         0x0001e0a4       0x1a c:/program files (x86)/atmel/studio/7.0/toolchain/avr8/avr8-gnu-toolchain/bin/../lib/gcc/avr/5.4.0/avr51\libgcc.a(_copy_data.o)
                0x0001e0a4                __do_copy_data
 .init4         0x0001e0be       0x10 c:/program files (x86)/atmel/studio/7.0/toolchain/avr8/avr8-gnu-toolchain/bin/../lib/gcc/avr/5.4.0/avr51\libgcc.a(_clear_bss.o)
                0x0001e0be                __do_clear_bss
 *(.init4)
 *(.init5)
 *(.init5)
 *(.init6)
 *(.init6)
 *(.init7)
 *(.init7)
 *(.init8)
 *(.init8)
 *(.init9)
 .init9         0x0001e0ce        0x4 C:/Program Files (x86)/Atmel/Studio/7.0/Packs/Atmel/ATmega_DFP/1.7.374/gcc/dev/at90usb1287/avr51/crtat90usb1287.o
 *(.init9)
 *(.text)
 .text          0x0001e0d2        0x2 C:/Program Files (x86)/Atmel/Studio/7.0/Packs/Atmel/ATmega_DFP/1.7.374/gcc/dev/at90usb1287/avr51/crtat90usb1287.o
                0x0001e0d2                __vector_22
                0x0001e0d2                __vector_28
                0x0001e0d2                __vector_1
                0x0001e0d2                __vector_32
                0x0001e0d2                __vector_34
                0x0001e0d2                __vector_24
                0x0001e0d2                __vector_12
                0x0001e0d2                __bad_interrupt
                0x0001e0d2                __vector_6
                0x0001e0d2                __vector_31
                0x0001e0d2                __vector_35
                0x0001e0d2                __vector_3
                0x0001e0d2                __vector_23
                0x0001e0d2                __vector_30
                0x0001e0d2                __vector_25
                0x0001e0d2                __vector_11
                0x0001e0d2                __vector_13
                0x0001e0d2                __vector_17
                0x0001e0d2                __vector_19
                0x0001e0d2                __vector_7
                0x0001e0d2                __vector_27
                0x0001e0d2                __vector_5
                0x0001e0d2                __vector_33
                0x0001e0d2                __vector_37
                0x0001e0d2                __vector_4
                0x0001e0d2                __vector_9
                0x0001e0d2                __vector_2
                0x0001e0d2                __vector_21
                0x0001e0d2                __vector_15
                0x0001e0d2                __vector_36
                0x0001e0d2                __vector_29
                0x0001e0d2                __vector_8
                0x0001e0d2                __vector_26
                0x0001e0d2                __vector_14
                0x0001e0d2                __vector_16
                0x0001e0d2                __vector_18
                0x0001e0d4                . = ALIGN (0x2)
 *(.text.*)
 .text.BootloaderAPI_ErasePage
                0x0001e0d4       0x28 BootloaderAPI.o
                0x0001e0d4                BootloaderAPI_ErasePage
 .text.BootloaderAPI_WritePage
                0x0001e0fc       0x28 BootloaderAPI.o
                0x0001e0fc                BootloaderAPI_WritePage
 .text.BootloaderAPI_FillWord
                0x0001e124       0x1e BootloaderAPI.o
                0x0001e124                BootloaderAPI_FillWord
 .text.BootloaderAPI_ReadSignature
                0x0001e142        0xc BootloaderAPI.o
                0x0001e142                BootloaderAPI_ReadSignature
 .text.BootloaderAPI_ReadFuse
                0x0001e14e        0xc BootloaderAPI.o
                0x0001e14e                BootloaderAPI_ReadFuse
 .text.BootloaderAPI_ReadLock
                0x0001e15a        0xe BootloaderAPI.o
                0x0001e15a                BootloaderAPI_ReadLock
 .text.BootloaderAPI_WriteLock
                0x0001e168       0x1c BootloaderAPI.o
                0x0001e168                BootloaderAPI_WriteLock
 .text.FlushPageIfRequired.part.2
                0x0001e184       0x56 BootloaderPrinter.o
 .text.startup.main
                0x0001e1da      0x2fe BootloaderPrinter.o
                0x0001e1da                main
 .text.__vector_20
                0x0001e4d8       0x14 BootloaderPrinter.o
                0x0001e4d8                __vector_20
 .text.EVENT_USB_Device_Connect
                0x0001e4ec        0x2 BootloaderPrinter.o
                0x0001e4ec                EVENT_USB_Device_Connect
 .text.EVENT_USB_Device_Disconnect
                0x0001e4ee        0x2 BootloaderPrinter.o
                0x0001e4ee                EVENT_USB_Device_Disconnect
 .text.EVENT_USB_Device_ConfigurationChanged
                0x0001e4f0        0xc BootloaderPrinter.o
                0x0001e4f0                EVENT_USB_Device_ConfigurationChanged
 .text.EVENT_USB_Device_ControlRequest
                0x0001e4fc        0x6 BootloaderPrinter.o
                0x0001e4fc                EVENT_USB_Device_ControlRequest
 .text.CALLBACK_USB_GetDescriptor
                0x0001e502       0x5c Descriptors.o
                0x0001e502                CALLBACK_USB_GetDescriptor
 .text.PRNT_Device_ConfigureEndpoints
                0x0001e55e       0x34 src/LUFA/LUFA/Drivers/USB/Class/Device/PrinterClassDevice.o
                0x0001e55e                PRNT_Device_ConfigureEndpoints
 .text.PRNT_Device_Flush
                0x0001e592       0x46 src/LUFA/LUFA/Drivers/USB/Class/Device/PrinterClassDevice.o
                0x0001e592                PRNT_Device_Flush
 .text.PRNT_Device_USBTask
                0x0001e5d8       0x98 src/LUFA/LUFA/Drivers/USB/Class/Device/PrinterClassDevice.o
                0x0001e5d8                PRNT_Device_USBTask
 .text.PRNT_Device_BytesReceived
                0x0001e670       0x40 src/LUFA/LUFA/Drivers/USB/Class/Device/PrinterClassDevice.o
                0x0001e670                PRNT_Device_BytesReceived
 .text.PRNT_Device_ReceiveByte
                0x0001e6b0       0x50 src/LUFA/LUFA/Drivers/USB/Class/Device/PrinterClassDevice.o
                0x0001e6b0                PRNT_Device_ReceiveByte
 .text.PRNT_Device_Event_Stub
                0x0001e700        0x2 src/LUFA/LUFA/Drivers/USB/Class/Device/PrinterClassDevice.o
                0x0001e700                EVENT_PRNT_Device_SoftReset
                0x0001e700                PRNT_Device_Event_Stub
 .text.PRNT_Device_ProcessControlRequest
                0x0001e702       0xce src/LUFA/LUFA/Drivers/USB/Class/Device/PrinterClassDevice.o
                0x0001e702                PRNT_Device_ProcessControlRequest
 .text.Endpoint_Write_Control_Stream_LE
                0x0001e7d0       0xb4 src/LUFA/LUFA/Drivers/USB/Core/AVR8/EndpointStream_AVR8.o
                0x0001e7d0                Endpoint_Write_Control_Stream_LE
 .text.Endpoint_ConfigureEndpoint_Prv
                0x0001e884       0x28 src/LUFA/LUFA/Drivers/USB/Core/AVR8/Endpoint_AVR8.o
                0x0001e884                Endpoint_ConfigureEndpoint_Prv
 .text.Endpoint_ConfigureEndpointTable
                0x0001e8ac       0x7a src/LUFA/LUFA/Drivers/USB/Core/AVR8/Endpoint_AVR8.o
                0x0001e8ac                Endpoint_ConfigureEndpointTable
 .text.Endpoint_ClearStatusStage
                0x0001e926       0x3a src/LUFA/LUFA/Drivers/USB/Core/AVR8/Endpoint_AVR8.o
                0x0001e926                Endpoint_ClearStatusStage
 .text.Endpoint_WaitUntilReady
                0x0001e960       0x64 src/LUFA/LUFA/Drivers/USB/Core/AVR8/Endpoint_AVR8.o
                0x0001e960                Endpoint_WaitUntilReady
 .text.USB_ResetInterface
                0x0001e9c4       0x80 src/LUFA/LUFA/Drivers/USB/Core/AVR8/USBController_AVR8.o
                0x0001e9c4                USB_ResetInterface
 .text.USB_Init
                0x0001ea44       0x1c src/LUFA/LUFA/Drivers/USB/Core/AVR8/USBController_AVR8.o
                0x0001ea44                USB_Init
 .text.USB_INT_DisableAllInterrupts
                0x0001ea60       0x10 src/LUFA/LUFA/Drivers/USB/Core/AVR8/USBInterrupt_AVR8.o
                0x0001ea60                USB_INT_DisableAllInterrupts
 .text.USB_INT_ClearAllInterrupts
                0x0001ea70        0xa src/LUFA/LUFA/Drivers/USB/Core/AVR8/USBInterrupt_AVR8.o
                0x0001ea70                USB_INT_ClearAllInterrupts
 .text.__vector_10
                0x0001ea7a      0x16e src/LUFA/LUFA/Drivers/USB/Core/AVR8/USBInterrupt_AVR8.o
                0x0001ea7a                __vector_10
 .text.USB_Device_ProcessControlRequest
                0x0001ebe8      0x222 src/LUFA/LUFA/Drivers/USB/Core/DeviceStandardReq.o
                0x0001ebe8                USB_Device_ProcessControlRequest
 .text.USB_Event_Stub
                0x0001ee0a        0x2 src/LUFA/LUFA/Drivers/USB/Core/Events.o
                0x0001ee0a                USB_Event_Stub
                0x0001ee0a                EVENT_USB_Device_Suspend
                0x0001ee0a                EVENT_USB_Device_StartOfFrame
                0x0001ee0a                EVENT_USB_Device_Reset
                0x0001ee0a                EVENT_USB_Device_WakeUp
 .text.USB_USBTask
                0x0001ee0c       0x32 src/LUFA/LUFA/Drivers/USB/Core/USBTask.o
                0x0001ee0c                USB_USBTask
                0x0001ee3e                . = ALIGN (0x2)
 *(.fini9)
 .fini9         0x0001ee3e        0x0 c:/program files (x86)/atmel/studio/7.0/toolchain/avr8/avr8-gnu-toolchain/bin/../lib/gcc/avr/5.4.0/avr51\libgcc.a(_exit.o)
                0x0001ee3e                _exit
                0x0001ee3e                exit
 *(.fini9)
 *(.fini8)
 *(.fini8)
 *(.fini7)
 *(.fini7)
 *(.fini6)
 *(.fini6)
 *(.fini5)
 *(.fini5)
 *(.fini4)
 *(.fini4)
 *(.fini3)
 *(.fini3)
 *(.fini2)
 *(.fini2)
 *(.fini1)
 *(.fini1)
 *(.fini0)
 .fini0         0x0001ee3e        0x4 c:/program files (x86)/atmel/studio/7.0/toolchain/avr8/avr8-gnu-toolchain/bin/../lib/gcc/avr/5.4.0/avr51\libgcc.a(_exit.o)
 *(.fini0)
                0x0001ee42                _etext = .

.data           0x00800100       0xd6 load address 0x0001ee42
                0x00800100                PROVIDE (__data_start, .)
 *(.data)
 *(.data*)
 .data.RunBootloader
                0x00800100        0x1 BootloaderPrinter.o
 .data.TextOnly_Printer_Interface
                0x00800101        0xf BootloaderPrinter.o
                0x00800101                TextOnly_Printer_Interface
 *(.gnu.linkonce.d*)
 *(.rodata)
 *(.rodata*)
 .rodata.str1.1
                0x00800110       0x3b BootloaderPrinter.o
 .rodata.CSWTCH.2
                0x0080014b        0x3 Descriptors.o
 .rodata.CSWTCH.1
                0x0080014e        0x6 Descriptors.o
 .rodata.ProductString
                0x00800154       0x32 Descriptors.o
                0x00800154                ProductString
 .rodata.ManufacturerString
                0x00800186       0x1a Descriptors.o
                0x00800186                ManufacturerString
 .rodata.LanguageString
                0x008001a0        0x4 Descriptors.o
                0x008001a0                LanguageString
 .rodata.ConfigurationDescriptor
                0x008001a4       0x20 Descriptors.o
                0x008001a4                ConfigurationDescriptor
 .rodata.DeviceDescriptor
                0x008001c4       0x12 Descriptors.o
                0x008001c4                DeviceDescriptor
 *(.gnu.linkonce.r*)
                0x008001d6                . = ALIGN (0x2)
                0x008001d6                _edata = .
                0x008001d6                PROVIDE (__data_end, .)

.bss            0x008001d6       0x1e
                0x008001d6                PROVIDE (__bss_start, .)
 *(.bss)
 *(.bss*)
 .bss.PageDirty
                0x008001d6        0x1 BootloaderPrinter.o
 *(COMMON)
 COMMON         0x008001d7       0x13 BootloaderPrinter.o
                0x008001d7                HEXParser
 COMMON         0x008001ea        0x1 src/LUFA/LUFA/Drivers/USB/Core/DeviceStandardReq.o
                0x008001ea                USB_Device_ConfigurationNumber
 COMMON         0x008001eb        0x9 src/LUFA/LUFA/Drivers/USB/Core/USBTask.o
                0x008001eb                USB_IsInitialized
                0x008001ec                USB_ControlRequest
                0x008001f4                PROVIDE (__bss_end, .)
                0x0001ee42                __data_load_start = LOADADDR (.data)
                0x0001ef18                __data_load_end = (__data_load_start + SIZEOF (.data))

.noinit         0x008001f4        0x2
                [!provide]                PROVIDE (__noinit_start, .)
 *(.noinit*)
 .noinit        0x008001f4        0x2 BootloaderPrinter.o
                0x008001f4                MagicBootKey
                [!provide]                PROVIDE (__noinit_end, .)
                0x008001f6                _end = .
                [!provide]                PROVIDE (__heap_start, .)

.eeprom         0x00810000        0x0
 *(.eeprom*)
                0x00810000                __eeprom_end = .

.fuse
 *(.fuse)
 *(.lfuse)
 *(.hfuse)
 *(.efuse)

.lock
 *(.lock*)

.signature
 *(.signature*)

.user_signatures
 *(.user_signatures*)

.stab
 *(.stab)

.stabstr
 *(.stabstr)

.stab.excl
 *(.stab.excl)

.stab.exclstr
 *(.stab.exclstr)

.stab.index
 *(.stab.index)

.stab.indexstr
 *(.stab.indexstr)

.comment        0x00000000       0x30
 *(.comment)
 .comment       0x00000000       0x30 BootloaderAPI.o
                                 0x31 (size before relaxing)
 .comment       0x00000030       0x31 BootloaderPrinter.o
 .comment       0x00000030       0x31 Descriptors.o
 .comment       0x00000030       0x31 src/LUFA/LUFA/Drivers/USB/Class/Device/PrinterClassDevice.o
 .comment       0x00000030       0x31 src/LUFA/LUFA/Drivers/USB/Core/AVR8/EndpointStream_AVR8.o
 .comment       0x00000030       0x31 src/LUFA/LUFA/Drivers/USB/Core/AVR8/Endpoint_AVR8.o
 .comment       0x00000030       0x31 src/LUFA/LUFA/Drivers/USB/Core/AVR8/USBController_AVR8.o
 .comment       0x00000030       0x31 src/LUFA/LUFA/Drivers/USB/Core/AVR8/USBInterrupt_AVR8.o
 .comment       0x00000030       0x31 src/LUFA/LUFA/Drivers/USB/Core/DeviceStandardReq.o
 .comment       0x00000030       0x31 src/LUFA/LUFA/Drivers/USB/Core/Events.o
 .comment       0x00000030       0x31 src/LUFA/LUFA/Drivers/USB/Core/USBTask.o

.note.gnu.avr.deviceinfo
                0x00000000       0x40
 .note.gnu.avr.deviceinfo
                0x00000000       0x40 C:/Program Files (x86)/Atmel/Studio/7.0/Packs/Atmel/ATmega_DFP/1.7.374/gcc/dev/at90usb1287/avr51/crtat90usb1287.o

.note.gnu.build-id
 *(.note.gnu.build-id)

.debug
 *(.debug)

.line
 *(.line)

.debug_srcinfo
 *(.debug_srcinfo)

.debug_sfnames
 *(.debug_sfnames)

.debug_aranges  0x00000000       0x28
 *(.debug_aranges)
 .debug_aranges
                0x00000000       0x28 BootloaderAPITable.o

.debug_pubnames
 *(.debug_pubnames)

.debug_info     0x00000000      0xc10
 *(.debug_info .gnu.linkonce.wi.*)
 .debug_info    0x00000000      0xb70 C:/Program Files (x86)/Atmel/Studio/7.0/Packs/Atmel/ATmega_DFP/1.7.374/gcc/dev/at90usb1287/avr51/crtat90usb1287.o
 .debug_info    0x00000b70       0xa0 BootloaderAPITable.o

.debug_abbrev   0x00000000      0xae4
 *(.debug_abbrev)
 .debug_abbrev  0x00000000      0xad2 C:/Program Files (x86)/Atmel/Studio/7.0/Packs/Atmel/ATmega_DFP/1.7.374/gcc/dev/at90usb1287/avr51/crtat90usb1287.o
 .debug_abbrev  0x00000ad2       0x12 BootloaderAPITable.o

.debug_line     0x00000000      0x258
 *(.debug_line .debug_line.* .debug_line_end)
 .debug_line    0x00000000      0x17c C:/Program Files (x86)/Atmel/Studio/7.0/Packs/Atmel/ATmega_DFP/1.7.374/gcc/dev/at90usb1287/avr51/crtat90usb1287.o
 .debug_line    0x0000017c       0xdc BootloaderAPITable.o

.debug_frame
 *(.debug_frame)

.debug_str      0x00000000      0x3f7
 *(.debug_str)
 .debug_str     0x00000000      0x3f7 C:/Program Files (x86)/Atmel/Studio/7.0/Packs/Atmel/ATmega_DFP/1.7.374/gcc/dev/at90usb1287/avr51/crtat90usb1287.o

.debug_loc
 *(.debug_loc)

.debug_macinfo
 *(.debug_macinfo)

.debug_weaknames
 *(.debug_weaknames)

.debug_funcnames
 *(.debug_funcnames)

.debug_typenames
 *(.debug_typenames)

.debug_varnames
 *(.debug_varnames)

.debug_pubtypes
 *(.debug_pubtypes)

.debug_ranges   0x00000000       0x20
 *(.debug_ranges)
 .debug_ranges  0x00000000       0x20 BootloaderAPITable.o

.debug_macro
 *(.debug_macro)
OUTPUT(at90bootloaderprinter.elf elf32-avr)
LOAD linker stubs

.apitable_jumptable
                0x0001ffe0       0x18
 .apitable_jumptable
                0x0001ffe0       0x18 BootloaderAPITable.o
                0x0001ffe0                BootloaderAPI_JumpTable

.apitable_signatures
                0x0001fff8        0x8
 .apitable_signatures
                0x0001fff8        0x8 BootloaderAPITable.o
                0x0001fff8                BootloaderAPI_Signatures

.apitable_trampolines
                0x0001ffa0       0x26
 .apitable_trampolines
                0x0001ffa0       0x26 BootloaderAPITable.o
                0x0001ffa0                BootloaderAPI_Trampolines
